ASxxxx Linker V02.00 + NoICE + sdld,  page 1.
Hexadecimal

Area                               Addr   Size   Decimal Bytes (Attributes)
--------------------------------   ----   ----   ------- ----- ------------
CABS                               0000   0000 =      0. bytes (ABS,CON,CODE)

      Value  Global                              Global Defined In Module
      -----  ---------------------------------   ------------------------
       0C:  FFFFFF00  s_BSEG                           
       0C:  0000  l_BIT_BANK                       
       0C:  0000  l_BSEG                           
       0C:  0000  l_BSEG_BYTES                     
       0C:  0000  l_CABS                           
       0C:  0000  l_GSINIT1                        
       0C:  0000  l_GSINIT5                        
       0C:  0000  l_IABS                           
       0C:  0000  l_ISEG                           
       0C:  0000  l_PSEG                           
       0C:  0000  l_REG_BANK_1                     
       0C:  0000  l_REG_BANK_2                     
       0C:  0000  l_REG_BANK_3                     
       0C:  0000  l_RSEG                           
       0C:  0000  l_RSEG0                          
       0C:  0000  l_RSEG1                          
       0C:  0000  l_XABS                           
       0C:  0000  l_XINIT                          
       0C:  0000  l_XISEG                          
       0C:  0000  l__CODE                          
       0C:  0000  s_BSEG_BYTES                     
       0C:  0000  s_CABS                           
       0C:  0000  s_DSEG                           
       0C:  0000  s_HOME                           
       0C:  0000  s_IABS                           
       0C:  0000  s_ISEG                           
       0C:  0000  s_REG_BANK_0                     
       0C:  0000  s_RSEG                           
       0C:  0000  s_RSEG0                          
       0C:  0000  s_RSEG1                          
       0C:  0000  s_XABS                           
       0C:  0003  l_GSFINAL                        
       0C:  0003  l_GSINIT0                        
       0C:  0004  l_OSEG                           
       0C:  0008  l_HOME                           
       0C:  0008  l_REG_BANK_0                     
       0C:  0008  s_GSINIT0                        
       0C:  0008  s_REG_BANK_1                     
       0C:  000A  l_GSINIT2                        
       0C:  000B  s_GSINIT1                        
       0C:  000B  s_GSINIT2                        
       0C:  0010  s_REG_BANK_2                     
       0C:  0015  s_GSINIT3                        
       0C:  0016  l_CONST                          
       0C:  0018  s_BIT_BANK                       
       0C:  0018  s_REG_BANK_3                     
       0C:  001B  l_GSINIT                         
       0C:  0020  s__CODE                          
       0C:  0022  l_GSINIT3                        
       0C:  002A  l_GSINIT4                        
ASxxxx Linker V02.00 + NoICE + sdld,  page 2.
Hexadecimal

Area                               Addr   Size   Decimal Bytes (Attributes)
--------------------------------   ----   ----   ------- ----- ------------
CABS                               0000   0000 =      0. bytes (ABS,CON,CODE)

      Value  Global                              Global Defined In Module
      -----  ---------------------------------   ------------------------
       0C:  0037  s_GSINIT4                        
       0C:  0043  s_OSEG                           
       0C:  0047  s_SSEG                           
       0C:  0061  s_GSINIT                         
       0C:  0061  s_GSINIT5                        
       0C:  007C  s_GSFINAL                        
       0C:  007F  s_CSEG                           
       0C:  0080  l_DSEG                           
       0C:  00B9  l_SSEG                           
       0C:  00FA  l_XSEG                           
       0C:  0100  l_IRAM                           
       0C:  0FA9  l_CSEG                           
       0C:  1000  s_PSEG                           
       0C:  1000  s_XSEG                           
       0C:  1028  s_CONST                          
       0C:  103E  s_XINIT                          
       0C:  10FA  s_XISEG                          

ASxxxx Linker V02.00 + NoICE + sdld,  page 3.
Hexadecimal

Area                               Addr   Size   Decimal Bytes (Attributes)
--------------------------------   ----   ----   ------- ----- ------------
XABS                               0000   0000 =      0. bytes (ABS,CON,XDATA)

      Value  Global                              Global Defined In Module
      -----  ---------------------------------   ------------------------
ASxxxx Linker V02.00 + NoICE + sdld,  page 4.
Hexadecimal

Area                               Addr   Size   Decimal Bytes (Attributes)
--------------------------------   ----   ----   ------- ----- ------------
IABS                               0000   0000 =      0. bytes (ABS,CON)

      Value  Global                              Global Defined In Module
      -----  ---------------------------------   ------------------------
ASxxxx Linker V02.00 + NoICE + sdld,  page 5.
Hexadecimal

Area                               Addr   Size   Decimal Bytes (Attributes)
--------------------------------   ----   ----   ------- ----- ------------
RSEG1                              0000   0000 =      0. bytes (ABS,CON)

      Value  Global                              Global Defined In Module
      -----  ---------------------------------   ------------------------
ASxxxx Linker V02.00 + NoICE + sdld,  page 6.
Hexadecimal

Area                               Addr   Size   Decimal Bytes (Attributes)
--------------------------------   ----   ----   ------- ----- ------------
RSEG0                              0000   0000 =      0. bytes (ABS,CON)

      Value  Global                              Global Defined In Module
      -----  ---------------------------------   ------------------------
ASxxxx Linker V02.00 + NoICE + sdld,  page 7.
Hexadecimal

Area                               Addr   Size   Decimal Bytes (Attributes)
--------------------------------   ----   ----   ------- ----- ------------
RSEG                               0000   0000 =      0. bytes (ABS,CON)

      Value  Global                              Global Defined In Module
      -----  ---------------------------------   ------------------------
ASxxxx Linker V02.00 + NoICE + sdld,  page 8.
Hexadecimal

Area                               Addr   Size   Decimal Bytes (Attributes)
--------------------------------   ----   ----   ------- ----- ------------
.	.ABS.                            0000   0000 =      0. bytes (ABS,CON)

      Value  Global                              Global Defined In Module
      -----  ---------------------------------   ------------------------
            0000  .__.ABS.                         
            0080  G$P0$0$0                         
            0080  G$P0_0$0$0                       
            0080  _P0                              
            0080  _P0_0                            
            0081  G$P0_1$0$0                       
            0081  G$SP$0$0                         
            0081  _P0_1                            
            0081  _SP                              
            0082  G$DP0L$0$0                       
            0082  G$DPL$0$0                        
            0082  G$P0_2$0$0                       
            0082  _DP0L                            
            0082  _DPL                             
            0082  _P0_2                            
            0083  G$DP0H$0$0                       
            0083  G$DPH$0$0                        
            0083  G$P0_3$0$0                       
            0083  _DP0H                            
            0083  _DPH                             
            0083  _P0_3                            
            0084  G$P0_4$0$0                       
            0084  _P0_4                            
            0085  G$P0_5$0$0                       
            0085  _P0_5                            
            0086  G$P0_6$0$0                       
            0086  _P0_6                            
            0087  G$P0_7$0$0                       
            0087  G$PCON$0$0                       
            0087  _P0_7                            
            0087  _PCON                            
            0088  G$IT0$0$0                        
            0088  G$TCON$0$0                       
            0088  _IT0                             
            0088  _TCON                            
            0089  G$IE0$0$0                        
            0089  G$TMOD$0$0                       
            0089  _IE0                             
            0089  _TMOD                            
            008A  G$IT1$0$0                        
            008A  G$TL0$0$0                        
            008A  _IT1                             
            008A  _TL0                             
            008B  G$IE1$0$0                        
            008B  G$TL1$0$0                        
            008B  _IE1                             
            008B  _TL1                             
            008C  G$TH0$0$0                        
            008C  G$TR0$0$0                        
            008C  _TH0                             
ASxxxx Linker V02.00 + NoICE + sdld,  page 9.
Hexadecimal

Area                               Addr   Size   Decimal Bytes (Attributes)
--------------------------------   ----   ----   ------- ----- ------------
.	.ABS.                            0000   0000 =      0. bytes (ABS,CON)

      Value  Global                              Global Defined In Module
      -----  ---------------------------------   ------------------------
            008C  _TR0                             
            008D  G$TF0$0$0                        
            008D  G$TH1$0$0                        
            008D  _TF0                             
            008D  _TH1                             
            008E  G$TR1$0$0                        
            008E  _TR1                             
            008F  G$TF1$0$0                        
            008F  _TF1                             
            0090  G$P1$0$0                         
            0090  G$P1_0$0$0                       
            0090  _P1                              
            0090  _P1_0                            
            0091  G$P1_1$0$0                       
            0091  _P1_1                            
            0092  G$P1_2$0$0                       
            0092  _P1_2                            
            0093  G$P1_3$0$0                       
            0093  _P1_3                            
            0094  G$P1_4$0$0                       
            0094  _P1_4                            
            0095  G$P1_5$0$0                       
            0095  _P1_5                            
            0096  G$P1_6$0$0                       
            0096  _P1_6                            
            0097  G$P1_7$0$0                       
            0097  _P1_7                            
            0098  G$RI$0$0                         
            0098  G$SCON$0$0                       
            0098  _RI                              
            0098  _SCON                            
            0099  G$SBUF$0$0                       
            0099  G$SBUF0$0$0                      
            0099  G$TI$0$0                         
            0099  _SBUF                            
            0099  _SBUF0                           
            0099  _TI                              
            009A  G$RB8$0$0                        
            009A  _RB8                             
            009B  G$TB8$0$0                        
            009B  _TB8                             
            009C  G$REN$0$0                        
            009C  _REN                             
            009D  G$SM2$0$0                        
            009D  _SM2                             
            009E  G$SM1$0$0                        
            009E  _SM1                             
            009F  G$SM0$0$0                        
            009F  _SM0                             
            00A0  G$P2$0$0                         
            00A0  G$P2_0$0$0                       
ASxxxx Linker V02.00 + NoICE + sdld,  page 10.
Hexadecimal

Area                               Addr   Size   Decimal Bytes (Attributes)
--------------------------------   ----   ----   ------- ----- ------------
.	.ABS.                            0000   0000 =      0. bytes (ABS,CON)

      Value  Global                              Global Defined In Module
      -----  ---------------------------------   ------------------------
            00A0  _P2                              
            00A0  _P2_0                            
            00A0  __XPAGE                          
            00A1  G$P2_1$0$0                       
            00A1  _P2_1                            
            00A2  G$P2_2$0$0                       
            00A2  _P2_2                            
            00A3  G$P2_3$0$0                       
            00A3  _P2_3                            
            00A4  G$P2_4$0$0                       
            00A4  _P2_4                            
            00A5  G$P2_5$0$0                       
            00A5  _P2_5                            
            00A6  G$P2_6$0$0                       
            00A6  _P2_6                            
            00A7  G$P2_7$0$0                       
            00A7  _P2_7                            
            00A8  G$EX0$0$0                        
            00A8  G$IE$0$0                         
            00A8  _EX0                             
            00A8  _IE                              
            00A9  G$ET0$0$0                        
            00A9  _ET0                             
            00AA  G$EX1$0$0                        
            00AA  _EX1                             
            00AB  G$ET1$0$0                        
            00AB  _ET1                             
            00AC  G$ES$0$0                         
            00AC  _ES                              
            00AF  G$EA$0$0                         
            00AF  _EA                              
            00B0  G$P3$0$0                         
            00B0  G$P3_0$0$0                       
            00B0  G$RXD$0$0                        
            00B0  G$RXD0$0$0                       
            00B0  _P3                              
            00B0  _P3_0                            
            00B0  _RXD                             
            00B0  _RXD0                            
            00B1  G$P3_1$0$0                       
            00B1  G$TXD$0$0                        
            00B1  G$TXD0$0$0                       
            00B1  _P3_1                            
            00B1  _TXD                             
            00B1  _TXD0                            
            00B2  G$INT0$0$0                       
            00B2  G$P3_2$0$0                       
            00B2  _INT0                            
            00B2  _P3_2                            
            00B3  G$INT1$0$0                       
            00B3  G$P3_3$0$0                       
ASxxxx Linker V02.00 + NoICE + sdld,  page 11.
Hexadecimal

Area                               Addr   Size   Decimal Bytes (Attributes)
--------------------------------   ----   ----   ------- ----- ------------
.	.ABS.                            0000   0000 =      0. bytes (ABS,CON)

      Value  Global                              Global Defined In Module
      -----  ---------------------------------   ------------------------
            00B3  _INT1                            
            00B3  _P3_3                            
            00B4  G$P3_4$0$0                       
            00B4  G$T0$0$0                         
            00B4  _P3_4                            
            00B4  _T0                              
            00B5  G$P3_5$0$0                       
            00B5  G$T1$0$0                         
            00B5  _P3_5                            
            00B5  _T1                              
            00B6  G$P3_6$0$0                       
            00B6  G$WR$0$0                         
            00B6  _P3_6                            
            00B6  _WR                              
            00B7  G$P3_7$0$0                       
            00B7  G$RD$0$0                         
            00B7  _P3_7                            
            00B7  _RD                              
            00B8  G$IP$0$0                         
            00B8  G$PX0$0$0                        
            00B8  _IP                              
            00B8  _PX0                             
            00B9  G$PT0$0$0                        
            00B9  _PT0                             
            00BA  G$PX1$0$0                        
            00BA  _PX1                             
            00BB  G$PT1$0$0                        
            00BB  _PT1                             
            00BC  G$PS$0$0                         
            00BC  _PS                              
            00D0  G$P$0$0                          
            00D0  G$PSW$0$0                        
            00D0  _P                               
            00D0  _PSW                             
            00D1  G$F1$0$0                         
            00D1  _F1                              
            00D2  G$OV$0$0                         
            00D2  _OV                              
            00D3  G$RS0$0$0                        
            00D3  _RS0                             
            00D4  G$RS1$0$0                        
            00D4  _RS1                             
            00D5  G$F0$0$0                         
            00D5  _F0                              
            00D6  G$AC$0$0                         
            00D6  _AC                              
            00D7  G$CY$0$0                         
            00D7  _CY                              
            00E0  G$ACC$0$0                        
            00E0  _ACC                             
            00F0  G$B$0$0                          
ASxxxx Linker V02.00 + NoICE + sdld,  page 12.
Hexadecimal

Area                               Addr   Size   Decimal Bytes (Attributes)
--------------------------------   ----   ----   ------- ----- ------------
.	.ABS.                            0000   0000 =      0. bytes (ABS,CON)

      Value  Global                              Global Defined In Module
      -----  ---------------------------------   ------------------------
            00F0  G$BREG_F0$0$0                    
            00F0  _B                               
            00F0  _BREG_F0                         
            00F1  G$BREG_F1$0$0                    
            00F1  _BREG_F1                         
            00F2  G$BREG_F2$0$0                    
            00F2  _BREG_F2                         
            00F3  G$BREG_F3$0$0                    
            00F3  _BREG_F3                         
            00F4  G$BREG_F4$0$0                    
            00F4  _BREG_F4                         
            00F5  G$BREG_F5$0$0                    
            00F5  _BREG_F5                         
            00F5  _B_5                             
            00F6  G$BREG_F6$0$0                    
            00F6  _BREG_F6                         
            00F6  _B_6                             
            00F7  G$BREG_F7$0$0                    
            00F7  _BREG_F7                         
            00F7  _B_7                             

ASxxxx Linker V02.00 + NoICE + sdld,  page 13.
Hexadecimal

Area                               Addr   Size   Decimal Bytes (Attributes)
--------------------------------   ----   ----   ------- ----- ------------
BSEG_BYTES                         0000   0000 =      0. bytes (REL,CON)

      Value  Global                              Global Defined In Module
      -----  ---------------------------------   ------------------------
ASxxxx Linker V02.00 + NoICE + sdld,  page 14.
Hexadecimal

Area                               Addr   Size   Decimal Bytes (Attributes)
--------------------------------   ----   ----   ------- ----- ------------
_CODE                              0020   0000 =      0. bytes (REL,CON)

      Value  Global                              Global Defined In Module
      -----  ---------------------------------   ------------------------
ASxxxx Linker V02.00 + NoICE + sdld,  page 15.
Hexadecimal

Area                               Addr   Size   Decimal Bytes (Attributes)
--------------------------------   ----   ----   ------- ----- ------------
REG_BANK_0                         0000   0008 =      8. bytes (REL,OVR)

      Value  Global                              Global Defined In Module
      -----  ---------------------------------   ------------------------
ASxxxx Linker V02.00 + NoICE + sdld,  page 16.
Hexadecimal

Area                               Addr   Size   Decimal Bytes (Attributes)
--------------------------------   ----   ----   ------- ----- ------------
REG_BANK_1                         0008   0000 =      0. bytes (REL,OVR)

      Value  Global                              Global Defined In Module
      -----  ---------------------------------   ------------------------
ASxxxx Linker V02.00 + NoICE + sdld,  page 17.
Hexadecimal

Area                               Addr   Size   Decimal Bytes (Attributes)
--------------------------------   ----   ----   ------- ----- ------------
REG_BANK_2                         0010   0000 =      0. bytes (REL,OVR)

      Value  Global                              Global Defined In Module
      -----  ---------------------------------   ------------------------
ASxxxx Linker V02.00 + NoICE + sdld,  page 18.
Hexadecimal

Area                               Addr   Size   Decimal Bytes (Attributes)
--------------------------------   ----   ----   ------- ----- ------------
REG_BANK_3                         0018   0000 =      0. bytes (REL,OVR)

      Value  Global                              Global Defined In Module
      -----  ---------------------------------   ------------------------
ASxxxx Linker V02.00 + NoICE + sdld,  page 19.
Hexadecimal

Area                               Addr   Size   Decimal Bytes (Attributes)
--------------------------------   ----   ----   ------- ----- ------------
BSEG                               FFFFFF00   0000 =      0. bytes (REL,CON,BIT)

      Value  Global                              Global Defined In Module
      -----  ---------------------------------   ------------------------
ASxxxx Linker V02.00 + NoICE + sdld,  page 20.
Hexadecimal

Area                               Addr   Size   Decimal Bytes (Attributes)
--------------------------------   ----   ----   ------- ----- ------------
BIT_BANK                           0018   0000 =      0. bytes (REL,OVR)

      Value  Global                              Global Defined In Module
      -----  ---------------------------------   ------------------------
ASxxxx Linker V02.00 + NoICE + sdld,  page 21.
Hexadecimal

Area                               Addr   Size   Decimal Bytes (Attributes)
--------------------------------   ----   ----   ------- ----- ------------
DSEG                               0000   0080 =    128. bytes (REL,CON)

      Value  Global                              Global Defined In Module
      -----  ---------------------------------   ------------------------
            0008  Lplay$snake$1$1                  
            000D  G$_t6963c$0$0                    
            000D  __t6963c                         
            000F  LT6963C_oneDataCommand$data1$1$1 
            000F  _T6963C_oneDataCommand_PARM_2    
            0010  LT6963C_twoDataCommand$data1$1$1 
            0010  _T6963C_twoDataCommand_PARM_2    
            0011  LT6963C_twoDataCommand$data2$1$1 
            0011  _T6963C_twoDataCommand_PARM_3    
            0012  LT6963C_addressCommand$address$1$
            0012  _T6963C_addressCommand_PARM_2    
            0014  LT6963C_dataWrite$data1$1$1      
            0014  _T6963C_dataWrite_PARM_2         
            0015  LT6963C_autoWrite$data1$1$1      
            0015  _T6963C_autoWrite_PARM_2         
            0018  LT6963C_autoWrite$size$1$1       
            0018  _T6963C_autoWrite_PARM_3         
            001A  LT6963C_autoWrite$address$1$1    
            001C  LT6963C_autoRepeat$data1$1$1     
            001C  _T6963C_autoRepeat_PARM_2        
            001D  LT6963C_autoRepeat$repeats$1$1   
            001D  _T6963C_autoRepeat_PARM_3        
            001F  LT6963C_calculateAddress$y$1$1   
            001F  _T6963C_calculateAddress_PARM_2  
            0020  LT6963C_writeAt$y$1$1            
            0020  _T6963C_writeAt_PARM_2           
            0021  LT6963C_writeAt$c$1$1            
            0021  _T6963C_writeAt_PARM_3           
            0022  LT6963C_readFrom$y$1$1           
            0022  _T6963C_readFrom_PARM_2          
            0023  G$address$0$0                    
            0023  _address                         
            0025  LSTDIO_startWritingAt$y$1$1      
            0025  _STDIO_startWritingAt_PARM_2     
            0026  G$in$0$0                         
            0026  _in                              
            0027  G$out$0$0                        
            0027  _out                             
            0028  LSNAKE_move$sloc0$1$0            
            002B  LSNAKE_showHead$snake$1$1        
            002E  LSNAKE_turn$arrow$1$1            
            002E  _SNAKE_turn_PARM_2               
            002F  LSNAKE_iterate$arrow$1$1         
            002F  _SNAKE_iterate_PARM_2            
            0030  LFRUIT_place$position$1$1        
            0032  LGMB_copyFromRomToCg$cgCode$1$1  
            0032  _GMB_copyFromRomToCg_PARM_2      
            0033  LGMB_draw$y0$1$1                 
            0033  _GMB_draw_PARM_2                 
            0034  LGMB_draw$x1$1$1                 
ASxxxx Linker V02.00 + NoICE + sdld,  page 22.
Hexadecimal

Area                               Addr   Size   Decimal Bytes (Attributes)
--------------------------------   ----   ----   ------- ----- ------------
DSEG                               0000   0080 =    128. bytes (REL,CON)

      Value  Global                              Global Defined In Module
      -----  ---------------------------------   ------------------------
            0034  _GMB_draw_PARM_3                 
            0035  LGMB_draw$y1$1$1                 
            0035  _GMB_draw_PARM_4                 
            0036  LGMB_clear$y0$1$1                
            0036  _GMB_clear_PARM_2                
            0037  LGMB_clear$x1$1$1                
            0037  _GMB_clear_PARM_3                
            0038  LGMB_clear$y1$1$1                
            0038  _GMB_clear_PARM_4                
            0039  LGMB_display$y0$1$1              
            0039  _GMB_display_PARM_2              
            003A  LGMB_display$text$1$1            
            003A  _GMB_display_PARM_3              
            003D  Lrand_interval$max$1$1           
            003D  _rand_interval_PARM_2            

ASxxxx Linker V02.00 + NoICE + sdld,  page 23.
Hexadecimal

Area                               Addr   Size   Decimal Bytes (Attributes)
--------------------------------   ----   ----   ------- ----- ------------
OSEG                               0043   0004 =      4. bytes (REL,OVR)

      Value  Global                              Global Defined In Module
      -----  ---------------------------------   ------------------------
            0043  __divsint_PARM_2                 
            0043  __divuint_PARM_2                 
            0043  __gptrput_PARM_2                 
            0043  __mulint_PARM_2                  
            0043  __mullong_PARM_2                 

ASxxxx Linker V02.00 + NoICE + sdld,  page 24.
Hexadecimal

Area                               Addr   Size   Decimal Bytes (Attributes)
--------------------------------   ----   ----   ------- ----- ------------
ISEG                               0000   0000 =      0. bytes (REL,CON)

      Value  Global                              Global Defined In Module
      -----  ---------------------------------   ------------------------
ASxxxx Linker V02.00 + NoICE + sdld,  page 25.
Hexadecimal

Area                               Addr   Size   Decimal Bytes (Attributes)
--------------------------------   ----   ----   ------- ----- ------------
SSEG                               0047   00B9 =    185. bytes (REL,OVR)

      Value  Global                              Global Defined In Module
      -----  ---------------------------------   ------------------------
            0047  __start__stack                   

ASxxxx Linker V02.00 + NoICE + sdld,  page 26.
Hexadecimal

Area                               Addr   Size   Decimal Bytes (Attributes)
--------------------------------   ----   ----   ------- ----- ------------
PSEG                               1000   0000 =      0. bytes (REL,CON,PAG,XDATA)

      Value  Global                              Global Defined In Module
      -----  ---------------------------------   ------------------------
ASxxxx Linker V02.00 + NoICE + sdld,  page 27.
Hexadecimal

Area                               Addr   Size   Decimal Bytes (Attributes)
--------------------------------   ----   ----   ------- ----- ------------
XSEG                               1000   00FA =    250. bytes (REL,CON,XDATA)

      Value  Global                              Global Defined In Module
      -----  ---------------------------------   ------------------------
       0D:  1000  G$buffer$0$0                     
       0D:  1000  _buffer                          

ASxxxx Linker V02.00 + NoICE + sdld,  page 28.
Hexadecimal

Area                               Addr   Size   Decimal Bytes (Attributes)
--------------------------------   ----   ----   ------- ----- ------------
XISEG                              10FA   0000 =      0. bytes (REL,CON,XDATA)

      Value  Global                              Global Defined In Module
      -----  ---------------------------------   ------------------------
ASxxxx Linker V02.00 + NoICE + sdld,  page 29.
Hexadecimal

Area                               Addr   Size   Decimal Bytes (Attributes)
--------------------------------   ----   ----   ------- ----- ------------
HOME                               0000   0008 =      8. bytes (REL,CON,CODE)

      Value  Global                              Global Defined In Module
      -----  ---------------------------------   ------------------------
       0C:  0000  A$main$420                       
       0C:  0003  A$main$442                       
       0C:  0003  __sdcc_program_startup           
       0C:  0006  A$main$444                       
ASxxxx Linker V02.00 + NoICE + sdld,  page 30.
Hexadecimal

Area                               Addr   Size   Decimal Bytes (Attributes)
--------------------------------   ----   ----   ------- ----- ------------
GSINIT0                            0008   0003 =      3. bytes (REL,CON,CODE)

      Value  Global                              Global Defined In Module
      -----  ---------------------------------   ------------------------
       0C:  0008  __sdcc_gsinit_startup            

ASxxxx Linker V02.00 + NoICE + sdld,  page 31.
Hexadecimal

Area                               Addr   Size   Decimal Bytes (Attributes)
--------------------------------   ----   ----   ------- ----- ------------
GSINIT1                            000B   0000 =      0. bytes (REL,CON,CODE)

      Value  Global                              Global Defined In Module
      -----  ---------------------------------   ------------------------
ASxxxx Linker V02.00 + NoICE + sdld,  page 32.
Hexadecimal

Area                               Addr   Size   Decimal Bytes (Attributes)
--------------------------------   ----   ----   ------- ----- ------------
GSINIT2                            000B   000A =     10. bytes (REL,CON,CODE)

      Value  Global                              Global Defined In Module
      -----  ---------------------------------   ------------------------
ASxxxx Linker V02.00 + NoICE + sdld,  page 33.
Hexadecimal

Area                               Addr   Size   Decimal Bytes (Attributes)
--------------------------------   ----   ----   ------- ----- ------------
GSINIT3                            0015   0022 =     34. bytes (REL,CON,CODE)

      Value  Global                              Global Defined In Module
      -----  ---------------------------------   ------------------------
       0C:  0015  __mcs51_genXINIT                 

ASxxxx Linker V02.00 + NoICE + sdld,  page 34.
Hexadecimal

Area                               Addr   Size   Decimal Bytes (Attributes)
--------------------------------   ----   ----   ------- ----- ------------
GSINIT4                            0037   002A =     42. bytes (REL,CON,CODE)

      Value  Global                              Global Defined In Module
      -----  ---------------------------------   ------------------------
       0C:  0037  __mcs51_genRAMCLEAR              
       0C:  003D  __mcs51_genXRAMCLEAR             

ASxxxx Linker V02.00 + NoICE + sdld,  page 35.
Hexadecimal

Area                               Addr   Size   Decimal Bytes (Attributes)
--------------------------------   ----   ----   ------- ----- ------------
GSINIT5                            0061   0000 =      0. bytes (REL,CON,CODE)

      Value  Global                              Global Defined In Module
      -----  ---------------------------------   ------------------------
ASxxxx Linker V02.00 + NoICE + sdld,  page 36.
Hexadecimal

Area                               Addr   Size   Decimal Bytes (Attributes)
--------------------------------   ----   ----   ------- ----- ------------
GSINIT                             0061   001B =     27. bytes (REL,CON,CODE)

      Value  Global                              Global Defined In Module
      -----  ---------------------------------   ------------------------
       0C:  0061  A$t6963c$484                     
       0C:  0061  C$t6963c.c$4$1$1                 
       0C:  0064  A$t6963c$485                     
       0C:  0067  A$stdio-t6963c$422               
       0C:  0067  C$stdio_t6963c.c$5$1$1           
       0C:  0068  A$stdio-t6963c$423               
       0C:  006A  A$stdio-t6963c$424               
       0C:  006C  A$buffer$99                      
       0C:  006C  C$buffer.c$13$1$1                
       0C:  006F  A$buffer$103                     
       0C:  006F  C$buffer.c$16$1$1                

ASxxxx Linker V02.00 + NoICE + sdld,  page 37.
Hexadecimal

Area                               Addr   Size   Decimal Bytes (Attributes)
--------------------------------   ----   ----   ------- ----- ------------
GSFINAL                            007C   0003 =      3. bytes (REL,CON,CODE)

      Value  Global                              Global Defined In Module
      -----  ---------------------------------   ------------------------
       0C:  007C  A$main$435                       

ASxxxx Linker V02.00 + NoICE + sdld,  page 38.
Hexadecimal

Area                               Addr   Size   Decimal Bytes (Attributes)
--------------------------------   ----   ----   ------- ----- ------------
CSEG                               007F   0FA9 =   4009. bytes (REL,CON,CODE)

      Value  Global                              Global Defined In Module
      -----  ---------------------------------   ------------------------
       0C:  007F  A$main$470                       
       0C:  007F  C$main.c$16$0$0                  
       0C:  007F  G$pause$0$0                      
       0C:  007F  _pause                           
       0C:  0081  A$main$471                       
       0C:  0083  A$main$474                       
       0C:  0083  C$main.c$18$1$1                  
       0C:  0085  A$main$475                       
       0C:  0087  A$main$477                       
       0C:  0088  A$main$478                       
       0C:  0089  A$main$479                       
       0C:  008A  A$main$480                       
       0C:  008B  A$main$481                       
       0C:  008C  A$main$482                       
       0C:  008E  A$main$483                       
       0C:  008F  A$main$484                       
       0C:  0092  A$main$485                       
       0C:  0093  A$main$486                       
       0C:  0095  A$main$490                       
       0C:  0095  C$main.c$19$1$1                  
       0C:  0095  XG$pause$0$0                     
       0C:  0096  A$main$504                       
       0C:  0096  C$main.c$21$1$1                  
       0C:  0096  C$main.c$22$1$1                  
       0C:  0096  G$initialize$0$0                 
       0C:  0096  _initialize                      
       0C:  0099  A$main$509                       
       0C:  0099  C$main.c$23$1$1                  
       0C:  0099  C$main.c$24$1$1                  
       0C:  0099  XG$initialize$0$0                
       0C:  009C  A$main$526                       
       0C:  009C  C$main.c$26$1$1                  
       0C:  009C  C$main.c$27$1$1                  
       0C:  009C  G$play$0$0                       
       0C:  009C  _play                            
       0C:  009F  A$main$527                       
       0C:  00A2  A$main$528                       
       0C:  00A5  A$main$529                       
       0C:  00A8  A$main$530                       
       0C:  00AB  A$main$533                       
       0C:  00AB  C$main.c$28$1$1                  
       0C:  00AD  A$main$534                       
       0C:  00AF  A$main$535                       
       0C:  00B1  A$main$538                       
       0C:  00B1  C$main.c$31$1$1                  
       0C:  00B4  A$main$539                       
       0C:  00B7  A$main$540                       
       0C:  00BA  A$main$541                       
       0C:  00BD  A$main$542                       
       0C:  00BF  A$main$543                       
ASxxxx Linker V02.00 + NoICE + sdld,  page 39.
Hexadecimal

Area                               Addr   Size   Decimal Bytes (Attributes)
--------------------------------   ----   ----   ------- ----- ------------
CSEG                               007F   0FA9 =   4009. bytes (REL,CON,CODE)

      Value  Global                              Global Defined In Module
      -----  ---------------------------------   ------------------------
       0C:  00C1  A$main$544                       
       0C:  00C3  A$main$545                       
       0C:  00C6  A$main$548                       
       0C:  00C6  C$main.c$32$1$1                  
       0C:  00C9  A$main$549                       
       0C:  00CB  A$main$550                       
       0C:  00CD  A$main$551                       
       0C:  00CF  A$main$557                       
       0C:  00CF  C$main.c$33$1$1                  
       0C:  00CF  C$main.c$34$2$2                  
       0C:  00D1  A$main$558                       
       0C:  00D3  A$main$559                       
       0C:  00D5  A$main$560                       
       0C:  00D7  A$main$561                       
       0C:  00D9  A$main$562                       
       0C:  00DB  A$main$563                       
       0C:  00DE  A$main$564                       
       0C:  00E1  A$main$567                       
       0C:  00E1  C$main.c$35$2$2                  
       0C:  00E4  A$main$568                       
       0C:  00E7  A$main$569                       
       0C:  00EA  A$main$570                       
       0C:  00EC  A$main$571                       
       0C:  00EE  A$main$572                       
       0C:  00F0  A$main$573                       
       0C:  00F2  A$main$574                       
       0C:  00F5  A$main$577                       
       0C:  00F5  C$main.c$36$3$3                  
       0C:  00F7  A$main$578                       
       0C:  00F9  A$main$579                       
       0C:  00FB  A$main$580                       
       0C:  00FE  A$main$581                       
       0C:  0100  A$main$582                       
       0C:  0102  A$main$583                       
       0C:  0104  A$main$587                       
       0C:  0104  C$main.c$38$2$2                  
       0C:  0107  A$main$588                       
       0C:  0109  A$main$589                       
       0C:  010B  A$main$590                       
       0C:  010D  A$main$591                       
       0C:  0110  A$main$592                       
       0C:  0112  A$main$593                       
       0C:  0114  A$main$594                       
       0C:  0116  A$main$597                       
       0C:  0116  C$main.c$39$1$1                  
       0C:  0118  A$main$598                       
       0C:  011B  A$main$601                       
       0C:  011B  C$main.c$40$1$1                  
       0C:  011E  A$main$602                       
       0C:  0121  A$main$603                       
       0C:  0124  A$main$604                       
ASxxxx Linker V02.00 + NoICE + sdld,  page 40.
Hexadecimal

Area                               Addr   Size   Decimal Bytes (Attributes)
--------------------------------   ----   ----   ------- ----- ------------
CSEG                               007F   0FA9 =   4009. bytes (REL,CON,CODE)

      Value  Global                              Global Defined In Module
      -----  ---------------------------------   ------------------------
       0C:  0127  A$main$605                       
       0C:  012A  A$main$608                       
       0C:  012A  C$main.c$41$1$1                  
       0C:  012A  XG$play$0$0                      
       0C:  012D  A$main$622                       
       0C:  012D  C$main.c$43$1$1                  
       0C:  012D  C$main.c$45$1$1                  
       0C:  012D  G$main$0$0                       
       0C:  012D  _main                            
       0C:  0130  A$main$625                       
       0C:  0130  C$main.c$46$1$1                  
       0C:  0133  A$main$631                       
       0C:  0133  C$main.c$48$1$1                  
       0C:  0133  C$main.c$49$1$1                  
       0C:  0133  XG$main$0$0                      
       0C:  0135  A$t6963c$520                     
       0C:  0135  C$t6963c.c$21$0$0                
       0C:  0135  C$t6963c.c$23$1$1                
       0C:  0135  C$t6963c.c$24$2$2                
       0C:  0135  G$T6963C_statusCheck$0$0         
       0C:  0135  _T6963C_statusCheck              
       0C:  0138  A$t6963c$521                     
       0C:  013B  A$t6963c$522                     
       0C:  013C  A$t6963c$523                     
       0C:  013D  A$t6963c$524                     
       0C:  013E  A$t6963c$527                     
       0C:  013E  C$t6963c.c$25$2$2                
       0C:  0141  A$t6963c$530                     
       0C:  0141  C$t6963c.c$26$1$1                
       0C:  0144  A$t6963c$533                     
       0C:  0144  C$t6963c.c$27$1$1                
       0C:  0144  XG$T6963C_statusCheck$0$0        
       0C:  0145  A$t6963c$546                     
       0C:  0145  C$t6963c.c$33$1$1                
       0C:  0145  G$T6963C_noDataCommand$0$0       
       0C:  0145  _T6963C_noDataCommand            
       0C:  0147  A$t6963c$549                     
       0C:  0147  C$t6963c.c$34$1$1                
       0C:  0149  A$t6963c$550                     
       0C:  014C  A$t6963c$551                     
       0C:  014E  A$t6963c$554                     
       0C:  014E  C$t6963c.c$35$1$1                
       0C:  0151  A$t6963c$555                     
       0C:  0154  A$t6963c$556                     
       0C:  0155  A$t6963c$557                     
       0C:  0156  A$t6963c$558                     
       0C:  0157  A$t6963c$561                     
       0C:  0157  C$t6963c.c$36$1$1                
       0C:  0157  XG$T6963C_noDataCommand$0$0      
       0C:  0158  A$t6963c$575                     
       0C:  0158  C$t6963c.c$43$1$1                
ASxxxx Linker V02.00 + NoICE + sdld,  page 41.
Hexadecimal

Area                               Addr   Size   Decimal Bytes (Attributes)
--------------------------------   ----   ----   ------- ----- ------------
CSEG                               007F   0FA9 =   4009. bytes (REL,CON,CODE)

      Value  Global                              Global Defined In Module
      -----  ---------------------------------   ------------------------
       0C:  0158  G$T6963C_oneDataCommand$0$0      
       0C:  0158  _T6963C_oneDataCommand           
       0C:  015A  A$t6963c$578                     
       0C:  015A  C$t6963c.c$44$1$1                
       0C:  015C  A$t6963c$579                     
       0C:  015F  A$t6963c$582                     
       0C:  015F  C$t6963c.c$45$1$1                
       0C:  0162  A$t6963c$583                     
       0C:  0165  A$t6963c$584                     
       0C:  0167  A$t6963c$585                     
       0C:  0168  A$t6963c$588                     
       0C:  0168  C$t6963c.c$46$1$1                
       0C:  016B  A$t6963c$589                     
       0C:  016D  A$t6963c$592                     
       0C:  016D  C$t6963c.c$47$1$1                
       0C:  0170  A$t6963c$593                     
       0C:  0173  A$t6963c$594                     
       0C:  0174  A$t6963c$595                     
       0C:  0175  A$t6963c$596                     
       0C:  0176  A$t6963c$599                     
       0C:  0176  C$t6963c.c$48$1$1                
       0C:  0176  XG$T6963C_oneDataCommand$0$0     
       0C:  0177  A$t6963c$614                     
       0C:  0177  C$t6963c.c$56$1$1                
       0C:  0177  G$T6963C_twoDataCommand$0$0      
       0C:  0177  _T6963C_twoDataCommand           
       0C:  0179  A$t6963c$617                     
       0C:  0179  C$t6963c.c$59$1$1                
       0C:  017B  A$t6963c$618                     
       0C:  017E  A$t6963c$621                     
       0C:  017E  C$t6963c.c$60$1$1                
       0C:  0181  A$t6963c$622                     
       0C:  0184  A$t6963c$623                     
       0C:  0186  A$t6963c$624                     
       0C:  0187  A$t6963c$627                     
       0C:  0187  C$t6963c.c$61$1$1                
       0C:  018A  A$t6963c$630                     
       0C:  018A  C$t6963c.c$62$1$1                
       0C:  018D  A$t6963c$631                     
       0C:  0190  A$t6963c$632                     
       0C:  0192  A$t6963c$633                     
       0C:  0193  A$t6963c$636                     
       0C:  0193  C$t6963c.c$63$1$1                
       0C:  0196  A$t6963c$637                     
       0C:  0198  A$t6963c$640                     
       0C:  0198  C$t6963c.c$64$1$1                
       0C:  019B  A$t6963c$641                     
       0C:  019E  A$t6963c$642                     
       0C:  019F  A$t6963c$643                     
       0C:  01A0  A$t6963c$644                     
       0C:  01A1  A$t6963c$647                     
ASxxxx Linker V02.00 + NoICE + sdld,  page 42.
Hexadecimal

Area                               Addr   Size   Decimal Bytes (Attributes)
--------------------------------   ----   ----   ------- ----- ------------
CSEG                               007F   0FA9 =   4009. bytes (REL,CON,CODE)

      Value  Global                              Global Defined In Module
      -----  ---------------------------------   ------------------------
       0C:  01A1  C$t6963c.c$65$1$1                
       0C:  01A1  XG$T6963C_twoDataCommand$0$0     
       0C:  01A2  A$t6963c$662                     
       0C:  01A2  C$t6963c.c$72$1$1                
       0C:  01A2  G$T6963C_addressCommand$0$0      
       0C:  01A2  _T6963C_addressCommand           
       0C:  01A4  A$t6963c$667                     
       0C:  01A4  C$t6963c.c$74$1$1                
       0C:  01A4  C$t6963c.c$75$1$1                
       0C:  01A6  A$t6963c$668                     
       0C:  01A9  A$t6963c$671                     
       0C:  01A9  C$t6963c.c$76$1$1                
       0C:  01AB  A$t6963c$672                     
       0C:  01AD  A$t6963c$673                     
       0C:  01AF  A$t6963c$674                     
       0C:  01B1  A$t6963c$675                     
       0C:  01B3  A$t6963c$676                     
       0C:  01B4  A$t6963c$677                     
       0C:  01B5  A$t6963c$680                     
       0C:  01B5  C$t6963c.c$77$1$1                
       0C:  01B8  A$t6963c$683                     
       0C:  01B8  C$t6963c.c$78$1$1                
       0C:  01BA  A$t6963c$684                     
       0C:  01BC  A$t6963c$685                     
       0C:  01BF  A$t6963c$686                     
       0C:  01C2  A$t6963c$687                     
       0C:  01C5  A$t6963c$688                     
       0C:  01C7  A$t6963c$689                     
       0C:  01C9  A$t6963c$690                     
       0C:  01CA  A$t6963c$693                     
       0C:  01CA  C$t6963c.c$79$1$1                
       0C:  01CD  A$t6963c$694                     
       0C:  01CF  A$t6963c$697                     
       0C:  01CF  C$t6963c.c$80$1$1                
       0C:  01D2  A$t6963c$698                     
       0C:  01D5  A$t6963c$699                     
       0C:  01D6  A$t6963c$700                     
       0C:  01D7  A$t6963c$701                     
       0C:  01D8  A$t6963c$704                     
       0C:  01D8  C$t6963c.c$81$1$1                
       0C:  01D8  XG$T6963C_addressCommand$0$0     
       0C:  01D9  A$t6963c$718                     
       0C:  01D9  C$t6963c.c$89$1$1                
       0C:  01D9  G$T6963C_dataWrite$0$0           
       0C:  01D9  _T6963C_dataWrite                
       0C:  01DC  A$t6963c$719                     
       0C:  01DF  A$t6963c$722                     
       0C:  01DF  C$t6963c.c$90$1$1                
       0C:  01E2  A$t6963c$723                     
       0C:  01E5  A$t6963c$726                     
       0C:  01E5  C$t6963c.c$91$1$1                
ASxxxx Linker V02.00 + NoICE + sdld,  page 43.
Hexadecimal

Area                               Addr   Size   Decimal Bytes (Attributes)
--------------------------------   ----   ----   ------- ----- ------------
CSEG                               007F   0FA9 =   4009. bytes (REL,CON,CODE)

      Value  Global                              Global Defined In Module
      -----  ---------------------------------   ------------------------
       0C:  01E8  A$t6963c$727                     
       0C:  01EB  A$t6963c$730                     
       0C:  01EB  C$t6963c.c$92$1$1                
       0C:  01EB  XG$T6963C_dataWrite$0$0          
       0C:  01EE  A$t6963c$743                     
       0C:  01EE  C$t6963c.c$99$1$1                
       0C:  01EE  G$T6963C_dataRead$0$0            
       0C:  01EE  _T6963C_dataRead                 
       0C:  01F1  A$t6963c$744                     
       0C:  01F4  A$t6963c$747                     
       0C:  01F4  C$t6963c.c$100$1$1               
       0C:  01F7  A$t6963c$748                     
       0C:  01FA  A$t6963c$751                     
       0C:  01FA  C$t6963c.c$101$1$1               
       0C:  01FD  A$t6963c$752                     
       0C:  0200  A$t6963c$755                     
       0C:  0200  C$t6963c.c$102$1$1               
       0C:  0203  A$t6963c$756                     
       0C:  0206  A$t6963c$757                     
       0C:  0207  A$t6963c$760                     
       0C:  0207  C$t6963c.c$103$1$1               
       0C:  0207  XG$T6963C_dataRead$0$0           
       0C:  0209  A$t6963c$761                     
       0C:  020A  A$t6963c$779                     
       0C:  020A  C$t6963c.c$108$1$1               
       0C:  020A  C$t6963c.c$110$1$1               
       0C:  020A  C$t6963c.c$111$2$2               
       0C:  020A  G$T6963C_statusCheckForAutoWrite$
       0C:  020A  _T6963C_statusCheckForAutoWrite  
       0C:  020D  A$t6963c$780                     
       0C:  0210  A$t6963c$781                     
       0C:  0211  A$t6963c$782                     
       0C:  0212  A$t6963c$783                     
       0C:  0213  A$t6963c$786                     
       0C:  0213  C$t6963c.c$112$2$2               
       0C:  0216  A$t6963c$789                     
       0C:  0216  C$t6963c.c$113$1$1               
       0C:  0219  A$t6963c$792                     
       0C:  0219  C$t6963c.c$114$1$1               
       0C:  0219  XG$T6963C_statusCheckForAutoWrite
       0C:  021A  A$t6963c$808                     
       0C:  021A  C$t6963c.c$124$1$1               
       0C:  021A  G$T6963C_autoWrite$0$0           
       0C:  021A  _T6963C_autoWrite                
       0C:  021D  A$t6963c$809                     
       0C:  0220  A$t6963c$812                     
       0C:  0220  C$t6963c.c$128$1$1               
       0C:  0223  A$t6963c$813                     
       0C:  0226  A$t6963c$814                     
       0C:  0229  A$t6963c$815                     
       0C:  022C  A$t6963c$818                     
ASxxxx Linker V02.00 + NoICE + sdld,  page 44.
Hexadecimal

Area                               Addr   Size   Decimal Bytes (Attributes)
--------------------------------   ----   ----   ------- ----- ------------
CSEG                               007F   0FA9 =   4009. bytes (REL,CON,CODE)

      Value  Global                              Global Defined In Module
      -----  ---------------------------------   ------------------------
       0C:  022C  C$t6963c.c$129$1$1               
       0C:  022F  A$t6963c$819                     
       0C:  0232  A$t6963c$822                     
       0C:  0234  A$t6963c$823                     
       0C:  0236  A$t6963c$825                     
       0C:  0237  A$t6963c$826                     
       0C:  0238  A$t6963c$827                     
       0C:  023A  A$t6963c$828                     
       0C:  023B  A$t6963c$829                     
       0C:  023D  A$t6963c$830                     
       0C:  023F  A$t6963c$833                     
       0C:  023F  C$t6963c.c$131$2$2               
       0C:  0241  A$t6963c$834                     
       0C:  0242  A$t6963c$835                     
       0C:  0245  A$t6963c$836                     
       0C:  0247  A$t6963c$840                     
       0C:  0247  C$t6963c.c$132$2$2               
       0C:  0249  A$t6963c$841                     
       0C:  024B  A$t6963c$842                     
       0C:  024E  A$t6963c$843                     
       0C:  0250  A$t6963c$844                     
       0C:  0252  A$t6963c$847                     
       0C:  0252  C$t6963c.c$133$2$2               
       0C:  0254  A$t6963c$848                     
       0C:  0256  A$t6963c$849                     
       0C:  0257  A$t6963c$850                     
       0C:  0259  A$t6963c$851                     
       0C:  025A  A$t6963c$852                     
       0C:  025B  A$t6963c$853                     
       0C:  025D  A$t6963c$854                     
       0C:  025E  A$t6963c$855                     
       0C:  0260  A$t6963c$856                     
       0C:  0262  A$t6963c$857                     
       0C:  0264  A$t6963c$858                     
       0C:  0266  A$t6963c$859                     
       0C:  0269  A$t6963c$860                     
       0C:  026A  A$t6963c$861                     
       0C:  026C  A$t6963c$862                     
       0C:  026E  A$t6963c$863                     
       0C:  026F  A$t6963c$866                     
       0C:  026F  C$t6963c.c$130$1$1               
       0C:  0270  A$t6963c$867                     
       0C:  0273  A$t6963c$868                     
       0C:  0274  A$t6963c$869                     
       0C:  0276  A$t6963c$873                     
       0C:  0276  C$t6963c.c$135$1$1               
       0C:  0279  A$t6963c$874                     
       0C:  027C  A$t6963c$877                     
       0C:  027C  C$t6963c.c$136$1$1               
       0C:  027F  A$t6963c$878                     
       0C:  0282  A$t6963c$881                     
ASxxxx Linker V02.00 + NoICE + sdld,  page 45.
Hexadecimal

Area                               Addr   Size   Decimal Bytes (Attributes)
--------------------------------   ----   ----   ------- ----- ------------
CSEG                               007F   0FA9 =   4009. bytes (REL,CON,CODE)

      Value  Global                              Global Defined In Module
      -----  ---------------------------------   ------------------------
       0C:  0282  C$t6963c.c$137$1$1               
       0C:  0282  XG$T6963C_autoWrite$0$0          
       0C:  0283  A$t6963c$897                     
       0C:  0283  C$t6963c.c$146$1$1               
       0C:  0283  G$T6963C_autoRepeat$0$0          
       0C:  0283  _T6963C_autoRepeat               
       0C:  0285  A$t6963c$898                     
       0C:  0287  A$t6963c$901                     
       0C:  0287  C$t6963c.c$150$1$1               
       0C:  0289  A$t6963c$902                     
       0C:  028B  A$t6963c$903                     
       0C:  028E  A$t6963c$904                     
       0C:  0290  A$t6963c$905                     
       0C:  0292  A$t6963c$906                     
       0C:  0295  A$t6963c$909                     
       0C:  0295  C$t6963c.c$151$1$1               
       0C:  0298  A$t6963c$910                     
       0C:  029B  A$t6963c$911                     
       0C:  029D  A$t6963c$912                     
       0C:  029F  A$t6963c$915                     
       0C:  02A1  A$t6963c$916                     
       0C:  02A3  A$t6963c$918                     
       0C:  02A4  A$t6963c$919                     
       0C:  02A5  A$t6963c$920                     
       0C:  02A7  A$t6963c$921                     
       0C:  02A8  A$t6963c$922                     
       0C:  02AA  A$t6963c$923                     
       0C:  02AC  A$t6963c$926                     
       0C:  02AC  C$t6963c.c$153$2$2               
       0C:  02AD  A$t6963c$927                     
       0C:  02B0  A$t6963c$928                     
       0C:  02B1  A$t6963c$932                     
       0C:  02B1  C$t6963c.c$154$2$2               
       0C:  02B3  A$t6963c$933                     
       0C:  02B5  A$t6963c$934                     
       0C:  02B7  A$t6963c$935                     
       0C:  02B9  A$t6963c$936                     
       0C:  02BC  A$t6963c$937                     
       0C:  02BE  A$t6963c$938                     
       0C:  02C0  A$t6963c$939                     
       0C:  02C2  A$t6963c$940                     
       0C:  02C4  A$t6963c$943                     
       0C:  02C4  C$t6963c.c$155$2$2               
       0C:  02C7  A$t6963c$944                     
       0C:  02CA  A$t6963c$945                     
       0C:  02CC  A$t6963c$946                     
       0C:  02CD  A$t6963c$949                     
       0C:  02CD  C$t6963c.c$152$1$1               
       0C:  02CE  A$t6963c$950                     
       0C:  02D1  A$t6963c$951                     
       0C:  02D2  A$t6963c$952                     
ASxxxx Linker V02.00 + NoICE + sdld,  page 46.
Hexadecimal

Area                               Addr   Size   Decimal Bytes (Attributes)
--------------------------------   ----   ----   ------- ----- ------------
CSEG                               007F   0FA9 =   4009. bytes (REL,CON,CODE)

      Value  Global                              Global Defined In Module
      -----  ---------------------------------   ------------------------
       0C:  02D4  A$t6963c$956                     
       0C:  02D4  C$t6963c.c$157$1$1               
       0C:  02D7  A$t6963c$957                     
       0C:  02D9  A$t6963c$958                     
       0C:  02DB  A$t6963c$959                     
       0C:  02DE  A$t6963c$960                     
       0C:  02E0  A$t6963c$961                     
       0C:  02E2  A$t6963c$964                     
       0C:  02E2  C$t6963c.c$158$1$1               
       0C:  02E4  A$t6963c$965                     
       0C:  02E6  A$t6963c$968                     
       0C:  02E6  C$t6963c.c$159$1$1               
       0C:  02E6  XG$T6963C_autoRepeat$0$0         
       0C:  02E7  A$t6963c$982                     
       0C:  02E7  C$t6963c.c$167$1$1               
       0C:  02E7  G$T6963C_calculateAddress$0$0    
       0C:  02E7  _T6963C_calculateAddress         
       0C:  02E9  A$t6963c$985                     
       0C:  02E9  C$t6963c.c$169$1$1               
       0C:  02EB  A$t6963c$986                     
       0C:  02EE  A$t6963c$987                     
       0C:  02EF  A$t6963c$988                     
       0C:  02F0  A$t6963c$989                     
       0C:  02F2  A$t6963c$990                     
       0C:  02F4  A$t6963c$991                     
       0C:  02F5  A$t6963c$992                     
       0C:  02F6  A$t6963c$993                     
       0C:  02F8  A$t6963c$994                     
       0C:  02F9  A$t6963c$995                     
       0C:  02FA  A$t6963c$996                     
       0C:  02FC  A$t6963c$999                     
       0C:  02FC  C$t6963c.c$170$1$1               
       0C:  02FC  XG$T6963C_calculateAddress$0$0   
       0C:  02FD  A$t6963c$1017                    
       0C:  02FD  C$t6963c.c$178$1$1               
       0C:  02FD  C$t6963c.c$181$1$1               
       0C:  02FD  G$T6963C_writeAt$0$0             
       0C:  02FD  _T6963C_writeAt                  
       0C:  0300  A$t6963c$1018                    
       0C:  0303  A$t6963c$1021                    
       0C:  0303  C$t6963c.c$182$1$1               
       0C:  0306  A$t6963c$1024                    
       0C:  0306  C$t6963c.c$183$1$1               
       0C:  0306  XG$T6963C_writeAt$0$0            
       0C:  0309  A$t6963c$1041                    
       0C:  0309  C$t6963c.c$191$1$1               
       0C:  0309  C$t6963c.c$193$1$1               
       0C:  0309  G$T6963C_readFrom$0$0            
       0C:  0309  _T6963C_readFrom                 
       0C:  030C  A$t6963c$1042                    
       0C:  030F  A$t6963c$1047                    
ASxxxx Linker V02.00 + NoICE + sdld,  page 47.
Hexadecimal

Area                               Addr   Size   Decimal Bytes (Attributes)
--------------------------------   ----   ----   ------- ----- ------------
CSEG                               007F   0FA9 =   4009. bytes (REL,CON,CODE)

      Value  Global                              Global Defined In Module
      -----  ---------------------------------   ------------------------
       0C:  030F  C$t6963c.c$194$1$1               
       0C:  030F  C$t6963c.c$195$1$1               
       0C:  030F  XG$T6963C_readFrom$0$0           
       0C:  0312  A$t6963c$1061                    
       0C:  0312  C$t6963c.c$200$1$1               
       0C:  0312  C$t6963c.c$201$1$1               
       0C:  0312  G$T6963C_initialize$0$0          
       0C:  0312  _T6963C_initialize               
       0C:  0313  A$t6963c$1062                    
       0C:  0315  A$t6963c$1063                    
       0C:  0317  A$t6963c$1064                    
       0C:  031A  A$t6963c$1065                    
       0C:  031D  A$t6963c$1068                    
       0C:  031D  C$t6963c.c$202$1$1               
       0C:  0320  A$t6963c$1069                    
       0C:  0323  A$t6963c$1070                    
       0C:  0326  A$t6963c$1071                    
       0C:  0329  A$t6963c$1074                    
       0C:  0329  C$t6963c.c$203$1$1               
       0C:  032C  A$t6963c$1075                    
       0C:  032F  A$t6963c$1076                    
       0C:  0332  A$t6963c$1077                    
       0C:  0335  A$t6963c$1080                    
       0C:  0335  C$t6963c.c$204$1$1               
       0C:  0338  A$t6963c$1081                    
       0C:  033B  A$t6963c$1082                    
       0C:  033E  A$t6963c$1083                    
       0C:  0341  A$t6963c$1086                    
       0C:  0341  C$t6963c.c$205$1$1               
       0C:  0344  A$t6963c$1087                    
       0C:  0347  A$t6963c$1088                    
       0C:  034A  A$t6963c$1089                    
       0C:  034D  A$t6963c$1092                    
       0C:  034D  C$t6963c.c$208$1$1               
       0C:  0350  A$t6963c$1093                    
       0C:  0353  A$t6963c$1096                    
       0C:  0353  C$t6963c.c$210$1$1               
       0C:  0356  A$t6963c$1099                    
       0C:  0356  C$t6963c.c$211$1$1               
       0C:  0356  XG$T6963C_initialize$0$0         
       0C:  0359  A$stdio-t6963c$457               
       0C:  0359  C$stdio_t6963c.c$11$0$0          
       0C:  0359  C$stdio_t6963c.c$12$1$1          
       0C:  0359  C$stdio_t6963c.c$13$1$1          
       0C:  0359  G$STDIO_initialize$0$0           
       0C:  0359  XG$STDIO_initialize$0$0          
       0C:  0359  _STDIO_initialize                
       0C:  035C  A$stdio-t6963c$471               
       0C:  035C  C$stdio_t6963c.c$21$1$1          
       0C:  035C  G$STDIO_startWritingAt$0$0       
       0C:  035C  _STDIO_startWritingAt            
ASxxxx Linker V02.00 + NoICE + sdld,  page 48.
Hexadecimal

Area                               Addr   Size   Decimal Bytes (Attributes)
--------------------------------   ----   ----   ------- ----- ------------
CSEG                               007F   0FA9 =   4009. bytes (REL,CON,CODE)

      Value  Global                              Global Defined In Module
      -----  ---------------------------------   ------------------------
       0C:  035E  A$stdio-t6963c$474               
       0C:  035E  C$stdio_t6963c.c$22$1$1          
       0C:  0360  A$stdio-t6963c$475               
       0C:  0362  A$stdio-t6963c$476               
       0C:  0365  A$stdio-t6963c$477               
       0C:  0366  A$stdio-t6963c$478               
       0C:  0367  A$stdio-t6963c$479               
       0C:  0369  A$stdio-t6963c$480               
       0C:  036A  A$stdio-t6963c$481               
       0C:  036C  A$stdio-t6963c$482               
       0C:  036E  A$stdio-t6963c$485               
       0C:  036E  C$stdio_t6963c.c$23$1$1          
       0C:  036E  XG$STDIO_startWritingAt$0$0      
       0C:  036F  A$stdio-t6963c$498               
       0C:  036F  C$stdio_t6963c.c$29$1$1          
       0C:  036F  G$putchar$0$0                    
       0C:  036F  _putchar                         
       0C:  0371  A$stdio-t6963c$501               
       0C:  0371  C$stdio_t6963c.c$30$1$1          
       0C:  0374  A$stdio-t6963c$502               
       0C:  0376  A$stdio-t6963c$504               
       0C:  0379  A$stdio-t6963c$505               
       0C:  037B  A$stdio-t6963c$507               
       0C:  037E  A$stdio-t6963c$508               
       0C:  0380  A$stdio-t6963c$510               
       0C:  0383  A$stdio-t6963c$511               
       0C:  0385  A$stdio-t6963c$513               
       0C:  0388  A$stdio-t6963c$514               
       0C:  038A  A$stdio-t6963c$518               
       0C:  038A  C$stdio_t6963c.c$31$2$2          
       0C:  038C  A$stdio-t6963c$522               
       0C:  038C  C$stdio_t6963c.c$32$2$2          
       0C:  038E  A$stdio-t6963c$523               
       0C:  0390  A$stdio-t6963c$524               
       0C:  0392  A$stdio-t6963c$525               
       0C:  0393  A$stdio-t6963c$526               
       0C:  0395  A$stdio-t6963c$527               
       0C:  0397  A$stdio-t6963c$530               
       0C:  0397  C$stdio_t6963c.c$33$2$2          
       0C:  039A  A$stdio-t6963c$536               
       0C:  039A  C$stdio_t6963c.c$35$2$2          
       0C:  039A  C$stdio_t6963c.c$36$1$1          
       0C:  039D  A$stdio-t6963c$537               
       0C:  03A0  A$stdio-t6963c$538               
       0C:  03A3  A$stdio-t6963c$539               
       0C:  03A6  A$stdio-t6963c$540               
       0C:  03A8  A$stdio-t6963c$541               
       0C:  03AB  A$stdio-t6963c$542               
       0C:  03AE  A$stdio-t6963c$543               
       0C:  03B1  A$stdio-t6963c$546               
       0C:  03B1  C$stdio_t6963c.c$37$1$1          
ASxxxx Linker V02.00 + NoICE + sdld,  page 49.
Hexadecimal

Area                               Addr   Size   Decimal Bytes (Attributes)
--------------------------------   ----   ----   ------- ----- ------------
CSEG                               007F   0FA9 =   4009. bytes (REL,CON,CODE)

      Value  Global                              Global Defined In Module
      -----  ---------------------------------   ------------------------
       0C:  03B4  A$stdio-t6963c$547               
       0C:  03B7  A$stdio-t6963c$548               
       0C:  03BA  A$stdio-t6963c$549               
       0C:  03BD  A$stdio-t6963c$550               
       0C:  03C0  A$stdio-t6963c$551               
       0C:  03C3  A$stdio-t6963c$552               
       0C:  03C5  A$stdio-t6963c$557               
       0C:  03C5  C$stdio_t6963c.c$38$2$2          
       0C:  03C5  C$stdio_t6963c.c$40$2$2          
       0C:  03C7  A$stdio-t6963c$561               
       0C:  03C7  C$stdio_t6963c.c$41$2$2          
       0C:  03C9  A$stdio-t6963c$562               
       0C:  03CB  A$stdio-t6963c$563               
       0C:  03CD  A$stdio-t6963c$564               
       0C:  03CE  A$stdio-t6963c$565               
       0C:  03D0  A$stdio-t6963c$566               
       0C:  03D2  A$stdio-t6963c$571               
       0C:  03D2  C$stdio_t6963c.c$42$2$2          
       0C:  03D2  C$stdio_t6963c.c$44$2$2          
       0C:  03D4  A$stdio-t6963c$575               
       0C:  03D4  C$stdio_t6963c.c$45$2$2          
       0C:  03D7  A$stdio-t6963c$576               
       0C:  03DA  A$stdio-t6963c$577               
       0C:  03DC  A$stdio-t6963c$578               
       0C:  03DD  A$stdio-t6963c$579               
       0C:  03E0  A$stdio-t6963c$580               
       0C:  03E2  A$stdio-t6963c$582               
       0C:  03E5  A$stdio-t6963c$583               
       0C:  03E7  A$stdio-t6963c$584               
       0C:  03EA  A$stdio-t6963c$585               
       0C:  03EC  A$stdio-t6963c$590               
       0C:  03EC  C$stdio_t6963c.c$46$2$2          
       0C:  03EC  C$stdio_t6963c.c$48$2$2          
       0C:  03EE  A$stdio-t6963c$594               
       0C:  03EE  C$stdio_t6963c.c$49$2$2          
       0C:  03F1  A$stdio-t6963c$595               
       0C:  03F4  A$stdio-t6963c$596               
       0C:  03F6  A$stdio-t6963c$597               
       0C:  03F7  A$stdio-t6963c$598               
       0C:  03FA  A$stdio-t6963c$599               
       0C:  03FC  A$stdio-t6963c$601               
       0C:  03FF  A$stdio-t6963c$602               
       0C:  0401  A$stdio-t6963c$603               
       0C:  0404  A$stdio-t6963c$604               
       0C:  0406  A$stdio-t6963c$609               
       0C:  0406  C$stdio_t6963c.c$50$2$2          
       0C:  0406  C$stdio_t6963c.c$52$2$2          
       0C:  0408  A$stdio-t6963c$613               
       0C:  0408  C$stdio_t6963c.c$53$2$2          
       0C:  040B  A$stdio-t6963c$614               
       0C:  040E  A$stdio-t6963c$615               
ASxxxx Linker V02.00 + NoICE + sdld,  page 50.
Hexadecimal

Area                               Addr   Size   Decimal Bytes (Attributes)
--------------------------------   ----   ----   ------- ----- ------------
CSEG                               007F   0FA9 =   4009. bytes (REL,CON,CODE)

      Value  Global                              Global Defined In Module
      -----  ---------------------------------   ------------------------
       0C:  0410  A$stdio-t6963c$616               
       0C:  0411  A$stdio-t6963c$617               
       0C:  0414  A$stdio-t6963c$618               
       0C:  0416  A$stdio-t6963c$620               
       0C:  0417  A$stdio-t6963c$621               
       0C:  0419  A$stdio-t6963c$622               
       0C:  041B  A$stdio-t6963c$623               
       0C:  041D  A$stdio-t6963c$624               
       0C:  0420  A$stdio-t6963c$625               
       0C:  0422  A$stdio-t6963c$631               
       0C:  0422  C$stdio_t6963c.c$55$1$1          
       0C:  0422  C$stdio_t6963c.c$56$1$1          
       0C:  0424  A$stdio-t6963c$634               
       0C:  0424  C$stdio_t6963c.c$57$1$1          
       0C:  0424  XG$putchar$0$0                   
       0C:  0425  A$buffer$133                     
       0C:  0425  C$buffer.c$22$0$0                
       0C:  0425  G$BUFFER_in$0$0                  
       0C:  0425  _BUFFER_in                       
       0C:  0427  A$buffer$136                     
       0C:  0427  C$buffer.c$23$1$1                
       0C:  0429  A$buffer$137                     
       0C:  042B  A$buffer$138                     
       0C:  042D  A$buffer$139                     
       0C:  042E  A$buffer$140                     
       0C:  0430  A$buffer$141                     
       0C:  0432  A$buffer$142                     
       0C:  0433  A$buffer$143                     
       0C:  0434  A$buffer$146                     
       0C:  0434  C$buffer.c$24$1$1                
       0C:  0436  A$buffer$149                     
       0C:  0436  C$buffer.c$25$1$1                
       0C:  0436  XG$BUFFER_in$0$0                 
       0C:  0437  A$buffer$164                     
       0C:  0437  C$buffer.c$31$1$1                
       0C:  0437  C$buffer.c$32$1$1                
       0C:  0437  G$BUFFER_out$0$0                 
       0C:  0437  _BUFFER_out                      
       0C:  0439  A$buffer$165                     
       0C:  043B  A$buffer$166                     
       0C:  043D  A$buffer$167                     
       0C:  043E  A$buffer$168                     
       0C:  0440  A$buffer$169                     
       0C:  0442  A$buffer$170                     
       0C:  0443  A$buffer$171                     
       0C:  0444  A$buffer$174                     
       0C:  0444  C$buffer.c$33$1$1                
       0C:  0446  A$buffer$177                     
       0C:  0446  C$buffer.c$34$1$1                
       0C:  0448  A$buffer$180                     
       0C:  0448  C$buffer.c$35$1$1                
ASxxxx Linker V02.00 + NoICE + sdld,  page 51.
Hexadecimal

Area                               Addr   Size   Decimal Bytes (Attributes)
--------------------------------   ----   ----   ------- ----- ------------
CSEG                               007F   0FA9 =   4009. bytes (REL,CON,CODE)

      Value  Global                              Global Defined In Module
      -----  ---------------------------------   ------------------------
       0C:  0448  XG$BUFFER_out$0$0                
       0C:  0449  A$buffer$194                     
       0C:  0449  C$buffer.c$40$1$1                
       0C:  0449  C$buffer.c$41$1$1                
       0C:  0449  G$BUFFER_clear$0$0               
       0C:  0449  _BUFFER_clear                    
       0C:  044C  A$buffer$197                     
       0C:  044C  C$buffer.c$42$1$1                
       0C:  044F  A$buffer$200                     
       0C:  044F  C$buffer.c$43$1$1                
       0C:  044F  XG$BUFFER_clear$0$0              
       0C:  0450  A$snake$131                      
       0C:  0450  C$snake.c$14$0$0                 
       0C:  0450  G$SNAKE_move$0$0                 
       0C:  0450  _SNAKE_move                      
       0C:  0452  A$snake$132                      
       0C:  0454  A$snake$133                      
       0C:  0456  A$snake$136                      
       0C:  0456  C$snake.c$16$1$1                 
       0C:  0458  A$snake$137                      
       0C:  0459  A$snake$138                      
       0C:  045A  A$snake$139                      
       0C:  045B  A$snake$140                      
       0C:  045C  A$snake$141                      
       0C:  045D  A$snake$142                      
       0C:  045F  A$snake$143                      
       0C:  0461  A$snake$144                      
       0C:  0463  A$snake$145                      
       0C:  0465  A$snake$146                      
       0C:  0468  A$snake$147                      
       0C:  046A  A$snake$148                      
       0C:  046C  A$snake$149                      
       0C:  046E  A$snake$150                      
       0C:  0470  A$snake$151                      
       0C:  0473  A$snake$152                      
       0C:  0475  A$snake$153                      
       0C:  0477  A$snake$154                      
       0C:  0479  A$snake$157                      
       0C:  0479  C$snake.c$17$1$1                 
       0C:  047B  A$snake$158                      
       0C:  047C  A$snake$159                      
       0C:  047D  A$snake$160                      
       0C:  047E  A$snake$161                      
       0C:  047F  A$snake$162                      
       0C:  0480  A$snake$163                      
       0C:  0482  A$snake$164                      
       0C:  0484  A$snake$165                      
       0C:  0485  A$snake$166                      
       0C:  0487  A$snake$167                      
       0C:  0488  A$snake$168                      
       0C:  0489  A$snake$169                      
ASxxxx Linker V02.00 + NoICE + sdld,  page 52.
Hexadecimal

Area                               Addr   Size   Decimal Bytes (Attributes)
--------------------------------   ----   ----   ------- ----- ------------
CSEG                               007F   0FA9 =   4009. bytes (REL,CON,CODE)

      Value  Global                              Global Defined In Module
      -----  ---------------------------------   ------------------------
       0C:  048B  A$snake$170                      
       0C:  048D  A$snake$171                      
       0C:  0490  A$snake$172                      
       0C:  0493  A$snake$173                      
[...]
       0C:  0CF2  A$gameboard$479                  
       0C:  0CF4  A$gameboard$480                  
       0C:  0CF6  A$gameboard$483                  
       0C:  0CF6  C$gameboard.c$114$2$4            
       0C:  0CF8  A$gameboard$484                  
       0C:  0CFB  A$gameboard$485                  
       0C:  0CFD  A$gameboard$486                  
       0C:  0CFF  A$gameboard$487                  
       0C:  0D01  A$gameboard$488                  
       0C:  0D03  A$gameboard$489                  
       0C:  0D06  A$gameboard$490                  
       0C:  0D08  A$gameboard$491                  
       0C:  0D0A  A$gameboard$492                  
       0C:  0D0C  A$gameboard$495                  
       0C:  0D0E  A$gameboard$497                  
       0C:  0D0F  A$gameboard$498                  
       0C:  0D12  A$gameboard$500                  
       0C:  0D14  A$gameboard$503                  
       0C:  0D14  C$gameboard.c$118$3$5            
       0C:  0D16  A$gameboard$504                  
       0C:  0D19  A$gameboard$505                  
       0C:  0D1B  A$gameboard$506                  
       0C:  0D1D  A$gameboard$507                  
       0C:  0D1F  A$gameboard$508                  
       0C:  0D21  A$gameboard$509                  
       0C:  0D23  A$gameboard$510                  
       0C:  0D26  A$gameboard$511                  
       0C:  0D28  A$gameboard$512                  
       0C:  0D2A  A$gameboard$513                  
       0C:  0D2C  A$gameboard$514                  
       0C:  0D2E  A$gameboard$517                  
       0C:  0D2E  C$gameboard.c$117$2$4            
       0C:  0D2F  A$gameboard$518                  
       0C:  0D31  A$gameboard$522                  
       0C:  0D31  C$gameboard.c$109$1$1            
       0C:  0D32  A$gameboard$523                  
       0C:  0D34  A$gameboard$527                  
       0C:  0D34  C$gameboard.c$121$1$1            
       0C:  0D34  XG$GMB_clear$0$0                 
       0C:  0D35  A$gameboard$547                  
       0C:  0D35  C$gameboard.c$130$1$1            
ASxxxx Linker V02.00 + NoICE + sdld,  page 77.
Hexadecimal

Area                               Addr   Size   Decimal Bytes (Attributes)
--------------------------------   ----   ----   ------- ----- ------------
CSEG                               007F   0FA9 =   4009. bytes (REL,CON,CODE)

      Value  Global                              Global Defined In Module
      -----  ---------------------------------   ------------------------
       0C:  0D35  G$GMB_display$0$0                
       0C:  0D35  _GMB_display                     
       0C:  0D37  A$gameboard$550                  
       0C:  0D37  C$gameboard.c$132$1$1            
       0C:  0D39  A$gameboard$551                  
       0C:  0D3B  A$gameboard$554                  
       0C:  0D3B  C$gameboard.c$133$1$1            
       0C:  0D3E  A$gameboard$555                  
       0C:  0D41  A$gameboard$556                  
       0C:  0D44  A$gameboard$557                  
       0C:  0D46  A$gameboard$558                  
       0C:  0D48  A$gameboard$559                  
       0C:  0D4A  A$gameboard$560                  
       0C:  0D4D  A$gameboard$561                  
       0C:  0D4F  A$gameboard$562                  
       0C:  0D51  A$gameboard$563                  
       0C:  0D53  A$gameboard$564                  
       0C:  0D55  A$gameboard$567                  
       0C:  0D55  C$gameboard.c$134$1$1            
       0C:  0D56  A$gameboard$568                  
       0C:  0D57  A$gameboard$569                  
       0C:  0D58  A$gameboard$570                  
       0C:  0D59  A$gameboard$573                  
       0C:  0D59  C$gameboard.c$135$1$1            
       0C:  0D5B  A$gameboard$574                  
       0C:  0D5D  A$gameboard$575                  
       0C:  0D5E  A$gameboard$578                  
       0C:  0D5E  C$gameboard.c$139$1$1            
       0C:  0D61  A$gameboard$579                  
       0C:  0D64  A$gameboard$580                  
       0C:  0D66  A$gameboard$581                  
       0C:  0D68  A$gameboard$582                  
       0C:  0D6A  A$gameboard$583                  
       0C:  0D6C  A$gameboard$584                  
       0C:  0D6E  A$gameboard$585                  
       0C:  0D70  A$gameboard$586                  
       0C:  0D73  A$gameboard$587                  
       0C:  0D75  A$gameboard$588                  
       0C:  0D77  A$gameboard$591                  
       0C:  0D77  C$gameboard.c$142$1$1            
       0C:  0D7A  A$gameboard$592                  
       0C:  0D7D  A$gameboard$593                  
       0C:  0D7F  A$gameboard$594                  
       0C:  0D81  A$gameboard$595                  
       0C:  0D83  A$gameboard$596                  
       0C:  0D86  A$gameboard$597                  
       0C:  0D88  A$gameboard$598                  
       0C:  0D8A  A$gameboard$599                  
       0C:  0D8C  A$gameboard$600                  
       0C:  0D8E  A$gameboard$601                  
       0C:  0D90  A$gameboard$604                  
ASxxxx Linker V02.00 + NoICE + sdld,  page 78.
Hexadecimal

Area                               Addr   Size   Decimal Bytes (Attributes)
--------------------------------   ----   ----   ------- ----- ------------
CSEG                               007F   0FA9 =   4009. bytes (REL,CON,CODE)

      Value  Global                              Global Defined In Module
      -----  ---------------------------------   ------------------------
       0C:  0D91  A$gameboard$605                  
       0C:  0D92  A$gameboard$606                  
       0C:  0D93  A$gameboard$608                  
       0C:  0D94  A$gameboard$609                  
       0C:  0D97  A$gameboard$611                  
       0C:  0D99  A$gameboard$614                  
       0C:  0D99  C$gameboard.c$146$2$2            
       0C:  0D9C  A$gameboard$615                  
       0C:  0D9F  A$gameboard$616                  
       0C:  0DA1  A$gameboard$617                  
       0C:  0DA3  A$gameboard$618                  
       0C:  0DA5  A$gameboard$619                  
       0C:  0DA7  A$gameboard$620                  
       0C:  0DA9  A$gameboard$621                  
       0C:  0DAB  A$gameboard$622                  
       0C:  0DAD  A$gameboard$623                  
       0C:  0DB0  A$gameboard$624                  
       0C:  0DB2  A$gameboard$625                  
       0C:  0DB4  A$gameboard$626                  
       0C:  0DB6  A$gameboard$627                  
       0C:  0DB8  A$gameboard$628                  
       0C:  0DBA  A$gameboard$629                  
       0C:  0DBC  A$gameboard$632                  
       0C:  0DBC  C$gameboard.c$145$1$1            
       0C:  0DBD  A$gameboard$633                  
       0C:  0DBF  A$gameboard$637                  
       0C:  0DBF  C$gameboard.c$152$1$1            
       0C:  0DC1  A$gameboard$638                  
       0C:  0DC4  A$gameboard$639                  
       0C:  0DC6  A$gameboard$640                  
       0C:  0DC8  A$gameboard$641                  
       0C:  0DCA  A$gameboard$642                  
       0C:  0DCC  A$gameboard$643                  
       0C:  0DCE  A$gameboard$644                  
       0C:  0DD0  A$gameboard$645                  
       0C:  0DD3  A$gameboard$646                  
       0C:  0DD5  A$gameboard$647                  
       0C:  0DD7  A$gameboard$650                  
       0C:  0DD7  C$gameboard.c$155$1$1            
       0C:  0DD9  A$gameboard$651                  
       0C:  0DDC  A$gameboard$652                  
       0C:  0DDE  A$gameboard$653                  
       0C:  0DE0  A$gameboard$654                  
       0C:  0DE2  A$gameboard$655                  
       0C:  0DE5  A$gameboard$656                  
       0C:  0DE7  A$gameboard$657                  
       0C:  0DE9  A$gameboard$658                  
       0C:  0DEB  A$gameboard$659                  
       0C:  0DED  A$gameboard$660                  
       0C:  0DEF  A$gameboard$663                  
       0C:  0DF0  A$gameboard$664                  
ASxxxx Linker V02.00 + NoICE + sdld,  page 79.
Hexadecimal

Area                               Addr   Size   Decimal Bytes (Attributes)
--------------------------------   ----   ----   ------- ----- ------------
CSEG                               007F   0FA9 =   4009. bytes (REL,CON,CODE)

      Value  Global                              Global Defined In Module
      -----  ---------------------------------   ------------------------
       0C:  0DF1  A$gameboard$665                  
       0C:  0DF2  A$gameboard$667                  
       0C:  0DF3  A$gameboard$668                  
       0C:  0DF6  A$gameboard$670                  
       0C:  0DF8  A$gameboard$673                  
       0C:  0DF8  C$gameboard.c$159$2$3            
       0C:  0DFA  A$gameboard$674                  
       0C:  0DFD  A$gameboard$675                  
       0C:  0DFF  A$gameboard$676                  
       0C:  0E01  A$gameboard$677                  
       0C:  0E03  A$gameboard$678                  
       0C:  0E05  A$gameboard$679                  
       0C:  0E07  A$gameboard$680                  
       0C:  0E09  A$gameboard$681                  
       0C:  0E0B  A$gameboard$682                  
       0C:  0E0E  A$gameboard$683                  
       0C:  0E10  A$gameboard$684                  
       0C:  0E12  A$gameboard$685                  
       0C:  0E14  A$gameboard$686                  
       0C:  0E16  A$gameboard$687                  
       0C:  0E18  A$gameboard$688                  
       0C:  0E1A  A$gameboard$691                  
       0C:  0E1A  C$gameboard.c$158$1$1            
       0C:  0E1B  A$gameboard$692                  
       0C:  0E1D  A$gameboard$696                  
       0C:  0E1D  C$gameboard.c$165$1$1            
       0C:  0E1F  A$gameboard$697                  
       0C:  0E20  A$gameboard$698                  
       0C:  0E21  A$gameboard$699                  
       0C:  0E23  A$gameboard$700                  
       0C:  0E26  A$gameboard$701                  
       0C:  0E28  A$gameboard$702                  
       0C:  0E2A  A$gameboard$703                  
       0C:  0E2C  A$gameboard$704                  
       0C:  0E2E  A$gameboard$705                  
       0C:  0E30  A$gameboard$706                  
       0C:  0E32  A$gameboard$707                  
       0C:  0E35  A$gameboard$708                  
       0C:  0E37  A$gameboard$709                  
       0C:  0E39  A$gameboard$710                  
       0C:  0E3B  A$gameboard$711                  
       0C:  0E3D  A$gameboard$712                  
       0C:  0E3F  A$gameboard$715                  
       0C:  0E3F  C$gameboard.c$168$1$1            
       0C:  0E41  A$gameboard$716                  
       0C:  0E44  A$gameboard$717                  
       0C:  0E46  A$gameboard$718                  
       0C:  0E48  A$gameboard$719                  
       0C:  0E4A  A$gameboard$720                  
       0C:  0E4C  A$gameboard$721                  
       0C:  0E4E  A$gameboard$722                  
ASxxxx Linker V02.00 + NoICE + sdld,  page 80.
Hexadecimal

Area                               Addr   Size   Decimal Bytes (Attributes)
--------------------------------   ----   ----   ------- ----- ------------
CSEG                               007F   0FA9 =   4009. bytes (REL,CON,CODE)

      Value  Global                              Global Defined In Module
      -----  ---------------------------------   ------------------------
       0C:  0E51  A$gameboard$723                  
       0C:  0E53  A$gameboard$724                  
       0C:  0E55  A$gameboard$725                  
       0C:  0E57  A$gameboard$726                  
       0C:  0E59  A$gameboard$729                  
       0C:  0E5A  A$gameboard$730                  
       0C:  0E5B  A$gameboard$731                  
       0C:  0E5C  A$gameboard$732                  
       0C:  0E5E  A$gameboard$733                  
       0C:  0E5F  A$gameboard$734                  
       0C:  0E60  A$gameboard$736                  
       0C:  0E61  A$gameboard$737                  
       0C:  0E64  A$gameboard$739                  
       0C:  0E66  A$gameboard$742                  
       0C:  0E66  C$gameboard.c$172$2$4            
       0C:  0E67  A$gameboard$743                  
       0C:  0E69  A$gameboard$744                  
       0C:  0E6A  A$gameboard$745                  
       0C:  0E6B  A$gameboard$746                  
       0C:  0E6D  A$gameboard$747                  
       0C:  0E6E  A$gameboard$748                  
       0C:  0E70  A$gameboard$749                  
       0C:  0E72  A$gameboard$750                  
       0C:  0E74  A$gameboard$751                  
       0C:  0E76  A$gameboard$752                  
       0C:  0E79  A$gameboard$753                  
       0C:  0E7B  A$gameboard$754                  
       0C:  0E7D  A$gameboard$755                  
       0C:  0E7F  A$gameboard$756                  
       0C:  0E81  A$gameboard$757                  
       0C:  0E83  A$gameboard$758                  
       0C:  0E85  A$gameboard$759                  
       0C:  0E87  A$gameboard$760                  
       0C:  0E89  A$gameboard$761                  
       0C:  0E8B  A$gameboard$762                  
       0C:  0E8E  A$gameboard$763                  
       0C:  0E90  A$gameboard$764                  
       0C:  0E92  A$gameboard$765                  
       0C:  0E94  A$gameboard$766                  
       0C:  0E96  A$gameboard$767                  
       0C:  0E98  A$gameboard$770                  
       0C:  0E98  C$gameboard.c$173$2$4            
       0C:  0E99  A$gameboard$771                  
       0C:  0E9C  A$gameboard$772                  
       0C:  0E9D  A$gameboard$776                  
       0C:  0E9D  C$gameboard.c$171$1$1            
       0C:  0E9E  A$gameboard$777                  
       0C:  0EA0  A$gameboard$781                  
       0C:  0EA0  C$gameboard.c$175$1$1            
       0C:  0EA0  XG$GMB_display$0$0               
       0C:  0EA1  A$rand$117                       
ASxxxx Linker V02.00 + NoICE + sdld,  page 81.
Hexadecimal

Area                               Addr   Size   Decimal Bytes (Attributes)
--------------------------------   ----   ----   ------- ----- ------------
CSEG                               007F   0FA9 =   4009. bytes (REL,CON,CODE)

      Value  Global                              Global Defined In Module
      -----  ---------------------------------   ------------------------
       0C:  0EA1  C$rand.c$15$0$0                  
       0C:  0EA1  G$rand_interval$0$0              
       0C:  0EA1  _rand_interval                   
       0C:  0EA3  A$rand$118                       
       0C:  0EA5  A$rand$124                       
       0C:  0EA5  C$rand.c$19$1$1                  
       0C:  0EA5  C$rand.c$21$2$2                  
       0C:  0EA7  A$rand$125                       
       0C:  0EA9  A$rand$126                       
       0C:  0EAC  A$rand$127                       
       0C:  0EAE  A$rand$128                       
       0C:  0EB0  A$rand$129                       
       0C:  0EB2  A$rand$132                       
       0C:  0EB2  C$rand.c$22$1$1                  
       0C:  0EB4  A$rand$133                       
       0C:  0EB6  A$rand$134                       
       0C:  0EB7  A$rand$135                       
       0C:  0EB8  A$rand$136                       
       0C:  0EB9  A$rand$137                       
       0C:  0EBA  A$rand$138                       
       0C:  0EBC  A$rand$139                       
       0C:  0EBE  A$rand$140                       
       0C:  0EC1  A$rand$141                       
       0C:  0EC3  A$rand$142                       
       0C:  0EC5  A$rand$143                       
       0C:  0EC7  A$rand$144                       
       0C:  0EC8  A$rand$145                       
       0C:  0ECA  A$rand$146                       
       0C:  0ECC  A$rand$147                       
       0C:  0ECE  A$rand$148                       
       0C:  0ED1  A$rand$149                       
       0C:  0ED3  A$rand$150                       
       0C:  0ED5  A$rand$153                       
       0C:  0ED5  C$rand.c$24$1$1                  
       0C:  0ED7  A$rand$156                       
       0C:  0ED7  C$rand.c$25$1$1                  
       0C:  0ED7  XG$rand_interval$0$0             
       0C:  0ED8  __divuint                        
       0C:  0F01  _rand                            
       0C:  0F3D  _srand                           
       0C:  0F4C  __gptrput                        
       0C:  0F65  __mulint                         
       0C:  0F65  __mulint_dummy                   
       0C:  0F82  __mullong                        
       0C:  0F82  __mullong_dummy                  
       0C:  0FF0  _strlen                          
       0C:  1008  __gptrget                        
       0C:  1024  __sdcc_external_startup          
ASxxxx Linker V02.00 + NoICE + sdld,  page 82.
Hexadecimal

Area                               Addr   Size   Decimal Bytes (Attributes)
--------------------------------   ----   ----   ------- ----- ------------
CONST                              1028   0016 =     22. bytes (REL,CON,CODE)

      Value  Global                              Global Defined In Module
      -----  ---------------------------------   ------------------------
       0C:  1028  Fmain$_str_0$0$0                 

ASxxxx Linker V02.00 + NoICE + sdld,  page 83.
Hexadecimal

Area                               Addr   Size   Decimal Bytes (Attributes)
--------------------------------   ----   ----   ------- ----- ------------
XINIT                              103E   0000 =      0. bytes (REL,CON,CODE)

      Value  Global                              Global Defined In Module
      -----  ---------------------------------   ------------------------
ASxxxx Linker V02.00 + NoICE + sdld,  page 84.

Files Linked                              [ module(s) ]

main.rel                                  [ 
t6963c.rel                                [ 
stdio-t6963c.rel                          [ 
test.rel                                  [ 
buffer.rel                                [ 
snake.rel                                 [ 
keyboard.rel                              [ 
fruit.rel                                 [ 
bdd.rel                                   [ 
gameboard.rel                             [ 
rand.rel                                  [ 


Libraries Linked                          [ object file ]

C:\Program Files (x86)\SDCC\bin\..\lib\s  [ _divuint.rel ]
C:\Program Files (x86)\SDCC\bin\..\lib\s  [ rand.rel ]
C:\Program Files (x86)\SDCC\bin\..\lib\s  [ crtclear.rel ]
C:\Program Files (x86)\SDCC\bin\..\lib\s  [ crtxinit.rel ]
C:\Program Files (x86)\SDCC\bin\..\lib\s  [ _gptrput.rel ]
C:\Program Files (x86)\SDCC\bin\..\lib\s  [ _mulint.rel ]
C:\Program Files (x86)\SDCC\bin\..\lib\s  [ _mullong.rel ]
C:\Program Files (x86)\SDCC\bin\..\lib\s  [ crtxclear.rel ]
C:\Program Files (x86)\SDCC\bin\..\lib\s  [ crtpagesfr.rel ]
C:\Program Files (x86)\SDCC\bin\..\lib\s  [ _strlen.rel ]
C:\Program Files (x86)\SDCC\bin\..\lib\s  [ crtstart.rel ]
C:\Program Files (x86)\SDCC\bin\..\lib\s  [ _gptrget.rel ]
C:\Program Files (x86)\SDCC\bin\..\lib\s  [ _startup.rel ]

ASxxxx Linker V02.00 + NoICE + sdld,  page 85.

User Base Address Definitions

HOME = 0x0000
XSEG = 0x1000
PSEG = 0x1000
ISEG = 0x0000
BSEG = 0x0000

