ASxxxx Linker V02.00 + NoICE + sdld,  page 1.
Hexadecimal

Area                               Addr   Size   Decimal Bytes (Attributes)
--------------------------------   ----   ----   ------- ----- ------------
CABS                               0000   0000 =      0. bytes (ABS,CON,CODE)

      Value  Global                              Global Defined In Module
      -----  ---------------------------------   ------------------------
       0C:  0000  l_BIT_BANK                       
       0C:  0000  l_CABS                           
       0C:  0000  l_GSINIT                         
       0C:  0000  l_GSINIT1                        
       0C:  0000  l_GSINIT5                        
       0C:  0000  l_IABS                           
       0C:  0000  l_ISEG                           
       0C:  0000  l_OSEG                           
       0C:  0000  l_PSEG                           
       0C:  0000  l_REG_BANK_1                     
       0C:  0000  l_REG_BANK_2                     
       0C:  0000  l_REG_BANK_3                     
       0C:  0000  l_RSEG                           
       0C:  0000  l_RSEG0                          
       0C:  0000  l_RSEG1                          
       0C:  0000  l_XABS                           
       0C:  0000  l__CODE                          
       0C:  0000  s_BSEG                           
       0C:  0000  s_CABS                           
       0C:  0000  s_DSEG                           
       0C:  0000  s_HOME                           
       0C:  0000  s_IABS                           
       0C:  0000  s_ISEG                           
       0C:  0000  s_REG_BANK_0                     
       0C:  0000  s_RSEG                           
       0C:  0000  s_RSEG0                          
       0C:  0000  s_RSEG1                          
       0C:  0000  s_XABS                           
       0C:  0002  l_BSEG_BYTES                     
       0C:  0003  l_GSFINAL                        
       0C:  0003  l_GSINIT0                        
       0C:  0008  l_HOME                           
       0C:  0008  l_REG_BANK_0                     
       0C:  0008  s_GSINIT0                        
       0C:  0008  s_REG_BANK_1                     
       0C:  000A  l_GSINIT2                        
       0C:  000A  l_XINIT                          
       0C:  000A  l_XISEG                          
       0C:  000B  l_BSEG                           
       0C:  000B  s_GSINIT1                        
       0C:  000B  s_GSINIT2                        
       0C:  0010  s_REG_BANK_2                     
       0C:  0015  s_GSINIT3                        
       0C:  0018  s_BIT_BANK                       
       0C:  0018  s_OSEG                           
       0C:  0018  s_REG_BANK_3                     
       0C:  0020  s_BSEG_BYTES                     
       0C:  0020  s__CODE                          
       0C:  0022  l_GSINIT3                        
       0C:  0022  s_SSEG                           
ASxxxx Linker V02.00 + NoICE + sdld,  page 2.
Hexadecimal

Area                               Addr   Size   Decimal Bytes (Attributes)
--------------------------------   ----   ----   ------- ----- ------------
CABS                               0000   0000 =      0. bytes (ABS,CON,CODE)

      Value  Global                              Global Defined In Module
      -----  ---------------------------------   ------------------------
       0C:  002A  l_GSINIT4                        
       0C:  0037  s_GSINIT4                        
       0C:  0061  s_GSFINAL                        
       0C:  0061  s_GSINIT                         
       0C:  0061  s_GSINIT5                        
       0C:  0064  s_CSEG                           
       0C:  007F  l_DSEG                           
       0C:  00C8  l_CONST                          
       0C:  00DE  l_SSEG                           
       0C:  0100  l_IRAM                           
       0C:  025B  l_XSEG                           
       0C:  1000  s_PSEG                           
       0C:  1000  s_XSEG                           
       0C:  125B  s_XISEG                          
       0C:  24C4  l_CSEG                           
       0C:  2528  s_CONST                          
       0C:  25F0  s_XINIT                          

ASxxxx Linker V02.00 + NoICE + sdld,  page 3.
Hexadecimal

Area                               Addr   Size   Decimal Bytes (Attributes)
--------------------------------   ----   ----   ------- ----- ------------
XABS                               0000   0000 =      0. bytes (ABS,CON,XDATA)

      Value  Global                              Global Defined In Module
      -----  ---------------------------------   ------------------------
ASxxxx Linker V02.00 + NoICE + sdld,  page 4.
Hexadecimal

Area                               Addr   Size   Decimal Bytes (Attributes)
--------------------------------   ----   ----   ------- ----- ------------
IABS                               0000   0000 =      0. bytes (ABS,CON)

      Value  Global                              Global Defined In Module
      -----  ---------------------------------   ------------------------
ASxxxx Linker V02.00 + NoICE + sdld,  page 5.
Hexadecimal

Area                               Addr   Size   Decimal Bytes (Attributes)
--------------------------------   ----   ----   ------- ----- ------------
RSEG1                              0000   0000 =      0. bytes (ABS,CON)

      Value  Global                              Global Defined In Module
      -----  ---------------------------------   ------------------------
ASxxxx Linker V02.00 + NoICE + sdld,  page 6.
Hexadecimal

Area                               Addr   Size   Decimal Bytes (Attributes)
--------------------------------   ----   ----   ------- ----- ------------
RSEG0                              0000   0000 =      0. bytes (ABS,CON)

      Value  Global                              Global Defined In Module
      -----  ---------------------------------   ------------------------
ASxxxx Linker V02.00 + NoICE + sdld,  page 7.
Hexadecimal

Area                               Addr   Size   Decimal Bytes (Attributes)
--------------------------------   ----   ----   ------- ----- ------------
RSEG                               0000   0000 =      0. bytes (ABS,CON)

      Value  Global                              Global Defined In Module
      -----  ---------------------------------   ------------------------
ASxxxx Linker V02.00 + NoICE + sdld,  page 8.
Hexadecimal

Area                               Addr   Size   Decimal Bytes (Attributes)
--------------------------------   ----   ----   ------- ----- ------------
.	.ABS.                            0000   0000 =      0. bytes (ABS,CON)

      Value  Global                              Global Defined In Module
      -----  ---------------------------------   ------------------------
            0000  .__.ABS.                         
            0080  G$P0$0$0                         
            0080  G$P0_0$0$0                       
            0080  _P0                              
            0080  _P0_0                            
            0081  G$P0_1$0$0                       
            0081  G$SP$0$0                         
            0081  _P0_1                            
            0081  _SP                              
            0082  G$DP0L$0$0                       
            0082  G$DPL$0$0                        
            0082  G$P0_2$0$0                       
            0082  _DP0L                            
            0082  _DPL                             
            0082  _P0_2                            
            0083  G$DP0H$0$0                       
            0083  G$DPH$0$0                        
            0083  G$P0_3$0$0                       
            0083  _DP0H                            
            0083  _DPH                             
            0083  _P0_3                            
            0084  G$P0_4$0$0                       
            0084  _P0_4                            
            0085  G$P0_5$0$0                       
            0085  _P0_5                            
            0086  G$P0_6$0$0                       
            0086  _P0_6                            
            0087  G$P0_7$0$0                       
            0087  G$PCON$0$0                       
            0087  _P0_7                            
            0087  _PCON                            
            0088  G$IT0$0$0                        
            0088  G$TCON$0$0                       
            0088  _IT0                             
            0088  _TCON                            
            0089  G$IE0$0$0                        
            0089  G$TMOD$0$0                       
            0089  _IE0                             
            0089  _TMOD                            
            008A  G$IT1$0$0                        
            008A  G$TL0$0$0                        
            008A  _IT1                             
            008A  _TL0                             
            008B  G$IE1$0$0                        
            008B  G$TL1$0$0                        
            008B  _IE1                             
            008B  _TL1                             
            008C  G$TH0$0$0                        
            008C  G$TR0$0$0                        
            008C  _TH0                             
ASxxxx Linker V02.00 + NoICE + sdld,  page 9.
Hexadecimal

Area                               Addr   Size   Decimal Bytes (Attributes)
--------------------------------   ----   ----   ------- ----- ------------
.	.ABS.                            0000   0000 =      0. bytes (ABS,CON)

      Value  Global                              Global Defined In Module
      -----  ---------------------------------   ------------------------
            008C  _TR0                             
            008D  G$TF0$0$0                        
            008D  G$TH1$0$0                        
            008D  _TF0                             
            008D  _TH1                             
            008E  G$TR1$0$0                        
            008E  _TR1                             
            008F  G$TF1$0$0                        
            008F  _TF1                             
            0090  G$P1$0$0                         
            0090  G$P1_0$0$0                       
            0090  _P1                              
            0090  _P1_0                            
            0091  G$P1_1$0$0                       
            0091  _P1_1                            
            0092  G$P1_2$0$0                       
            0092  _P1_2                            
            0093  G$P1_3$0$0                       
            0093  _P1_3                            
            0094  G$P1_4$0$0                       
            0094  _P1_4                            
            0095  G$P1_5$0$0                       
            0095  _P1_5                            
            0096  G$P1_6$0$0                       
            0096  _P1_6                            
            0097  G$P1_7$0$0                       
            0097  _P1_7                            
            0098  G$RI$0$0                         
            0098  G$SCON$0$0                       
            0098  _RI                              
            0098  _SCON                            
            0099  G$SBUF$0$0                       
            0099  G$SBUF0$0$0                      
            0099  G$TI$0$0                         
            0099  _SBUF                            
            0099  _SBUF0                           
            0099  _TI                              
            009A  G$RB8$0$0                        
            009A  _RB8                             
            009B  G$TB8$0$0                        
            009B  _TB8                             
            009C  G$REN$0$0                        
            009C  _REN                             
            009D  G$SM2$0$0                        
            009D  _SM2                             
            009E  G$SM1$0$0                        
            009E  _SM1                             
            009F  G$SM0$0$0                        
            009F  _SM0                             
            00A0  G$P2$0$0                         
            00A0  G$P2_0$0$0                       
ASxxxx Linker V02.00 + NoICE + sdld,  page 10.
Hexadecimal

Area                               Addr   Size   Decimal Bytes (Attributes)
--------------------------------   ----   ----   ------- ----- ------------
.	.ABS.                            0000   0000 =      0. bytes (ABS,CON)

      Value  Global                              Global Defined In Module
      -----  ---------------------------------   ------------------------
            00A0  _P2                              
            00A0  _P2_0                            
            00A0  __XPAGE                          
            00A1  G$P2_1$0$0                       
            00A1  _P2_1                            
            00A2  G$P2_2$0$0                       
            00A2  _P2_2                            
            00A3  G$P2_3$0$0                       
            00A3  _P2_3                            
            00A4  G$P2_4$0$0                       
            00A4  _P2_4                            
            00A5  G$P2_5$0$0                       
            00A5  _P2_5                            
            00A6  G$P2_6$0$0                       
            00A6  _P2_6                            
            00A7  G$P2_7$0$0                       
            00A7  _P2_7                            
            00A8  G$EX0$0$0                        
            00A8  G$IE$0$0                         
            00A8  _EX0                             
            00A8  _IE                              
            00A9  G$ET0$0$0                        
            00A9  _ET0                             
            00AA  G$EX1$0$0                        
            00AA  _EX1                             
            00AB  G$ET1$0$0                        
            00AB  _ET1                             
            00AC  G$ES$0$0                         
            00AC  _ES                              
            00AF  G$EA$0$0                         
            00AF  _EA                              
            00B0  G$P3$0$0                         
            00B0  G$P3_0$0$0                       
            00B0  G$RXD$0$0                        
            00B0  G$RXD0$0$0                       
            00B0  _P3                              
            00B0  _P3_0                            
            00B0  _RXD                             
            00B0  _RXD0                            
            00B1  G$P3_1$0$0                       
            00B1  G$TXD$0$0                        
            00B1  G$TXD0$0$0                       
            00B1  _P3_1                            
            00B1  _TXD                             
            00B1  _TXD0                            
            00B2  G$INT0$0$0                       
            00B2  G$P3_2$0$0                       
            00B2  _INT0                            
            00B2  _P3_2                            
            00B3  G$INT1$0$0                       
            00B3  G$P3_3$0$0                       
ASxxxx Linker V02.00 + NoICE + sdld,  page 11.
Hexadecimal

Area                               Addr   Size   Decimal Bytes (Attributes)
--------------------------------   ----   ----   ------- ----- ------------
.	.ABS.                            0000   0000 =      0. bytes (ABS,CON)

      Value  Global                              Global Defined In Module
      -----  ---------------------------------   ------------------------
            00B3  _INT1                            
            00B3  _P3_3                            
            00B4  G$P3_4$0$0                       
            00B4  G$T0$0$0                         
            00B4  _P3_4                            
            00B4  _T0                              
            00B5  G$P3_5$0$0                       
            00B5  G$T1$0$0                         
            00B5  _P3_5                            
            00B5  _T1                              
            00B6  G$P3_6$0$0                       
            00B6  G$WR$0$0                         
            00B6  _P3_6                            
            00B6  _WR                              
            00B7  G$P3_7$0$0                       
            00B7  G$RD$0$0                         
            00B7  _P3_7                            
            00B7  _RD                              
            00B8  G$IP$0$0                         
            00B8  G$PX0$0$0                        
            00B8  _IP                              
            00B8  _PX0                             
            00B9  G$PT0$0$0                        
            00B9  _PT0                             
            00BA  G$PX1$0$0                        
            00BA  _PX1                             
            00BB  G$PT1$0$0                        
            00BB  _PT1                             
            00BC  G$PS$0$0                         
            00BC  _PS                              
            00D0  G$P$0$0                          
            00D0  G$PSW$0$0                        
            00D0  _P                               
            00D0  _PSW                             
            00D1  G$F1$0$0                         
            00D1  _F1                              
            00D2  G$OV$0$0                         
            00D2  _OV                              
            00D3  G$RS0$0$0                        
            00D3  _RS0                             
            00D4  G$RS1$0$0                        
            00D4  _RS1                             
            00D5  G$F0$0$0                         
            00D5  _F0                              
            00D6  G$AC$0$0                         
            00D6  _AC                              
            00D7  G$CY$0$0                         
            00D7  _CY                              
            00E0  G$ACC$0$0                        
            00E0  _ACC                             
            00F0  G$B$0$0                          
ASxxxx Linker V02.00 + NoICE + sdld,  page 12.
Hexadecimal

Area                               Addr   Size   Decimal Bytes (Attributes)
--------------------------------   ----   ----   ------- ----- ------------
.	.ABS.                            0000   0000 =      0. bytes (ABS,CON)

      Value  Global                              Global Defined In Module
      -----  ---------------------------------   ------------------------
            00F0  G$BREG_F0$0$0                    
            00F0  _B                               
            00F0  _BREG_F0                         
            00F1  G$BREG_F1$0$0                    
            00F1  _BREG_F1                         
            00F2  G$BREG_F2$0$0                    
            00F2  _BREG_F2                         
            00F3  G$BREG_F3$0$0                    
            00F3  _BREG_F3                         
            00F4  G$BREG_F4$0$0                    
            00F4  _BREG_F4                         
            00F5  G$BREG_F5$0$0                    
            00F5  _BREG_F5                         
            00F5  _B_5                             
            00F6  G$BREG_F6$0$0                    
            00F6  _BREG_F6                         
            00F6  _B_6                             
            00F7  G$BREG_F7$0$0                    
            00F7  _BREG_F7                         
            00F7  _B_7                             

ASxxxx Linker V02.00 + NoICE + sdld,  page 13.
Hexadecimal

Area                               Addr   Size   Decimal Bytes (Attributes)
--------------------------------   ----   ----   ------- ----- ------------
BSEG_BYTES                         0020   0002 =      2. bytes (REL,CON)

      Value  Global                              Global Defined In Module
      -----  ---------------------------------   ------------------------
ASxxxx Linker V02.00 + NoICE + sdld,  page 14.
Hexadecimal

Area                               Addr   Size   Decimal Bytes (Attributes)
--------------------------------   ----   ----   ------- ----- ------------
_CODE                              0020   0000 =      0. bytes (REL,CON)

      Value  Global                              Global Defined In Module
      -----  ---------------------------------   ------------------------
ASxxxx Linker V02.00 + NoICE + sdld,  page 15.
Hexadecimal

Area                               Addr   Size   Decimal Bytes (Attributes)
--------------------------------   ----   ----   ------- ----- ------------
REG_BANK_0                         0000   0008 =      8. bytes (REL,OVR)

      Value  Global                              Global Defined In Module
      -----  ---------------------------------   ------------------------
ASxxxx Linker V02.00 + NoICE + sdld,  page 16.
Hexadecimal

Area                               Addr   Size   Decimal Bytes (Attributes)
--------------------------------   ----   ----   ------- ----- ------------
REG_BANK_1                         0008   0000 =      0. bytes (REL,OVR)

      Value  Global                              Global Defined In Module
      -----  ---------------------------------   ------------------------
ASxxxx Linker V02.00 + NoICE + sdld,  page 17.
Hexadecimal

Area                               Addr   Size   Decimal Bytes (Attributes)
--------------------------------   ----   ----   ------- ----- ------------
REG_BANK_2                         0010   0000 =      0. bytes (REL,OVR)

      Value  Global                              Global Defined In Module
      -----  ---------------------------------   ------------------------
ASxxxx Linker V02.00 + NoICE + sdld,  page 18.
Hexadecimal

Area                               Addr   Size   Decimal Bytes (Attributes)
--------------------------------   ----   ----   ------- ----- ------------
REG_BANK_3                         0018   0000 =      0. bytes (REL,OVR)

      Value  Global                              Global Defined In Module
      -----  ---------------------------------   ------------------------
ASxxxx Linker V02.00 + NoICE + sdld,  page 19.
Hexadecimal

Area                               Addr   Size   Decimal Bytes (Attributes)
--------------------------------   ----   ----   ------- ----- ------------
BSEG                               0000   000B =     11. bytes (REL,CON,BIT)

      Value  Global                              Global Defined In Module
      -----  ---------------------------------   ------------------------
ASxxxx Linker V02.00 + NoICE + sdld,  page 20.
Hexadecimal

Area                               Addr   Size   Decimal Bytes (Attributes)
--------------------------------   ----   ----   ------- ----- ------------
BIT_BANK                           0018   0000 =      0. bytes (REL,OVR)

      Value  Global                              Global Defined In Module
      -----  ---------------------------------   ------------------------
ASxxxx Linker V02.00 + NoICE + sdld,  page 21.
Hexadecimal

Area                               Addr   Size   Decimal Bytes (Attributes)
--------------------------------   ----   ----   ------- ----- ------------
DSEG                               0000   007F =    127. bytes (REL,CON)

      Value  Global                              Global Defined In Module
      -----  ---------------------------------   ------------------------
            0008  LT6963C_autoWrite$sloc0$1$0      
            000A  LCELL_next_status$sloc0$1$0      
            000D  LCELL_next_status$sloc1$1$0      
            0010  LCELL_next_status$sloc2$1$0      
            0013  LBDD_assert$sloc0$1$0            
            0014  LGMB_display$sloc0$1$0           
            0015  LGMB_display$sloc1$1$0           
            001E  _bp                              
ASxxxx Linker V02.00 + NoICE + sdld,  page 22.
Hexadecimal

Area                               Addr   Size   Decimal Bytes (Attributes)
--------------------------------   ----   ----   ------- ----- ------------
OSEG                               0018   0000 =      0. bytes (REL,OVR)

      Value  Global                              Global Defined In Module
      -----  ---------------------------------   ------------------------
ASxxxx Linker V02.00 + NoICE + sdld,  page 23.
Hexadecimal

Area                               Addr   Size   Decimal Bytes (Attributes)
--------------------------------   ----   ----   ------- ----- ------------
ISEG                               0000   0000 =      0. bytes (REL,CON)

      Value  Global                              Global Defined In Module
      -----  ---------------------------------   ------------------------
ASxxxx Linker V02.00 + NoICE + sdld,  page 24.
Hexadecimal

Area                               Addr   Size   Decimal Bytes (Attributes)
--------------------------------   ----   ----   ------- ----- ------------
SSEG                               0022   00DE =    222. bytes (REL,OVR)

      Value  Global                              Global Defined In Module
      -----  ---------------------------------   ------------------------
            0022  __start__stack                   

ASxxxx Linker V02.00 + NoICE + sdld,  page 25.
Hexadecimal

Area                               Addr   Size   Decimal Bytes (Attributes)
--------------------------------   ----   ----   ------- ----- ------------
PSEG                               1000   0000 =      0. bytes (REL,CON,PAG,XDATA)

      Value  Global                              Global Defined In Module
      -----  ---------------------------------   ------------------------
ASxxxx Linker V02.00 + NoICE + sdld,  page 26.
Hexadecimal

Area                               Addr   Size   Decimal Bytes (Attributes)
--------------------------------   ----   ----   ------- ----- ------------
XSEG                               1000   025B =    603. bytes (REL,CON,XDATA)

      Value  Global                              Global Defined In Module
      -----  ---------------------------------   ------------------------
       0D:  1000  LT6963C_noDataCommand$command$1$1
       0D:  1001  LT6963C_oneDataCommand$data1$1$1 
       0D:  1001  _T6963C_oneDataCommand_PARM_2    
       0D:  1002  LT6963C_oneDataCommand$command$1$
       0D:  1003  LT6963C_twoDataCommand$data1$1$1 
       0D:  1003  _T6963C_twoDataCommand_PARM_2    
       0D:  1004  LT6963C_twoDataCommand$data2$1$1 
       0D:  1004  _T6963C_twoDataCommand_PARM_3    
       0D:  1005  LT6963C_twoDataCommand$command$1$
       0D:  1006  LT6963C_addressCommand$address$1$
       0D:  1006  _T6963C_addressCommand_PARM_2    
       0D:  1008  LT6963C_addressCommand$command$1$
       0D:  1009  LT6963C_addressCommand$b$1$1     
       0D:  100C  LT6963C_dataWrite$data1$1$1      
       0D:  100C  _T6963C_dataWrite_PARM_2         
       0D:  100D  LT6963C_dataWrite$address$1$1    
       0D:  100F  LT6963C_dataRead$address$1$1     
       0D:  1011  LT6963C_autoWrite$data1$1$1      
       0D:  1011  _T6963C_autoWrite_PARM_2         
       0D:  1014  LT6963C_autoWrite$size$1$1       
       0D:  1014  _T6963C_autoWrite_PARM_3         
       0D:  1016  LT6963C_autoWrite$address$1$1    
       0D:  1018  LT6963C_autoWrite$n$1$1          
       0D:  101A  LT6963C_autoRepeat$data1$1$1     
       0D:  101A  _T6963C_autoRepeat_PARM_2        
       0D:  101B  LT6963C_autoRepeat$repeats$1$1   
       0D:  101B  _T6963C_autoRepeat_PARM_3        
       0D:  101D  LT6963C_autoRepeat$address$1$1   
       0D:  101F  LT6963C_autoRepeat$n$1$1         
       0D:  1021  LT6963C_calculateAddress$y$1$1   
       0D:  1021  _T6963C_calculateAddress_PARM_2  
       0D:  1022  LT6963C_calculateAddress$x$1$1   
       0D:  1023  LT6963C_writeAt$y$1$1            
       0D:  1023  _T6963C_writeAt_PARM_2           
       0D:  1024  LT6963C_writeAt$c$1$1            
       0D:  1024  _T6963C_writeAt_PARM_3           
       0D:  1025  LT6963C_writeAt$x$1$1            
       0D:  1026  LT6963C_readFrom$y$1$1           
       0D:  1026  _T6963C_readFrom_PARM_2          
       0D:  1027  LT6963C_readFrom$x$1$1           
       0D:  1028  LSTDIO_startWritingAt$y$1$1      
       0D:  1028  _STDIO_startWritingAt_PARM_2     
       0D:  1029  LSTDIO_startWritingAt$x$1$1      
       0D:  102A  Lputchar$c$1$1                   
       0D:  102B  LassertEquals$expectedValue$1$1  
       0D:  102B  _assertEquals_PARM_2             
       0D:  102D  LassertEquals$testId$1$1         
       0D:  102D  _assertEquals_PARM_3             
       0D:  1030  LassertEquals$value$1$1          
       0D:  1032  LassertNotEquals$notExpectedValue
ASxxxx Linker V02.00 + NoICE + sdld,  page 27.
Hexadecimal

Area                               Addr   Size   Decimal Bytes (Attributes)
--------------------------------   ----   ----   ------- ----- ------------
XSEG                               1000   025B =    603. bytes (REL,CON,XDATA)

      Value  Global                              Global Defined In Module
      -----  ---------------------------------   ------------------------
       0D:  1032  _assertNotEquals_PARM_2          
       0D:  1034  LassertNotEquals$testId$1$1      
       0D:  1034  _assertNotEquals_PARM_3          
       0D:  1037  LassertNotEquals$value$1$1       
       0D:  1039  G$buffer$0$0                     
       0D:  1039  _buffer                          
       0D:  1133  LBUFFER_in$c$1$1                 
       0D:  1134  LBUFFER_out$c$1$1                
       0D:  1135  LtestBufferLimit$n$1$1           
       0D:  1137  LtestBufferLotsOfChar$n$1$1      
       0D:  1139  LCELL_liveOrDie$cell$1$1         
       0D:  113C  LCELL_next_status$cell$1$1       
       0D:  113F  LCELL_next_status$x$1$1          
       0D:  1141  LCELL_next_status$y$1$1          
       0D:  1143  LCELL_next_status$nearAliveCell$1
       0D:  1145  LCELL_switch_status$cell$1$1     
       0D:  1148  LKEYBOARD_readArrows$keyboard$1$1
       0D:  114B  LtestKeyboardArrows$keys$1$1     
       0D:  114F  LBDD_clear$n$1$1                 
       0D:  1150  LBDD_assert$testId$1$1           
       0D:  1150  _BDD_assert_PARM_2               
       0D:  1153  LBDD_assert$expectedContent$1$1  
       0D:  1156  LBDD_assert$x$1$1                
       0D:  1157  LBDD_assert$y$1$1                
       0D:  1158  LBDD_assert$unexpectedContent$1$1
       0D:  115A  LGMB_copyFromRomToCg$cgCode$1$1  
       0D:  115A  _GMB_copyFromRomToCg_PARM_2      
       0D:  115B  LGMB_copyFromRomToCg$positionInRo
       0D:  115C  LGMB_draw$y0$1$1                 
       0D:  115C  _GMB_draw_PARM_2                 
       0D:  115D  LGMB_draw$x1$1$1                 
       0D:  115D  _GMB_draw_PARM_3                 
       0D:  115E  LGMB_draw$y1$1$1                 
       0D:  115E  _GMB_draw_PARM_4                 
       0D:  115F  LGMB_draw$x0$1$1                 
       0D:  1160  LGMB_draw$x$1$1                  
       0D:  1161  LGMB_draw$y$1$1                  
       0D:  1162  LGMB_clear$y0$1$1                
       0D:  1162  _GMB_clear_PARM_2                
       0D:  1163  LGMB_clear$x1$1$1                
       0D:  1163  _GMB_clear_PARM_3                
       0D:  1164  LGMB_clear$y1$1$1                
       0D:  1164  _GMB_clear_PARM_4                
       0D:  1165  LGMB_clear$x0$1$1                
       0D:  1166  LGMB_clear$x$1$1                 
       0D:  1167  LGMB_clear$y$1$1                 
       0D:  1168  LGMB_display$y0$1$1              
       0D:  1168  _GMB_display_PARM_2              
       0D:  1169  LGMB_display$text$1$1            
       0D:  1169  _GMB_display_PARM_3              
       0D:  116C  LGMB_display$x0$1$1              
ASxxxx Linker V02.00 + NoICE + sdld,  page 28.
Hexadecimal

Area                               Addr   Size   Decimal Bytes (Attributes)
--------------------------------   ----   ----   ------- ----- ------------
XSEG                               1000   025B =    603. bytes (REL,CON,XDATA)

      Value  Global                              Global Defined In Module
      -----  ---------------------------------   ------------------------
       0D:  116D  LGMB_display$x$1$1               
       0D:  116E  LGMB_display$i$1$1               
       0D:  1170  LbddGameboardDraw$c$1$1          
       0D:  11A7  LbddGameboardClear$c$1$1         
       0D:  11DE  LbddGameboardDisplay$c$1$1       
       0D:  1215  Lrand_interval$max$1$1           
       0D:  1215  _rand_interval_PARM_2            
       0D:  1217  Lrand_interval$min$1$1           
       0D:  1219  __divuint_PARM_2                 
       0D:  1221  __gptrput_PARM_2                 
       0D:  1222  __mulint_PARM_2                  
       0D:  1224  __mullong_PARM_2                 
       0D:  1228  __modsint_PARM_2                 
       0D:  122C  __moduint_PARM_2                 
       0D:  1231  _vprintf_PARM_2                  
       0D:  1245  __print_format_PARM_2            
       0D:  1248  __print_format_PARM_3            
       0D:  124B  __print_format_PARM_4            

ASxxxx Linker V02.00 + NoICE + sdld,  page 29.
Hexadecimal

Area                               Addr   Size   Decimal Bytes (Attributes)
--------------------------------   ----   ----   ------- ----- ------------
XISEG                              125B   000A =     10. bytes (REL,CON,XDATA)

      Value  Global                              Global Defined In Module
      -----  ---------------------------------   ------------------------
       0D:  125B  G$_t6963c$0$0                    
       0D:  125B  __t6963c                         
       0D:  125D  G$address$0$0                    
       0D:  125D  _address                         
       0D:  125F  G$in$0$0                         
       0D:  125F  _in                              
       0D:  1260  G$out$0$0                        
       0D:  1260  _out                             
ASxxxx Linker V02.00 + NoICE + sdld,  page 30.
Hexadecimal

Area                               Addr   Size   Decimal Bytes (Attributes)
--------------------------------   ----   ----   ------- ----- ------------
HOME                               0000   0008 =      8. bytes (REL,CON,CODE)

      Value  Global                              Global Defined In Module
      -----  ---------------------------------   ------------------------
       0C:  0000  A$main$414                       
       0C:  0003  A$main$436                       
       0C:  0003  __sdcc_program_startup           
       0C:  0006  A$main$438                       
ASxxxx Linker V02.00 + NoICE + sdld,  page 31.
Hexadecimal

Area                               Addr   Size   Decimal Bytes (Attributes)
--------------------------------   ----   ----   ------- ----- ------------
GSINIT0                            0008   0003 =      3. bytes (REL,CON,CODE)

      Value  Global                              Global Defined In Module
      -----  ---------------------------------   ------------------------
       0C:  0008  __sdcc_gsinit_startup            

ASxxxx Linker V02.00 + NoICE + sdld,  page 32.
Hexadecimal

Area                               Addr   Size   Decimal Bytes (Attributes)
--------------------------------   ----   ----   ------- ----- ------------
GSINIT1                            000B   0000 =      0. bytes (REL,CON,CODE)

      Value  Global                              Global Defined In Module
      -----  ---------------------------------   ------------------------
ASxxxx Linker V02.00 + NoICE + sdld,  page 33.
Hexadecimal

Area                               Addr   Size   Decimal Bytes (Attributes)
--------------------------------   ----   ----   ------- ----- ------------
GSINIT2                            000B   000A =     10. bytes (REL,CON,CODE)

      Value  Global                              Global Defined In Module
      -----  ---------------------------------   ------------------------
ASxxxx Linker V02.00 + NoICE + sdld,  page 34.
Hexadecimal

Area                               Addr   Size   Decimal Bytes (Attributes)
--------------------------------   ----   ----   ------- ----- ------------
GSINIT3                            0015   0022 =     34. bytes (REL,CON,CODE)

      Value  Global                              Global Defined In Module
      -----  ---------------------------------   ------------------------
       0C:  0015  __mcs51_genXINIT                 

ASxxxx Linker V02.00 + NoICE + sdld,  page 35.
Hexadecimal

Area                               Addr   Size   Decimal Bytes (Attributes)
--------------------------------   ----   ----   ------- ----- ------------
GSINIT4                            0037   002A =     42. bytes (REL,CON,CODE)

      Value  Global                              Global Defined In Module
      -----  ---------------------------------   ------------------------
       0C:  0037  __mcs51_genRAMCLEAR              
       0C:  003D  __mcs51_genXRAMCLEAR             

ASxxxx Linker V02.00 + NoICE + sdld,  page 36.
Hexadecimal

Area                               Addr   Size   Decimal Bytes (Attributes)
--------------------------------   ----   ----   ------- ----- ------------
GSINIT5                            0061   0000 =      0. bytes (REL,CON,CODE)

      Value  Global                              Global Defined In Module
      -----  ---------------------------------   ------------------------
ASxxxx Linker V02.00 + NoICE + sdld,  page 37.
Hexadecimal

Area                               Addr   Size   Decimal Bytes (Attributes)
--------------------------------   ----   ----   ------- ----- ------------
GSINIT                             0061   0000 =      0. bytes (REL,CON,CODE)

      Value  Global                              Global Defined In Module
      -----  ---------------------------------   ------------------------
ASxxxx Linker V02.00 + NoICE + sdld,  page 38.
Hexadecimal

Area                               Addr   Size   Decimal Bytes (Attributes)
--------------------------------   ----   ----   ------- ----- ------------
GSFINAL                            0061   0003 =      3. bytes (REL,CON,CODE)

      Value  Global                              Global Defined In Module
      -----  ---------------------------------   ------------------------
       0C:  0061  A$main$429                       

ASxxxx Linker V02.00 + NoICE + sdld,  page 39.
Hexadecimal

Area                               Addr   Size   Decimal Bytes (Attributes)
--------------------------------   ----   ----   ------- ----- ------------
CSEG                               0064   24C4 =   9412. bytes (REL,CON,CODE)

      Value  Global                              Global Defined In Module
      -----  ---------------------------------   ------------------------
       0C:  0064  A$main$465                       
       0C:  0064  C$main.c$42$0$0                  
       0C:  0064  C$main.c$44$1$1                  
       0C:  0064  G$main$0$0                       
       0C:  0064  _main                            
       0C:  0067  A$main$468                       
       0C:  0067  C$main.c$46$1$1                  
       0C:  006A  A$main$469                       
       0C:  006C  A$main$470                       
       0C:  006E  A$main$473                       
       0C:  006E  C$main.c$47$1$1                  
       0C:  0070  A$main$474                       
       0C:  0072  A$main$475                       
       0C:  0075  A$main$476                       
       0C:  0077  A$main$477                       
       0C:  0079  A$main$478                       
       0C:  007B  A$main$479                       
       0C:  007D  A$main$480                       
       0C:  007E  A$main$481                       
       0C:  007F  A$main$482                       
       0C:  0080  A$main$483                       
       0C:  0081  A$main$484                       
       0C:  0082  A$main$485                       
       0C:  0083  A$main$488                       
       0C:  0083  C$main.c$48$1$1                  
       0C:  0085  A$main$489                       
       0C:  0087  A$main$490                       
       0C:  008A  A$main$491                       
       0C:  008C  A$main$492                       
       0C:  008E  A$main$493                       
       0C:  0090  A$main$494                       
       0C:  0092  A$main$495                       
       0C:  0093  A$main$496                       
       0C:  0094  A$main$497                       
       0C:  0095  A$main$498                       
       0C:  0096  A$main$499                       
       0C:  0097  A$main$500                       
       0C:  0098  A$main$503                       
       0C:  0098  C$main.c$49$1$1                  
       0C:  009A  A$main$504                       
       0C:  009C  A$main$505                       
       0C:  009F  A$main$506                       
       0C:  00A1  A$main$507                       
       0C:  00A3  A$main$508                       
       0C:  00A5  A$main$509                       
       0C:  00A7  A$main$510                       
       0C:  00A8  A$main$511                       
       0C:  00A9  A$main$512                       
       0C:  00AA  A$main$513                       
       0C:  00AB  A$main$514                       
ASxxxx Linker V02.00 + NoICE + sdld,  page 40.
Hexadecimal

Area                               Addr   Size   Decimal Bytes (Attributes)
--------------------------------   ----   ----   ------- ----- ------------
CSEG                               0064   24C4 =   9412. bytes (REL,CON,CODE)

      Value  Global                              Global Defined In Module
      -----  ---------------------------------   ------------------------
       0C:  00AC  A$main$515                       
       0C:  00AD  A$main$518                       
       0C:  00AD  C$main.c$51$1$1                  
       0C:  00AF  A$main$519                       
       0C:  00B1  A$main$520                       
       0C:  00B3  A$main$521                       
       0C:  00B5  A$main$522                       
       0C:  00B7  A$main$523                       
       0C:  00B9  A$main$524                       
       0C:  00BB  A$main$525                       
       0C:  00BD  A$main$526                       
       0C:  00C0  A$main$527                       
       0C:  00C2  A$main$528                       
       0C:  00C4  A$main$529                       
       0C:  00C6  A$main$535                       
       0C:  00C6  C$main.c$53$1$1                  
       0C:  00C6  C$main.c$54$1$1                  
       0C:  00C6  XG$main$0$0                      
       0C:  00C8  A$t6963c$557                     
       0C:  00C8  C$t6963c.c$21$0$0                
       0C:  00C8  C$t6963c.c$23$1$1                
       0C:  00C8  C$t6963c.c$24$2$2                
       0C:  00C8  G$T6963C_statusCheck$0$0         
       0C:  00C8  _T6963C_statusCheck              
       0C:  00CB  A$t6963c$558                     
       0C:  00CC  A$t6963c$559                     
       0C:  00CD  A$t6963c$560                     
       0C:  00CE  A$t6963c$561                     
       0C:  00CF  A$t6963c$562                     
       0C:  00D0  A$t6963c$563                     
       0C:  00D2  A$t6963c$564                     
       0C:  00D4  A$t6963c$565                     
       0C:  00D5  A$t6963c$566                     
       0C:  00D6  A$t6963c$567                     
       0C:  00D7  A$t6963c$570                     
       0C:  00D7  C$t6963c.c$25$2$2                
       0C:  00DA  A$t6963c$573                     
       0C:  00DA  C$t6963c.c$26$1$1                
       0C:  00DD  A$t6963c$576                     
       0C:  00DD  C$t6963c.c$27$1$1                
       0C:  00DD  XG$T6963C_statusCheck$0$0        
       0C:  00DE  A$t6963c$589                     
       0C:  00DE  C$t6963c.c$33$1$1                
       0C:  00DE  G$T6963C_noDataCommand$0$0       
       0C:  00DE  _T6963C_noDataCommand            
       0C:  00E0  A$t6963c$590                     
       0C:  00E3  A$t6963c$591                     
       0C:  00E4  A$t6963c$594                     
       0C:  00E4  C$t6963c.c$34$1$1                
       0C:  00E7  A$t6963c$597                     
       0C:  00E7  C$t6963c.c$35$1$1                
ASxxxx Linker V02.00 + NoICE + sdld,  page 41.
Hexadecimal

Area                               Addr   Size   Decimal Bytes (Attributes)
--------------------------------   ----   ----   ------- ----- ------------
CSEG                               0064   24C4 =   9412. bytes (REL,CON,CODE)

      Value  Global                              Global Defined In Module
      -----  ---------------------------------   ------------------------
       0C:  00EA  A$t6963c$598                     
       0C:  00EB  A$t6963c$599                     
       0C:  00EC  A$t6963c$600                     
       0C:  00ED  A$t6963c$601                     
       0C:  00EE  A$t6963c$602                     
       0C:  00EF  A$t6963c$603                     
       0C:  00F0  A$t6963c$604                     
       0C:  00F3  A$t6963c$605                     
       0C:  00F4  A$t6963c$607                     
       0C:  00F7  A$t6963c$608                     
       0C:  00F8  A$t6963c$609                     
       0C:  00FA  A$t6963c$610                     
       0C:  00FC  A$t6963c$611                     
       0C:  00FD  A$t6963c$614                     
       0C:  00FD  C$t6963c.c$36$1$1                
       0C:  00FD  XG$T6963C_noDataCommand$0$0      
       0C:  00FE  A$t6963c$628                     
       0C:  00FE  C$t6963c.c$43$1$1                
       0C:  00FE  G$T6963C_oneDataCommand$0$0      
       0C:  00FE  _T6963C_oneDataCommand           
       0C:  0100  A$t6963c$629                     
       0C:  0103  A$t6963c$630                     
       0C:  0104  A$t6963c$633                     
       0C:  0104  C$t6963c.c$44$1$1                
       0C:  0107  A$t6963c$636                     
       0C:  0107  C$t6963c.c$45$1$1                
       0C:  010A  A$t6963c$637                     
       0C:  010B  A$t6963c$638                     
       0C:  010C  A$t6963c$639                     
       0C:  010D  A$t6963c$640                     
       0C:  010E  A$t6963c$641                     
       0C:  010F  A$t6963c$642                     
       0C:  0112  A$t6963c$643                     
       0C:  0113  A$t6963c$644                     
       0C:  0115  A$t6963c$645                     
       0C:  0117  A$t6963c$646                     
       0C:  0118  A$t6963c$649                     
       0C:  0118  C$t6963c.c$46$1$1                
       0C:  011B  A$t6963c$652                     
       0C:  011B  C$t6963c.c$47$1$1                
       0C:  011E  A$t6963c$653                     
       0C:  011F  A$t6963c$654                     
       0C:  0120  A$t6963c$655                     
       0C:  0121  A$t6963c$656                     
       0C:  0122  A$t6963c$657                     
       0C:  0123  A$t6963c$658                     
       0C:  0124  A$t6963c$659                     
       0C:  0127  A$t6963c$660                     
       0C:  0128  A$t6963c$662                     
       0C:  012B  A$t6963c$663                     
       0C:  012C  A$t6963c$664                     
ASxxxx Linker V02.00 + NoICE + sdld,  page 42.
Hexadecimal

Area                               Addr   Size   Decimal Bytes (Attributes)
--------------------------------   ----   ----   ------- ----- ------------
CSEG                               0064   24C4 =   9412. bytes (REL,CON,CODE)

      Value  Global                              Global Defined In Module
      -----  ---------------------------------   ------------------------
       0C:  012E  A$t6963c$665                     
       0C:  0130  A$t6963c$666                     
       0C:  0131  A$t6963c$669                     
       0C:  0131  C$t6963c.c$48$1$1                
       0C:  0131  XG$T6963C_oneDataCommand$0$0     
       0C:  0132  A$t6963c$684                     
       0C:  0132  C$t6963c.c$56$1$1                
       0C:  0132  G$T6963C_twoDataCommand$0$0      
       0C:  0132  _T6963C_twoDataCommand           
       0C:  0134  A$t6963c$685                     
       0C:  0137  A$t6963c$686                     
       0C:  0138  A$t6963c$689                     
       0C:  0138  C$t6963c.c$59$1$1                
       0C:  013B  A$t6963c$692                     
       0C:  013B  C$t6963c.c$60$1$1                
       0C:  013E  A$t6963c$693                     
       0C:  013F  A$t6963c$694                     
       0C:  0140  A$t6963c$695                     
       0C:  0141  A$t6963c$696                     
       0C:  0142  A$t6963c$697                     
       0C:  0143  A$t6963c$698                     
       0C:  0146  A$t6963c$699                     
       0C:  0147  A$t6963c$700                     
       0C:  0149  A$t6963c$701                     
       0C:  014B  A$t6963c$702                     
       0C:  014C  A$t6963c$705                     
       0C:  014C  C$t6963c.c$61$1$1                
       0C:  014F  A$t6963c$708                     
       0C:  014F  C$t6963c.c$62$1$1                
       0C:  0152  A$t6963c$709                     
       0C:  0153  A$t6963c$710                     
       0C:  0154  A$t6963c$711                     
       0C:  0155  A$t6963c$712                     
       0C:  0156  A$t6963c$713                     
       0C:  0157  A$t6963c$714                     
       0C:  015A  A$t6963c$715                     
       0C:  015B  A$t6963c$716                     
       0C:  015D  A$t6963c$717                     
       0C:  015F  A$t6963c$718                     
       0C:  0160  A$t6963c$721                     
       0C:  0160  C$t6963c.c$63$1$1                
       0C:  0163  A$t6963c$724                     
       0C:  0163  C$t6963c.c$64$1$1                
       0C:  0166  A$t6963c$725                     
       0C:  0167  A$t6963c$726                     
       0C:  0168  A$t6963c$727                     
       0C:  0169  A$t6963c$728                     
       0C:  016A  A$t6963c$729                     
       0C:  016B  A$t6963c$730                     
       0C:  016C  A$t6963c$731                     
       0C:  016F  A$t6963c$732                     
ASxxxx Linker V02.00 + NoICE + sdld,  page 43.
Hexadecimal

Area                               Addr   Size   Decimal Bytes (Attributes)
--------------------------------   ----   ----   ------- ----- ------------
CSEG                               0064   24C4 =   9412. bytes (REL,CON,CODE)

      Value  Global                              Global Defined In Module
      -----  ---------------------------------   ------------------------
       0C:  0170  A$t6963c$734                     
       0C:  0173  A$t6963c$735                     
       0C:  0174  A$t6963c$736                     
       0C:  0176  A$t6963c$737                     
       0C:  0178  A$t6963c$738                     
       0C:  0179  A$t6963c$741                     
       0C:  0179  C$t6963c.c$65$1$1                
       0C:  0179  XG$T6963C_twoDataCommand$0$0     
       0C:  017A  A$t6963c$756                     
       0C:  017A  C$t6963c.c$72$1$1                
       0C:  017A  G$T6963C_addressCommand$0$0      
       0C:  017A  _T6963C_addressCommand           
       0C:  017C  A$t6963c$757                     
       0C:  017F  A$t6963c$758                     
       0C:  0180  A$t6963c$761                     
       0C:  0180  C$t6963c.c$74$1$1                
       0C:  0183  A$t6963c$762                     
       0C:  0185  A$t6963c$763                     
       0C:  0186  A$t6963c$764                     
       0C:  0187  A$t6963c$765                     
       0C:  0189  A$t6963c$766                     
       0C:  018A  A$t6963c$767                     
       0C:  018B  A$t6963c$768                     
       0C:  018C  A$t6963c$769                     
       0C:  018D  A$t6963c$772                     
       0C:  018D  C$t6963c.c$75$1$1                
       0C:  0190  A$t6963c$775                     
       0C:  0190  C$t6963c.c$76$1$1                
       0C:  0193  A$t6963c$776                     
       0C:  0194  A$t6963c$777                     
       0C:  0195  A$t6963c$778                     
       0C:  0196  A$t6963c$779                     
       0C:  0197  A$t6963c$780                     
       0C:  0198  A$t6963c$781                     
       0C:  019B  A$t6963c$782                     
       0C:  019C  A$t6963c$783                     
       0C:  019D  A$t6963c$784                     
       0C:  019E  A$t6963c$785                     
       0C:  019F  A$t6963c$786                     
       0C:  01A0  A$t6963c$787                     
       0C:  01A1  A$t6963c$788                     
       0C:  01A2  A$t6963c$789                     
       0C:  01A3  A$t6963c$790                     
       0C:  01A5  A$t6963c$791                     
       0C:  01A7  A$t6963c$792                     
       0C:  01A9  A$t6963c$793                     
       0C:  01AC  A$t6963c$794                     
       0C:  01AE  A$t6963c$795                     
       0C:  01B0  A$t6963c$796                     
       0C:  01B1  A$t6963c$799                     
       0C:  01B1  C$t6963c.c$77$1$1                
ASxxxx Linker V02.00 + NoICE + sdld,  page 44.
Hexadecimal

Area                               Addr   Size   Decimal Bytes (Attributes)
--------------------------------   ----   ----   ------- ----- ------------
CSEG                               0064   24C4 =   9412. bytes (REL,CON,CODE)

      Value  Global                              Global Defined In Module
      -----  ---------------------------------   ------------------------
       0C:  01B3  A$t6963c$800                     
       0C:  01B5  A$t6963c$801                     
       0C:  01B7  A$t6963c$802                     
       0C:  01BA  A$t6963c$803                     
       0C:  01BC  A$t6963c$804                     
       0C:  01BE  A$t6963c$805                     
       0C:  01C0  A$t6963c$808                     
       0C:  01C0  C$t6963c.c$78$1$1                
       0C:  01C3  A$t6963c$809                     
       0C:  01C4  A$t6963c$810                     
       0C:  01C5  A$t6963c$811                     
       0C:  01C6  A$t6963c$812                     
       0C:  01C7  A$t6963c$813                     
       0C:  01C8  A$t6963c$814                     
       0C:  01C9  A$t6963c$815                     
       0C:  01CC  A$t6963c$816                     
       0C:  01CD  A$t6963c$818                     
       0C:  01CF  A$t6963c$819                     
       0C:  01D1  A$t6963c$820                     
       0C:  01D3  A$t6963c$821                     
       0C:  01D6  A$t6963c$822                     
       0C:  01D8  A$t6963c$823                     
       0C:  01DA  A$t6963c$824                     
       0C:  01DB  A$t6963c$827                     
       0C:  01DB  C$t6963c.c$79$1$1                
       0C:  01DE  A$t6963c$830                     
       0C:  01DE  C$t6963c.c$80$1$1                
       0C:  01E1  A$t6963c$831                     
       0C:  01E2  A$t6963c$832                     
       0C:  01E3  A$t6963c$833                     
       0C:  01E4  A$t6963c$834                     
       0C:  01E5  A$t6963c$835                     
       0C:  01E6  A$t6963c$836                     
       0C:  01E7  A$t6963c$837                     
       0C:  01EA  A$t6963c$838                     
       0C:  01EB  A$t6963c$840                     
       0C:  01EE  A$t6963c$841                     
       0C:  01EF  A$t6963c$842                     
       0C:  01F1  A$t6963c$843                     
       0C:  01F3  A$t6963c$844                     
       0C:  01F4  A$t6963c$847                     
       0C:  01F4  C$t6963c.c$81$1$1                
       0C:  01F4  XG$T6963C_addressCommand$0$0     
       0C:  01F5  A$t6963c$863                     
       0C:  01F5  C$t6963c.c$89$1$1                
       0C:  01F5  C$t6963c.c$90$1$1                
       0C:  01F5  G$T6963C_dataWrite$0$0           
       0C:  01F5  _T6963C_dataWrite                
       0C:  01F7  A$t6963c$864                     
       0C:  01F9  A$t6963c$865                     
       0C:  01FC  A$t6963c$866                     
ASxxxx Linker V02.00 + NoICE + sdld,  page 45.
Hexadecimal

Area                               Addr   Size   Decimal Bytes (Attributes)
--------------------------------   ----   ----   ------- ----- ------------
CSEG                               0064   24C4 =   9412. bytes (REL,CON,CODE)

      Value  Global                              Global Defined In Module
      -----  ---------------------------------   ------------------------
       0C:  01FD  A$t6963c$867                     
       0C:  01FE  A$t6963c$868                     
       0C:  01FF  A$t6963c$869                     
       0C:  0200  A$t6963c$870                     
       0C:  0201  A$t6963c$871                     
       0C:  0204  A$t6963c$872                     
       0C:  0205  A$t6963c$873                     
       0C:  0206  A$t6963c$874                     
       0C:  0207  A$t6963c$875                     
       0C:  0208  A$t6963c$876                     
       0C:  0209  A$t6963c$877                     
       0C:  020C  A$t6963c$878                     
       0C:  020F  A$t6963c$881                     
       0C:  020F  C$t6963c.c$91$1$1                
       0C:  0212  A$t6963c$882                     
       0C:  0213  A$t6963c$883                     
       0C:  0216  A$t6963c$884                     
       0C:  0217  A$t6963c$885                     
       0C:  021A  A$t6963c$888                     
       0C:  021A  C$t6963c.c$92$1$1                
       0C:  021A  XG$T6963C_dataWrite$0$0          
       0C:  021D  A$t6963c$903                     
       0C:  021D  C$t6963c.c$100$1$1               
       0C:  021D  C$t6963c.c$99$1$1                
       0C:  021D  G$T6963C_dataRead$0$0            
       0C:  021D  _T6963C_dataRead                 
       0C:  021F  A$t6963c$904                     
       0C:  0221  A$t6963c$905                     
       0C:  0224  A$t6963c$906                     
       0C:  0225  A$t6963c$907                     
       0C:  0226  A$t6963c$908                     
       0C:  0227  A$t6963c$909                     
       0C:  0228  A$t6963c$910                     
       0C:  0229  A$t6963c$911                     
       0C:  022C  A$t6963c$912                     
       0C:  022D  A$t6963c$913                     
       0C:  022E  A$t6963c$914                     
       0C:  022F  A$t6963c$915                     
       0C:  0230  A$t6963c$916                     
       0C:  0231  A$t6963c$917                     
       0C:  0234  A$t6963c$918                     
       0C:  0237  A$t6963c$921                     
       0C:  0237  C$t6963c.c$101$1$1               
       0C:  023A  A$t6963c$922                     
       0C:  023D  A$t6963c$925                     
       0C:  023D  C$t6963c.c$102$1$1               
       0C:  0240  A$t6963c$926                     
       0C:  0241  A$t6963c$927                     
       0C:  0242  A$t6963c$928                     
       0C:  0243  A$t6963c$929                     
       0C:  0244  A$t6963c$930                     
ASxxxx Linker V02.00 + NoICE + sdld,  page 46.
Hexadecimal

Area                               Addr   Size   Decimal Bytes (Attributes)
--------------------------------   ----   ----   ------- ----- ------------
CSEG                               0064   24C4 =   9412. bytes (REL,CON,CODE)

      Value  Global                              Global Defined In Module
      -----  ---------------------------------   ------------------------
       0C:  0245  A$t6963c$931                     
       0C:  0247  A$t6963c$932                     
       0C:  0249  A$t6963c$933                     
       0C:  024A  A$t6963c$936                     
       0C:  024A  C$t6963c.c$103$1$1               
       0C:  024A  XG$T6963C_dataRead$0$0           
       0C:  024C  A$t6963c$937                     
       0C:  024D  A$t6963c$955                     
       0C:  024D  C$t6963c.c$108$1$1               
       0C:  024D  C$t6963c.c$110$1$1               
       0C:  024D  C$t6963c.c$111$2$2               
       0C:  024D  G$T6963C_statusCheckForAutoWrite$
       0C:  024D  _T6963C_statusCheckForAutoWrite  
       0C:  0250  A$t6963c$956                     
       0C:  0251  A$t6963c$957                     
       0C:  0252  A$t6963c$958                     
       0C:  0253  A$t6963c$959                     
       0C:  0254  A$t6963c$960                     
       0C:  0255  A$t6963c$961                     
       0C:  0257  A$t6963c$962                     
       0C:  0259  A$t6963c$963                     
       0C:  025A  A$t6963c$964                     
       0C:  025B  A$t6963c$965                     
       0C:  025C  A$t6963c$968                     
       0C:  025C  C$t6963c.c$112$2$2               
       0C:  025F  A$t6963c$971                     
       0C:  025F  C$t6963c.c$113$1$1               
       0C:  0262  A$t6963c$974                     
       0C:  0262  C$t6963c.c$114$1$1               
       0C:  0262  XG$T6963C_statusCheckForAutoWrite
       0C:  0263  A$t6963c$993                     
       0C:  0263  C$t6963c.c$124$1$1               
       0C:  0263  C$t6963c.c$128$1$1               
       0C:  0263  G$T6963C_autoWrite$0$0           
       0C:  0263  _T6963C_autoWrite                
       0C:  0265  A$t6963c$994                     
       0C:  0267  A$t6963c$995                     
       0C:  026A  A$t6963c$996                     
       0C:  026B  A$t6963c$997                     
       0C:  026C  A$t6963c$998                     
       0C:  026D  A$t6963c$999                     
       0C:  026E  A$t6963c$1000                    
       0C:  026F  A$t6963c$1001                    
       0C:  0272  A$t6963c$1002                    
       0C:  0273  A$t6963c$1003                    
       0C:  0274  A$t6963c$1004                    
       0C:  0275  A$t6963c$1005                    
       0C:  0276  A$t6963c$1006                    
       0C:  0277  A$t6963c$1007                    
       0C:  027A  A$t6963c$1008                    
       0C:  027D  A$t6963c$1011                    
ASxxxx Linker V02.00 + NoICE + sdld,  page 47.
Hexadecimal

Area                               Addr   Size   Decimal Bytes (Attributes)
--------------------------------   ----   ----   ------- ----- ------------
CSEG                               0064   24C4 =   9412. bytes (REL,CON,CODE)

      Value  Global                              Global Defined In Module
      -----  ---------------------------------   ------------------------
       0C:  027D  C$t6963c.c$129$1$1               
       0C:  0280  A$t6963c$1012                    
       0C:  0283  A$t6963c$1015                    
       0C:  0286  A$t6963c$1016                    
       0C:  0287  A$t6963c$1017                    
       0C:  0288  A$t6963c$1018                    
       0C:  0289  A$t6963c$1019                    
       0C:  028A  A$t6963c$1020                    
       0C:  028D  A$t6963c$1021                    
       0C:  028E  A$t6963c$1022                    
       0C:  028F  A$t6963c$1023                    
       0C:  0290  A$t6963c$1024                    
       0C:  0291  A$t6963c$1025                    
       0C:  0292  A$t6963c$1026                    
       0C:  0293  A$t6963c$1027                    
       0C:  0294  A$t6963c$1028                    
       0C:  0295  A$t6963c$1029                    
       0C:  0298  A$t6963c$1030                    
       0C:  0299  A$t6963c$1031                    
       0C:  029A  A$t6963c$1032                    
       0C:  029B  A$t6963c$1033                    
       0C:  029C  A$t6963c$1034                    
       0C:  029D  A$t6963c$1036                    
       0C:  02A0  A$t6963c$1037                    
       0C:  02A1  A$t6963c$1038                    
       0C:  02A2  A$t6963c$1039                    
       0C:  02A3  A$t6963c$1040                    
       0C:  02A4  A$t6963c$1041                    
       0C:  02A5  A$t6963c$1042                    
       0C:  02A6  A$t6963c$1043                    
       0C:  02A7  A$t6963c$1044                    
       0C:  02A8  A$t6963c$1045                    
       0C:  02A9  A$t6963c$1046                    
       0C:  02AA  A$t6963c$1047                    
       0C:  02AC  A$t6963c$1050                    
       0C:  02AC  C$t6963c.c$131$1$1               
       0C:  02AE  A$t6963c$1051                    
       0C:  02B0  A$t6963c$1052                    
       0C:  02B3  A$t6963c$1053                    
       0C:  02B4  A$t6963c$1054                    
       0C:  02B6  A$t6963c$1055                    
       0C:  02B7  A$t6963c$1056                    
       0C:  02B8  A$t6963c$1057                    
       0C:  02B9  A$t6963c$1058                    
       0C:  02BB  A$t6963c$1059                    
       0C:  02BC  A$t6963c$1062                    
       0C:  02BC  C$t6963c.c$132$2$2               
       0C:  02BE  A$t6963c$1063                    
       0C:  02C0  A$t6963c$1064                    
       0C:  02C2  A$t6963c$1065                    
       0C:  02C4  A$t6963c$1066                    
ASxxxx Linker V02.00 + NoICE + sdld,  page 48.
Hexadecimal

Area                               Addr   Size   Decimal Bytes (Attributes)
--------------------------------   ----   ----   ------- ----- ------------
CSEG                               0064   24C4 =   9412. bytes (REL,CON,CODE)

      Value  Global                              Global Defined In Module
      -----  ---------------------------------   ------------------------
       0C:  02C6  A$t6963c$1067                    
       0C:  02C8  A$t6963c$1068                    
       0C:  02CA  A$t6963c$1069                    
       0C:  02CD  A$t6963c$1070                    
       0C:  02CF  A$t6963c$1071                    
       0C:  02D1  A$t6963c$1072                    
       0C:  02D3  A$t6963c$1073                    
       0C:  02D5  A$t6963c$1074                    
       0C:  02D7  A$t6963c$1075                    
       0C:  02D9  A$t6963c$1076                    
       0C:  02DB  A$t6963c$1079                    
       0C:  02DB  C$t6963c.c$133$2$2               
       0C:  02DE  A$t6963c$1080                    
       0C:  02DF  A$t6963c$1081                    
       0C:  02E1  A$t6963c$1082                    
       0C:  02E2  A$t6963c$1083                    
       0C:  02E3  A$t6963c$1084                    
       0C:  02E5  A$t6963c$1085                    
       0C:  02E6  A$t6963c$1086                    
       0C:  02E7  A$t6963c$1087                    
       0C:  02E8  A$t6963c$1088                    
       0C:  02E9  A$t6963c$1089                    
       0C:  02EA  A$t6963c$1090                    
       0C:  02EB  A$t6963c$1091                    
       0C:  02ED  A$t6963c$1092                    
       0C:  02EF  A$t6963c$1093                    
       0C:  02F1  A$t6963c$1094                    
       0C:  02F3  A$t6963c$1095                    
       0C:  02F6  A$t6963c$1096                    
       0C:  02F9  A$t6963c$1097                    
       0C:  02FC  A$t6963c$1098                    
       0C:  02FD  A$t6963c$1101                    
       0C:  02FD  C$t6963c.c$130$1$1               
       0C:  0300  A$t6963c$1102                    
       0C:  0302  A$t6963c$1103                    
       0C:  0303  A$t6963c$1104                    
       0C:  0304  A$t6963c$1105                    
       0C:  0305  A$t6963c$1106                    
       0C:  0306  A$t6963c$1107                    
       0C:  0307  A$t6963c$1108                    
       0C:  0308  A$t6963c$1109                    
       0C:  030A  A$t6963c$1110                    
       0C:  030C  A$t6963c$1111                    
       0C:  030E  A$t6963c$1115                    
       0C:  030E  C$t6963c.c$135$1$1               
       0C:  0311  A$t6963c$1116                    
       0C:  0314  A$t6963c$1119                    
       0C:  0314  C$t6963c.c$136$1$1               
       0C:  0317  A$t6963c$1120                    
       0C:  0318  A$t6963c$1121                    
       0C:  0319  A$t6963c$1122                    
ASxxxx Linker V02.00 + NoICE + sdld,  page 49.
Hexadecimal

Area                               Addr   Size   Decimal Bytes (Attributes)
--------------------------------   ----   ----   ------- ----- ------------
CSEG                               0064   24C4 =   9412. bytes (REL,CON,CODE)

      Value  Global                              Global Defined In Module
      -----  ---------------------------------   ------------------------
       0C:  031A  A$t6963c$1123                    
       0C:  031B  A$t6963c$1126                    
       0C:  031B  C$t6963c.c$137$1$1               
       0C:  031B  XG$T6963C_autoWrite$0$0          
       0C:  031D  A$t6963c$1127                    
       0C:  031F  A$t6963c$1128                    
       0C:  0320  A$t6963c$1146                    
       0C:  0320  C$t6963c.c$146$1$1               
       0C:  0320  C$t6963c.c$150$1$1               
       0C:  0320  G$T6963C_autoRepeat$0$0          
       0C:  0320  _T6963C_autoRepeat               
       0C:  0322  A$t6963c$1147                    
       0C:  0324  A$t6963c$1148                    
       0C:  0327  A$t6963c$1149                    
       0C:  0328  A$t6963c$1150                    
       0C:  0329  A$t6963c$1151                    
       0C:  032A  A$t6963c$1152                    
       0C:  032B  A$t6963c$1153                    
       0C:  032C  A$t6963c$1154                    
       0C:  032F  A$t6963c$1155                    
       0C:  0330  A$t6963c$1156                    
       0C:  0331  A$t6963c$1157                    
       0C:  0332  A$t6963c$1158                    
       0C:  0333  A$t6963c$1159                    
       0C:  0334  A$t6963c$1160                    
       0C:  0337  A$t6963c$1161                    
       0C:  033A  A$t6963c$1164                    
       0C:  033A  C$t6963c.c$151$1$1               
       0C:  033D  A$t6963c$1165                    
       0C:  0340  A$t6963c$1168                    
       0C:  0343  A$t6963c$1169                    
       0C:  0344  A$t6963c$1170                    
       0C:  0345  A$t6963c$1171                    
       0C:  0346  A$t6963c$1172                    
       0C:  0347  A$t6963c$1173                    
       0C:  034A  A$t6963c$1174                    
       0C:  034B  A$t6963c$1175                    
       0C:  034C  A$t6963c$1176                    
       0C:  034F  A$t6963c$1177                    
       0C:  0350  A$t6963c$1178                    
       0C:  0351  A$t6963c$1179                    
       0C:  0352  A$t6963c$1180                    
       0C:  0353  A$t6963c$1181                    
       0C:  0354  A$t6963c$1183                    
       0C:  0357  A$t6963c$1184                    
       0C:  0358  A$t6963c$1185                    
       0C:  0359  A$t6963c$1186                    
       0C:  035A  A$t6963c$1187                    
       0C:  035B  A$t6963c$1188                    
       0C:  035C  A$t6963c$1189                    
       0C:  035D  A$t6963c$1190                    
ASxxxx Linker V02.00 + NoICE + sdld,  page 50.
Hexadecimal

Area                               Addr   Size   Decimal Bytes (Attributes)
--------------------------------   ----   ----   ------- ----- ------------
CSEG                               0064   24C4 =   9412. bytes (REL,CON,CODE)

      Value  Global                              Global Defined In Module
      -----  ---------------------------------   ------------------------
       0C:  035E  A$t6963c$1191                    
       0C:  035F  A$t6963c$1192                    
       0C:  0360  A$t6963c$1193                    
       0C:  0361  A$t6963c$1194                    
       0C:  0363  A$t6963c$1197                    
       0C:  0363  C$t6963c.c$153$2$2               
       0C:  0366  A$t6963c$1198                    
       0C:  0367  A$t6963c$1199                    
       0C:  0369  A$t6963c$1200                    
       0C:  036A  A$t6963c$1201                    
       0C:  036B  A$t6963c$1202                    
       0C:  036C  A$t6963c$1203                    
       0C:  036E  A$t6963c$1204                    
       0C:  036F  A$t6963c$1207                    
       0C:  036F  C$t6963c.c$154$2$2               
       0C:  0371  A$t6963c$1208                    
       0C:  0373  A$t6963c$1209                    
       0C:  0375  A$t6963c$1210                    
       0C:  0377  A$t6963c$1211                    
       0C:  0379  A$t6963c$1212                    
       0C:  037C  A$t6963c$1213                    
       0C:  037E  A$t6963c$1214                    
       0C:  0380  A$t6963c$1215                    
       0C:  0382  A$t6963c$1216                    
       0C:  0384  A$t6963c$1217                    
       0C:  0386  A$t6963c$1220                    
       0C:  0386  C$t6963c.c$155$2$2               
       0C:  0389  A$t6963c$1221                    
       0C:  038A  A$t6963c$1222                    
       0C:  038B  A$t6963c$1223                    
       0C:  038C  A$t6963c$1224                    
       0C:  038D  A$t6963c$1225                    
       0C:  038E  A$t6963c$1226                    
       0C:  0390  A$t6963c$1227                    
       0C:  0392  A$t6963c$1228                    
       0C:  0393  A$t6963c$1229                    
       0C:  0394  A$t6963c$1232                    
       0C:  0394  C$t6963c.c$152$1$1               
       0C:  0397  A$t6963c$1233                    
       0C:  0399  A$t6963c$1234                    
       0C:  039A  A$t6963c$1235                    
       0C:  039B  A$t6963c$1236                    
       0C:  039C  A$t6963c$1237                    
       0C:  039D  A$t6963c$1238                    
       0C:  039E  A$t6963c$1239                    
       0C:  039F  A$t6963c$1240                    
       0C:  03A1  A$t6963c$1244                    
       0C:  03A1  C$t6963c.c$157$1$1               
       0C:  03A4  A$t6963c$1245                    
       0C:  03A7  A$t6963c$1248                    
       0C:  03A7  C$t6963c.c$158$1$1               
ASxxxx Linker V02.00 + NoICE + sdld,  page 51.
Hexadecimal

Area                               Addr   Size   Decimal Bytes (Attributes)
--------------------------------   ----   ----   ------- ----- ------------
CSEG                               0064   24C4 =   9412. bytes (REL,CON,CODE)

      Value  Global                              Global Defined In Module
      -----  ---------------------------------   ------------------------
       0C:  03AA  A$t6963c$1249                    
       0C:  03AB  A$t6963c$1250                    
       0C:  03AC  A$t6963c$1251                    
       0C:  03AD  A$t6963c$1252                    
       0C:  03AE  A$t6963c$1255                    
       0C:  03AE  C$t6963c.c$159$1$1               
       0C:  03AE  XG$T6963C_autoRepeat$0$0         
       0C:  03B0  A$t6963c$1256                    
       0C:  03B2  A$t6963c$1257                    
       0C:  03B3  A$t6963c$1271                    
       0C:  03B3  C$t6963c.c$167$1$1               
       0C:  03B3  G$T6963C_calculateAddress$0$0    
       0C:  03B3  _T6963C_calculateAddress         
       0C:  03B5  A$t6963c$1272                    
       0C:  03B8  A$t6963c$1273                    
       0C:  03B9  A$t6963c$1276                    
       0C:  03B9  C$t6963c.c$169$1$1               
       0C:  03BC  A$t6963c$1277                    
       0C:  03BD  A$t6963c$1278                    
       0C:  03C0  A$t6963c$1279                    
       0C:  03C1  A$t6963c$1280                    
       0C:  03C2  A$t6963c$1281                    
       0C:  03C4  A$t6963c$1282                    
       0C:  03C7  A$t6963c$1283                    
       0C:  03C8  A$t6963c$1284                    
       0C:  03C9  A$t6963c$1285                    
       0C:  03CB  A$t6963c$1286                    
       0C:  03CC  A$t6963c$1287                    
       0C:  03CD  A$t6963c$1288                    
       0C:  03CE  A$t6963c$1289                    
       0C:  03CF  A$t6963c$1290                    
       0C:  03D0  A$t6963c$1293                    
       0C:  03D0  C$t6963c.c$170$1$1               
       0C:  03D0  XG$T6963C_calculateAddress$0$0   
       0C:  03D2  A$t6963c$1294                    
       0C:  03D4  A$t6963c$1295                    
       0C:  03D5  A$t6963c$1311                    
       0C:  03D5  C$t6963c.c$178$1$1               
       0C:  03D5  G$T6963C_writeAt$0$0             
       0C:  03D5  _T6963C_writeAt                  
       0C:  03D7  A$t6963c$1314                    
       0C:  03D7  C$t6963c.c$181$1$1               
       0C:  03DA  A$t6963c$1315                    
       0C:  03DB  A$t6963c$1316                    
       0C:  03DC  A$t6963c$1317                    
       0C:  03DF  A$t6963c$1318                    
       0C:  03E0  A$t6963c$1319                    
       0C:  03E3  A$t6963c$1320                    
       0C:  03E4  A$t6963c$1321                    
       0C:  03E6  A$t6963c$1322                    
       0C:  03E9  A$t6963c$1323                    
ASxxxx Linker V02.00 + NoICE + sdld,  page 52.
Hexadecimal

Area                               Addr   Size   Decimal Bytes (Attributes)
--------------------------------   ----   ----   ------- ----- ------------
CSEG                               0064   24C4 =   9412. bytes (REL,CON,CODE)

      Value  Global                              Global Defined In Module
      -----  ---------------------------------   ------------------------
       0C:  03EB  A$t6963c$1324                    
       0C:  03ED  A$t6963c$1327                    
       0C:  03ED  C$t6963c.c$182$1$1               
[...]
       0C:  1863  A$GAMEBO~1$1613                  
       0C:  1865  A$GAMEBO~1$1614                  
       0C:  1866  A$GAMEBO~1$1615                  
       0C:  1869  A$GAMEBO~1$1616                  
       0C:  186B  A$GAMEBO~1$1617                  
       0C:  186C  A$GAMEBO~1$1618                  
       0C:  186F  A$GAMEBO~1$1619                  
       0C:  1871  A$GAMEBO~1$1620                  
       0C:  1872  A$GAMEBO~1$1621                  
       0C:  1875  A$GAMEBO~1$1622                  
       0C:  1877  A$GAMEBO~1$1623                  
       0C:  1878  A$GAMEBO~1$1624                  
       0C:  187B  A$GAMEBO~1$1625                  
       0C:  187D  A$GAMEBO~1$1626                  
       0C:  187E  A$GAMEBO~1$1627                  
       0C:  1881  A$GAMEBO~1$1628                  
       0C:  1883  A$GAMEBO~1$1629                  
       0C:  1884  A$GAMEBO~1$1630                  
       0C:  1887  A$GAMEBO~1$1631                  
       0C:  1889  A$GAMEBO~1$1632                  
       0C:  188A  A$GAMEBO~1$1633                  
       0C:  188D  A$GAMEBO~1$1634                  
       0C:  188F  A$GAMEBO~1$1635                  
ASxxxx Linker V02.00 + NoICE + sdld,  page 116.
Hexadecimal

Area                               Addr   Size   Decimal Bytes (Attributes)
--------------------------------   ----   ----   ------- ----- ------------
CSEG                               0064   24C4 =   9412. bytes (REL,CON,CODE)

      Value  Global                              Global Defined In Module
      -----  ---------------------------------   ------------------------
       0C:  1890  A$GAMEBO~1$1636                  
       0C:  1893  A$GAMEBO~1$1637                  
       0C:  1895  A$GAMEBO~1$1638                  
       0C:  1896  A$GAMEBO~1$1639                  
       0C:  1899  A$GAMEBO~1$1640                  
       0C:  189A  A$GAMEBO~1$1641                  
       0C:  189B  A$GAMEBO~1$1642                  
       0C:  189E  A$GAMEBO~1$1643                  
       0C:  18A0  A$GAMEBO~1$1644                  
       0C:  18A1  A$GAMEBO~1$1645                  
       0C:  18A4  A$GAMEBO~1$1646                  
       0C:  18A6  A$GAMEBO~1$1647                  
       0C:  18A7  A$GAMEBO~1$1648                  
       0C:  18AA  A$GAMEBO~1$1649                  
       0C:  18AC  A$GAMEBO~1$1650                  
       0C:  18AD  A$GAMEBO~1$1651                  
       0C:  18B0  A$GAMEBO~1$1652                  
       0C:  18B2  A$GAMEBO~1$1653                  
       0C:  18B3  A$GAMEBO~1$1654                  
       0C:  18B6  A$GAMEBO~1$1655                  
       0C:  18B8  A$GAMEBO~1$1656                  
       0C:  18B9  A$GAMEBO~1$1657                  
       0C:  18BC  A$GAMEBO~1$1658                  
       0C:  18BE  A$GAMEBO~1$1659                  
       0C:  18BF  A$GAMEBO~1$1660                  
       0C:  18C2  A$GAMEBO~1$1661                  
       0C:  18C4  A$GAMEBO~1$1662                  
       0C:  18C5  A$GAMEBO~1$1663                  
       0C:  18C8  A$GAMEBO~1$1664                  
       0C:  18CA  A$GAMEBO~1$1665                  
       0C:  18CB  A$GAMEBO~1$1666                  
       0C:  18CE  A$GAMEBO~1$1667                  
       0C:  18D0  A$GAMEBO~1$1668                  
       0C:  18D1  A$GAMEBO~1$1669                  
       0C:  18D4  A$GAMEBO~1$1670                  
       0C:  18D6  A$GAMEBO~1$1671                  
       0C:  18D7  A$GAMEBO~1$1672                  
       0C:  18DA  A$GAMEBO~1$1673                  
       0C:  18DB  A$GAMEBO~1$1674                  
       0C:  18DC  A$GAMEBO~1$1677                  
       0C:  18DC  C$gameboard.c$205$1$1            
       0C:  18DF  A$GAMEBO~1$1680                  
       0C:  18DF  C$gameboard.c$207$1$1            
       0C:  18E2  A$GAMEBO~1$1681                  
       0C:  18E4  A$GAMEBO~1$1682                  
       0C:  18E5  A$GAMEBO~1$1683                  
       0C:  18E8  A$GAMEBO~1$1684                  
       0C:  18EA  A$GAMEBO~1$1685                  
       0C:  18EB  A$GAMEBO~1$1686                  
       0C:  18EC  A$GAMEBO~1$1687                  
       0C:  18EE  A$GAMEBO~1$1688                  
ASxxxx Linker V02.00 + NoICE + sdld,  page 117.
Hexadecimal

Area                               Addr   Size   Decimal Bytes (Attributes)
--------------------------------   ----   ----   ------- ----- ------------
CSEG                               0064   24C4 =   9412. bytes (REL,CON,CODE)

      Value  Global                              Global Defined In Module
      -----  ---------------------------------   ------------------------
       0C:  18EF  A$GAMEBO~1$1689                  
       0C:  18F0  A$GAMEBO~1$1690                  
       0C:  18F2  A$GAMEBO~1$1691                  
       0C:  18F3  A$GAMEBO~1$1692                  
       0C:  18F6  A$GAMEBO~1$1693                  
       0C:  18F9  A$GAMEBO~1$1696                  
       0C:  18F9  C$gameboard.c$208$1$1            
       0C:  18FC  A$GAMEBO~1$1697                  
       0C:  18FE  A$GAMEBO~1$1698                  
       0C:  18FF  A$GAMEBO~1$1699                  
       0C:  1900  A$GAMEBO~1$1700                  
       0C:  1902  A$GAMEBO~1$1701                  
       0C:  1903  A$GAMEBO~1$1702                  
       0C:  1904  A$GAMEBO~1$1703                  
       0C:  1906  A$GAMEBO~1$1704                  
       0C:  1907  A$GAMEBO~1$1705                  
       0C:  190A  A$GAMEBO~1$1706                  
       0C:  190D  A$GAMEBO~1$1709                  
       0C:  190D  C$gameboard.c$209$1$1            
       0C:  190D  XG$bddGameboardDisplay$0$0       
       0C:  1910  A$GAMEBO~1$1724                  
       0C:  1910  C$gameboard.c$211$1$1            
       0C:  1910  C$gameboard.c$214$1$1            
       0C:  1910  G$testGameboard$0$0              
       0C:  1910  _testGameboard                   
       0C:  1913  A$GAMEBO~1$1725                  
       0C:  1915  A$GAMEBO~1$1726                  
       0C:  1917  A$GAMEBO~1$1729                  
       0C:  1917  C$gameboard.c$215$1$1            
       0C:  1919  A$GAMEBO~1$1730                  
       0C:  191B  A$GAMEBO~1$1731                  
       0C:  191E  A$GAMEBO~1$1732                  
       0C:  1920  A$GAMEBO~1$1733                  
       0C:  1922  A$GAMEBO~1$1734                  
       0C:  1924  A$GAMEBO~1$1735                  
       0C:  1926  A$GAMEBO~1$1736                  
       0C:  1927  A$GAMEBO~1$1737                  
       0C:  1928  A$GAMEBO~1$1738                  
       0C:  1929  A$GAMEBO~1$1739                  
       0C:  192A  A$GAMEBO~1$1740                  
       0C:  192B  A$GAMEBO~1$1741                  
       0C:  192C  A$GAMEBO~1$1744                  
       0C:  192C  C$gameboard.c$216$1$1            
       0C:  192E  A$GAMEBO~1$1745                  
       0C:  1930  A$GAMEBO~1$1746                  
       0C:  1933  A$GAMEBO~1$1747                  
       0C:  1935  A$GAMEBO~1$1748                  
       0C:  1937  A$GAMEBO~1$1749                  
       0C:  1939  A$GAMEBO~1$1750                  
       0C:  193B  A$GAMEBO~1$1751                  
       0C:  193C  A$GAMEBO~1$1752                  
ASxxxx Linker V02.00 + NoICE + sdld,  page 118.
Hexadecimal

Area                               Addr   Size   Decimal Bytes (Attributes)
--------------------------------   ----   ----   ------- ----- ------------
CSEG                               0064   24C4 =   9412. bytes (REL,CON,CODE)

      Value  Global                              Global Defined In Module
      -----  ---------------------------------   ------------------------
       0C:  193D  A$GAMEBO~1$1753                  
       0C:  193E  A$GAMEBO~1$1754                  
       0C:  193F  A$GAMEBO~1$1755                  
       0C:  1940  A$GAMEBO~1$1760                  
       0C:  1940  C$gameboard.c$218$1$1            
       0C:  1940  C$gameboard.c$219$1$1            
       0C:  1940  XG$testGameboard$0$0             
       0C:  1942  A$GAMEBO~1$1761                  
       0C:  1944  A$GAMEBO~1$1762                  
       0C:  1945  A$rand$124                       
       0C:  1945  C$rand.c$15$0$0                  
       0C:  1945  C$rand.c$19$1$1                  
       0C:  1945  G$rand_interval$0$0              
       0C:  1945  _rand_interval                   
       0C:  1947  A$rand$125                       
       0C:  1949  A$rand$126                       
       0C:  194C  A$rand$127                       
       0C:  194D  A$rand$128                       
       0C:  194E  A$rand$129                       
       0C:  194F  A$rand$130                       
       0C:  1950  A$rand$131                       
       0C:  1951  A$rand$132                       
       0C:  1954  A$rand$133                       
       0C:  1955  A$rand$134                       
       0C:  1956  A$rand$135                       
       0C:  1957  A$rand$136                       
       0C:  1958  A$rand$137                       
       0C:  1959  A$rand$141                       
       0C:  1959  C$rand.c$21$2$2                  
       0C:  195B  A$rand$142                       
       0C:  195D  A$rand$143                       
       0C:  195F  A$rand$144                       
       0C:  1961  A$rand$145                       
       0C:  1964  A$rand$146                       
       0C:  1966  A$rand$147                       
       0C:  1968  A$rand$148                       
       0C:  196A  A$rand$149                       
       0C:  196C  A$rand$150                       
       0C:  196E  A$rand$153                       
       0C:  196E  C$rand.c$22$1$1                  
       0C:  1970  A$rand$154                       
       0C:  1972  A$rand$155                       
       0C:  1973  A$rand$156                       
       0C:  1974  A$rand$157                       
       0C:  1975  A$rand$158                       
       0C:  1976  A$rand$159                       
       0C:  1978  A$rand$160                       
       0C:  197A  A$rand$161                       
       0C:  197D  A$rand$162                       
       0C:  197F  A$rand$163                       
       0C:  1981  A$rand$164                       
ASxxxx Linker V02.00 + NoICE + sdld,  page 119.
Hexadecimal

Area                               Addr   Size   Decimal Bytes (Attributes)
--------------------------------   ----   ----   ------- ----- ------------
CSEG                               0064   24C4 =   9412. bytes (REL,CON,CODE)

      Value  Global                              Global Defined In Module
      -----  ---------------------------------   ------------------------
       0C:  1982  A$rand$165                       
       0C:  1983  A$rand$166                       
       0C:  1984  A$rand$167                       
       0C:  1986  A$rand$168                       
       0C:  1988  A$rand$169                       
       0C:  198B  A$rand$170                       
       0C:  198D  A$rand$171                       
       0C:  198F  A$rand$174                       
       0C:  198F  C$rand.c$24$1$1                  
       0C:  1991  A$rand$177                       
       0C:  1991  C$rand.c$25$1$1                  
       0C:  1991  XG$rand_interval$0$0             
       0C:  1992  A$rand$194                       
       0C:  1992  C$rand.c$30$1$1                  
       0C:  1992  C$rand.c$34$1$1                  
       0C:  1992  G$testTrueRandom$0$0             
       0C:  1992  _testTrueRandom                  
       0C:  1995  A$rand$195                       
       0C:  1997  A$rand$196                       
       0C:  1998  A$rand$197                       
       0C:  1999  A$rand$198                       
       0C:  199A  A$rand$199                       
       0C:  199B  A$rand$200                       
       0C:  199E  A$rand$201                       
       0C:  19A1  A$rand$202                       
       0C:  19A3  A$rand$205                       
       0C:  19A3  C$rand.c$35$1$1                  
       0C:  19A6  A$rand$206                       
       0C:  19A8  A$rand$207                       
       0C:  19A9  A$rand$208                       
       0C:  19AA  A$rand$209                       
       0C:  19AB  A$rand$210                       
       0C:  19AC  A$rand$211                       
       0C:  19AF  A$rand$212                       
       0C:  19B1  A$rand$213                       
       0C:  19B4  A$rand$214                       
       0C:  19B6  A$rand$215                       
       0C:  19B8  A$rand$218                       
       0C:  19B8  C$rand.c$36$1$1                  
       0C:  19B9  A$rand$219                       
       0C:  19BA  A$rand$220                       
       0C:  19BC  A$rand$221                       
       0C:  19BD  A$rand$222                       
       0C:  19BE  A$rand$223                       
       0C:  19BF  A$rand$224                       
       0C:  19C1  A$rand$225                       
       0C:  19C2  A$rand$226                       
       0C:  19C5  A$rand$227                       
       0C:  19C6  A$rand$228                       
       0C:  19C7  A$rand$229                       
       0C:  19C8  A$rand$230                       
ASxxxx Linker V02.00 + NoICE + sdld,  page 120.
Hexadecimal

Area                               Addr   Size   Decimal Bytes (Attributes)
--------------------------------   ----   ----   ------- ----- ------------
CSEG                               0064   24C4 =   9412. bytes (REL,CON,CODE)

      Value  Global                              Global Defined In Module
      -----  ---------------------------------   ------------------------
       0C:  19C9  A$rand$231                       
       0C:  19CA  A$rand$232                       
       0C:  19CD  A$rand$233                       
       0C:  19CF  A$rand$234                       
       0C:  19D0  A$rand$235                       
       0C:  19D1  A$rand$236                       
       0C:  19D3  A$rand$237                       
       0C:  19D4  A$rand$238                       
       0C:  19D5  A$rand$239                       
       0C:  19D7  A$rand$240                       
       0C:  19D8  A$rand$241                       
       0C:  19DA  A$rand$242                       
       0C:  19DC  A$rand$247                       
       0C:  19DC  C$rand.c$38$1$1                  
       0C:  19DC  C$rand.c$39$1$1                  
       0C:  19DC  XG$testTrueRandom$0$0            
       0C:  19DF  A$rand$266                       
       0C:  19DF  C$rand.c$41$1$1                  
       0C:  19DF  C$rand.c$44$1$1                  
       0C:  19DF  C$rand.c$46$1$1                  
       0C:  19DF  C$rand.c$47$1$1                  
       0C:  19DF  G$testRand$0$0                   
       0C:  19DF  XG$testRand$0$0                  
       0C:  19DF  _testRand                        
       0C:  19E2  __divuint                        
       0C:  1A7C  _rand                            
       0C:  1AD6  _srand                           
       0C:  1AF0  __gptrput                        
       0C:  1B09  __mulint                         
       0C:  1B29  __mullong                        
       0C:  1B29  __mullong_dummy                  
       0C:  1B95  __modsint                        
       0C:  1BFB  __moduint                        
       0C:  1CB3  _vprintf                         
       0C:  1CF2  _printf                          
       0C:  1DF7  __print_format                   
       0C:  24F0  _strlen                          
       0C:  2508  __gptrget                        
       0C:  2524  __sdcc_external_startup          

ASxxxx Linker V02.00 + NoICE + sdld,  page 121.
Hexadecimal

Area                               Addr   Size   Decimal Bytes (Attributes)
--------------------------------   ----   ----   ------- ----- ------------
CONST                              2528   00C8 =    200. bytes (REL,CON,CODE)

      Value  Global                              Global Defined In Module
      -----  ---------------------------------   ------------------------
       0C:  2528  Fmain$_str_0$0$0                 
       0C:  253B  Ftest$_str_0$0$0                 
       0C:  2557  Ftest$_str_1$0$0                 
       0C:  2576  Fbuffer$_str_0$0$0               
       0C:  257C  Fbuffer$_str_1$0$0               
       0C:  2582  Fbuffer$_str_2$0$0               
       0C:  2588  Fbuffer$_str_3$0$0               
       0C:  258F  Fbuffer$_str_4$0$0               
       0C:  2596  Fbuffer$_str_5$0$0               
       0C:  259D  Fkeyboard$_str_0$0$0             
       0C:  25A3  Fkeyboard$_str_1$0$0             
       0C:  25A9  Fkeyboard$_str_2$0$0             
       0C:  25AF  Fkeyboard$_str_3$0$0             
       0C:  25B5  Fkeyboard$_str_4$0$0             
       0C:  25BB  Fbdd$_str_0$0$0                  
       0C:  25CB  Fgameboard$_str_2$0$0            
       0C:  25D0  Fgameboard$_str_5$0$0            
       0C:  25D5  Fgameboard$_str_9$0$0            
       0C:  25DB  Fgameboard$_str_10$0$0           
       0C:  25E0  Frand$_str_0$0$0                 
ASxxxx Linker V02.00 + NoICE + sdld,  page 122.
Hexadecimal

Area                               Addr   Size   Decimal Bytes (Attributes)
--------------------------------   ----   ----   ------- ----- ------------
XINIT                              25F0   000A =     10. bytes (REL,CON,CODE)

      Value  Global                              Global Defined In Module
      -----  ---------------------------------   ------------------------
       0C:  25F0  Ft6963c$__xinit__t6963c$0$0      
       0C:  25F2  Fstdio_t6963c$__xinit_address$0$0
       0C:  25F4  Fbuffer$__xinit_in$0$0           
       0C:  25F5  Fbuffer$__xinit_out$0$0          
ASxxxx Linker V02.00 + NoICE + sdld,  page 123.

Files Linked                              [ module(s) ]

main.rel                                  [ 
t6963c.rel                                [ 
STDIO-~1.rel                              [ 
test.rel                                  [ 
buffer.rel                                [ 
cell.rel                                  [ 
keyboard.rel                              [ 
bdd.rel                                   [ 
GAMEBO~1.rel                              [ 
rand.rel                                  [ 


Libraries Linked                          [ object file ]

C:\Program Files (x86)\SDCC\bin\..\lib\l  [ _divuint.rel ]
C:\Program Files (x86)\SDCC\bin\..\lib\l  [ rand.rel ]
C:\Program Files (x86)\SDCC\bin\..\lib\l  [ crtclear.rel ]
C:\Program Files (x86)\SDCC\bin\..\lib\l  [ crtxinit.rel ]
C:\Program Files (x86)\SDCC\bin\..\lib\l  [ _gptrput.rel ]
C:\Program Files (x86)\SDCC\bin\..\lib\l  [ _mulint.rel ]
C:\Program Files (x86)\SDCC\bin\..\lib\l  [ _mullong.rel ]
C:\Program Files (x86)\SDCC\bin\..\lib\l  [ _modsint.rel ]
C:\Program Files (x86)\SDCC\bin\..\lib\l  [ _moduint.rel ]
C:\Program Files (x86)\SDCC\bin\..\lib\l  [ crtxclear.rel ]
C:\Program Files (x86)\SDCC\bin\..\lib\l  [ vprintf.rel ]
C:\Program Files (x86)\SDCC\bin\..\lib\l  [ /0               ]
C:\Program Files (x86)\SDCC\bin\..\lib\l  [ crtpagesfr.rel ]
C:\Program Files (x86)\SDCC\bin\..\lib\l  [ _strlen.rel ]
C:\Program Files (x86)\SDCC\bin\..\lib\l  [ crtstart.rel ]
C:\Program Files (x86)\SDCC\bin\..\lib\l  [ _gptrget.rel ]
C:\Program Files (x86)\SDCC\bin\..\lib\l  [ _startup.rel ]
C:\Program Files (x86)\SDCC\bin\..\lib\l  [ _bp.rel ]

ASxxxx Linker V02.00 + NoICE + sdld,  page 124.

User Base Address Definitions

HOME = 0x0000
XSEG = 0x1000
PSEG = 0x1000
ISEG = 0x0000
BSEG = 0x0000

