ASxxxx Linker V02.00 + NoICE + sdld,  page 1.
Hexadecimal

Area                               Addr   Size   Decimal Bytes (Attributes)
--------------------------------   ----   ----   ------- ----- ------------
CABS                               0000   0000 =      0. bytes (ABS,CON,CODE)

      Value  Global                              Global Defined In Module
      -----  ---------------------------------   ------------------------
       0C:  0000  l_BIT_BANK                       
       0C:  0000  l_CABS                           
       0C:  0000  l_GSINIT                         
       0C:  0000  l_GSINIT1                        
       0C:  0000  l_GSINIT5                        
       0C:  0000  l_IABS                           
       0C:  0000  l_ISEG                           
       0C:  0000  l_OSEG                           
       0C:  0000  l_PSEG                           
       0C:  0000  l_REG_BANK_1                     
       0C:  0000  l_REG_BANK_2                     
       0C:  0000  l_REG_BANK_3                     
       0C:  0000  l_RSEG                           
       0C:  0000  l_RSEG0                          
       0C:  0000  l_RSEG1                          
       0C:  0000  l_XABS                           
       0C:  0000  l__CODE                          
       0C:  0000  s_BSEG                           
       0C:  0000  s_CABS                           
       0C:  0000  s_DSEG                           
       0C:  0000  s_HOME                           
       0C:  0000  s_IABS                           
       0C:  0000  s_ISEG                           
       0C:  0000  s_REG_BANK_0                     
       0C:  0000  s_RSEG                           
       0C:  0000  s_RSEG0                          
       0C:  0000  s_RSEG1                          
       0C:  0000  s_XABS                           
       0C:  0002  l_BSEG_BYTES                     
       0C:  0003  l_GSFINAL                        
       0C:  0003  l_GSINIT0                        
       0C:  0008  l_HOME                           
       0C:  0008  l_REG_BANK_0                     
       0C:  0008  s_GSINIT0                        
       0C:  0008  s_REG_BANK_1                     
       0C:  000A  l_GSINIT2                        
       0C:  000A  l_XINIT                          
       0C:  000A  l_XISEG                          
       0C:  000B  l_BSEG                           
       0C:  000B  s_GSINIT1                        
       0C:  000B  s_GSINIT2                        
       0C:  0010  s_REG_BANK_2                     
       0C:  0015  s_GSINIT3                        
       0C:  0018  s_BIT_BANK                       
       0C:  0018  s_OSEG                           
       0C:  0018  s_REG_BANK_3                     
       0C:  0020  s_BSEG_BYTES                     
       0C:  0020  s__CODE                          
       0C:  0022  l_GSINIT3                        
       0C:  0022  s_SSEG                           
ASxxxx Linker V02.00 + NoICE + sdld,  page 2.
Hexadecimal

Area                               Addr   Size   Decimal Bytes (Attributes)
--------------------------------   ----   ----   ------- ----- ------------
CABS                               0000   0000 =      0. bytes (ABS,CON,CODE)

      Value  Global                              Global Defined In Module
      -----  ---------------------------------   ------------------------
       0C:  002A  l_GSINIT4                        
       0C:  0037  s_GSINIT4                        
       0C:  0061  s_GSFINAL                        
       0C:  0061  s_GSINIT                         
       0C:  0061  s_GSINIT5                        
       0C:  0064  s_CSEG                           
       0C:  0079  l_DSEG                           
       0C:  00DE  l_SSEG                           
       0C:  0100  l_IRAM                           
       0C:  01CF  l_CONST                          
       0C:  0380  l_XSEG                           
       0C:  1000  s_PSEG                           
       0C:  1000  s_XSEG                           
       0C:  1380  s_XISEG                          
       0C:  3D4E  l_CSEG                           
       0C:  3DB2  s_CONST                          
       0C:  3F81  s_XINIT                          

ASxxxx Linker V02.00 + NoICE + sdld,  page 3.
Hexadecimal

Area                               Addr   Size   Decimal Bytes (Attributes)
--------------------------------   ----   ----   ------- ----- ------------
XABS                               0000   0000 =      0. bytes (ABS,CON,XDATA)

      Value  Global                              Global Defined In Module
      -----  ---------------------------------   ------------------------
ASxxxx Linker V02.00 + NoICE + sdld,  page 4.
Hexadecimal

Area                               Addr   Size   Decimal Bytes (Attributes)
--------------------------------   ----   ----   ------- ----- ------------
IABS                               0000   0000 =      0. bytes (ABS,CON)

      Value  Global                              Global Defined In Module
      -----  ---------------------------------   ------------------------
ASxxxx Linker V02.00 + NoICE + sdld,  page 5.
Hexadecimal

Area                               Addr   Size   Decimal Bytes (Attributes)
--------------------------------   ----   ----   ------- ----- ------------
RSEG1                              0000   0000 =      0. bytes (ABS,CON)

      Value  Global                              Global Defined In Module
      -----  ---------------------------------   ------------------------
ASxxxx Linker V02.00 + NoICE + sdld,  page 6.
Hexadecimal

Area                               Addr   Size   Decimal Bytes (Attributes)
--------------------------------   ----   ----   ------- ----- ------------
RSEG0                              0000   0000 =      0. bytes (ABS,CON)

      Value  Global                              Global Defined In Module
      -----  ---------------------------------   ------------------------
ASxxxx Linker V02.00 + NoICE + sdld,  page 7.
Hexadecimal

Area                               Addr   Size   Decimal Bytes (Attributes)
--------------------------------   ----   ----   ------- ----- ------------
RSEG                               0000   0000 =      0. bytes (ABS,CON)

      Value  Global                              Global Defined In Module
      -----  ---------------------------------   ------------------------
ASxxxx Linker V02.00 + NoICE + sdld,  page 8.
Hexadecimal

Area                               Addr   Size   Decimal Bytes (Attributes)
--------------------------------   ----   ----   ------- ----- ------------
.	.ABS.                            0000   0000 =      0. bytes (ABS,CON)

      Value  Global                              Global Defined In Module
      -----  ---------------------------------   ------------------------
            0000  .__.ABS.                         
            0080  G$P0$0$0                         
            0080  G$P0_0$0$0                       
            0080  _P0                              
            0080  _P0_0                            
            0081  G$P0_1$0$0                       
            0081  G$SP$0$0                         
            0081  _P0_1                            
            0081  _SP                              
            0082  G$DP0L$0$0                       
            0082  G$DPL$0$0                        
            0082  G$P0_2$0$0                       
            0082  _DP0L                            
            0082  _DPL                             
            0082  _P0_2                            
            0083  G$DP0H$0$0                       
            0083  G$DPH$0$0                        
            0083  G$P0_3$0$0                       
            0083  _DP0H                            
            0083  _DPH                             
            0083  _P0_3                            
            0084  G$P0_4$0$0                       
            0084  _P0_4                            
            0085  G$P0_5$0$0                       
            0085  _P0_5                            
            0086  G$P0_6$0$0                       
            0086  _P0_6                            
            0087  G$P0_7$0$0                       
            0087  G$PCON$0$0                       
            0087  _P0_7                            
            0087  _PCON                            
            0088  G$IT0$0$0                        
            0088  G$TCON$0$0                       
            0088  _IT0                             
            0088  _TCON                            
            0089  G$IE0$0$0                        
            0089  G$TMOD$0$0                       
            0089  _IE0                             
            0089  _TMOD                            
            008A  G$IT1$0$0                        
            008A  G$TL0$0$0                        
            008A  _IT1                             
            008A  _TL0                             
            008B  G$IE1$0$0                        
            008B  G$TL1$0$0                        
            008B  _IE1                             
            008B  _TL1                             
            008C  G$TH0$0$0                        
            008C  G$TR0$0$0                        
            008C  _TH0                             
ASxxxx Linker V02.00 + NoICE + sdld,  page 9.
Hexadecimal

Area                               Addr   Size   Decimal Bytes (Attributes)
--------------------------------   ----   ----   ------- ----- ------------
.	.ABS.                            0000   0000 =      0. bytes (ABS,CON)

      Value  Global                              Global Defined In Module
      -----  ---------------------------------   ------------------------
            008C  _TR0                             
            008D  G$TF0$0$0                        
            008D  G$TH1$0$0                        
            008D  _TF0                             
            008D  _TH1                             
            008E  G$TR1$0$0                        
            008E  _TR1                             
            008F  G$TF1$0$0                        
            008F  _TF1                             
            0090  G$P1$0$0                         
            0090  G$P1_0$0$0                       
            0090  _P1                              
            0090  _P1_0                            
            0091  G$P1_1$0$0                       
            0091  _P1_1                            
            0092  G$P1_2$0$0                       
            0092  _P1_2                            
            0093  G$P1_3$0$0                       
            0093  _P1_3                            
            0094  G$P1_4$0$0                       
            0094  _P1_4                            
            0095  G$P1_5$0$0                       
            0095  _P1_5                            
            0096  G$P1_6$0$0                       
            0096  _P1_6                            
            0097  G$P1_7$0$0                       
            0097  _P1_7                            
            0098  G$RI$0$0                         
            0098  G$SCON$0$0                       
            0098  _RI                              
            0098  _SCON                            
            0099  G$SBUF$0$0                       
            0099  G$SBUF0$0$0                      
            0099  G$TI$0$0                         
            0099  _SBUF                            
            0099  _SBUF0                           
            0099  _TI                              
            009A  G$RB8$0$0                        
            009A  _RB8                             
            009B  G$TB8$0$0                        
            009B  _TB8                             
            009C  G$REN$0$0                        
            009C  _REN                             
            009D  G$SM2$0$0                        
            009D  _SM2                             
            009E  G$SM1$0$0                        
            009E  _SM1                             
            009F  G$SM0$0$0                        
            009F  _SM0                             
            00A0  G$P2$0$0                         
            00A0  G$P2_0$0$0                       
ASxxxx Linker V02.00 + NoICE + sdld,  page 10.
Hexadecimal

Area                               Addr   Size   Decimal Bytes (Attributes)
--------------------------------   ----   ----   ------- ----- ------------
.	.ABS.                            0000   0000 =      0. bytes (ABS,CON)

      Value  Global                              Global Defined In Module
      -----  ---------------------------------   ------------------------
            00A0  _P2                              
            00A0  _P2_0                            
            00A0  __XPAGE                          
            00A1  G$P2_1$0$0                       
            00A1  _P2_1                            
            00A2  G$P2_2$0$0                       
            00A2  _P2_2                            
            00A3  G$P2_3$0$0                       
            00A3  _P2_3                            
            00A4  G$P2_4$0$0                       
            00A4  _P2_4                            
            00A5  G$P2_5$0$0                       
            00A5  _P2_5                            
            00A6  G$P2_6$0$0                       
            00A6  _P2_6                            
            00A7  G$P2_7$0$0                       
            00A7  _P2_7                            
            00A8  G$EX0$0$0                        
            00A8  G$IE$0$0                         
            00A8  _EX0                             
            00A8  _IE                              
            00A9  G$ET0$0$0                        
            00A9  _ET0                             
            00AA  G$EX1$0$0                        
            00AA  _EX1                             
            00AB  G$ET1$0$0                        
            00AB  _ET1                             
            00AC  G$ES$0$0                         
            00AC  _ES                              
            00AF  G$EA$0$0                         
            00AF  _EA                              
            00B0  G$P3$0$0                         
            00B0  G$P3_0$0$0                       
            00B0  G$RXD$0$0                        
            00B0  G$RXD0$0$0                       
            00B0  _P3                              
            00B0  _P3_0                            
            00B0  _RXD                             
            00B0  _RXD0                            
            00B1  G$P3_1$0$0                       
            00B1  G$TXD$0$0                        
            00B1  G$TXD0$0$0                       
            00B1  _P3_1                            
            00B1  _TXD                             
            00B1  _TXD0                            
            00B2  G$INT0$0$0                       
            00B2  G$P3_2$0$0                       
            00B2  _INT0                            
            00B2  _P3_2                            
            00B3  G$INT1$0$0                       
            00B3  G$P3_3$0$0                       
ASxxxx Linker V02.00 + NoICE + sdld,  page 11.
Hexadecimal

Area                               Addr   Size   Decimal Bytes (Attributes)
--------------------------------   ----   ----   ------- ----- ------------
.	.ABS.                            0000   0000 =      0. bytes (ABS,CON)

      Value  Global                              Global Defined In Module
      -----  ---------------------------------   ------------------------
            00B3  _INT1                            
            00B3  _P3_3                            
            00B4  G$P3_4$0$0                       
            00B4  G$T0$0$0                         
            00B4  _P3_4                            
            00B4  _T0                              
            00B5  G$P3_5$0$0                       
            00B5  G$T1$0$0                         
            00B5  _P3_5                            
            00B5  _T1                              
            00B6  G$P3_6$0$0                       
            00B6  G$WR$0$0                         
            00B6  _P3_6                            
            00B6  _WR                              
            00B7  G$P3_7$0$0                       
            00B7  G$RD$0$0                         
            00B7  _P3_7                            
            00B7  _RD                              
            00B8  G$IP$0$0                         
            00B8  G$PX0$0$0                        
            00B8  _IP                              
            00B8  _PX0                             
            00B9  G$PT0$0$0                        
            00B9  _PT0                             
            00BA  G$PX1$0$0                        
            00BA  _PX1                             
            00BB  G$PT1$0$0                        
            00BB  _PT1                             
            00BC  G$PS$0$0                         
            00BC  _PS                              
            00D0  G$P$0$0                          
            00D0  G$PSW$0$0                        
            00D0  _P                               
            00D0  _PSW                             
            00D1  G$F1$0$0                         
            00D1  _F1                              
            00D2  G$OV$0$0                         
            00D2  _OV                              
            00D3  G$RS0$0$0                        
            00D3  _RS0                             
            00D4  G$RS1$0$0                        
            00D4  _RS1                             
            00D5  G$F0$0$0                         
            00D5  _F0                              
            00D6  G$AC$0$0                         
            00D6  _AC                              
            00D7  G$CY$0$0                         
            00D7  _CY                              
            00E0  G$ACC$0$0                        
            00E0  _ACC                             
            00F0  G$B$0$0                          
ASxxxx Linker V02.00 + NoICE + sdld,  page 12.
Hexadecimal

Area                               Addr   Size   Decimal Bytes (Attributes)
--------------------------------   ----   ----   ------- ----- ------------
.	.ABS.                            0000   0000 =      0. bytes (ABS,CON)

      Value  Global                              Global Defined In Module
      -----  ---------------------------------   ------------------------
            00F0  G$BREG_F0$0$0                    
            00F0  _B                               
            00F0  _BREG_F0                         
            00F1  G$BREG_F1$0$0                    
            00F1  _BREG_F1                         
            00F2  G$BREG_F2$0$0                    
            00F2  _BREG_F2                         
            00F3  G$BREG_F3$0$0                    
            00F3  _BREG_F3                         
            00F4  G$BREG_F4$0$0                    
            00F4  _BREG_F4                         
            00F5  G$BREG_F5$0$0                    
            00F5  _BREG_F5                         
            00F5  _B_5                             
            00F6  G$BREG_F6$0$0                    
            00F6  _BREG_F6                         
            00F6  _B_6                             
            00F7  G$BREG_F7$0$0                    
            00F7  _BREG_F7                         
            00F7  _B_7                             

ASxxxx Linker V02.00 + NoICE + sdld,  page 13.
Hexadecimal

Area                               Addr   Size   Decimal Bytes (Attributes)
--------------------------------   ----   ----   ------- ----- ------------
BSEG_BYTES                         0020   0002 =      2. bytes (REL,CON)

      Value  Global                              Global Defined In Module
      -----  ---------------------------------   ------------------------
ASxxxx Linker V02.00 + NoICE + sdld,  page 14.
Hexadecimal

Area                               Addr   Size   Decimal Bytes (Attributes)
--------------------------------   ----   ----   ------- ----- ------------
_CODE                              0020   0000 =      0. bytes (REL,CON)

      Value  Global                              Global Defined In Module
      -----  ---------------------------------   ------------------------
ASxxxx Linker V02.00 + NoICE + sdld,  page 15.
Hexadecimal

Area                               Addr   Size   Decimal Bytes (Attributes)
--------------------------------   ----   ----   ------- ----- ------------
REG_BANK_0                         0000   0008 =      8. bytes (REL,OVR)

      Value  Global                              Global Defined In Module
      -----  ---------------------------------   ------------------------
ASxxxx Linker V02.00 + NoICE + sdld,  page 16.
Hexadecimal

Area                               Addr   Size   Decimal Bytes (Attributes)
--------------------------------   ----   ----   ------- ----- ------------
REG_BANK_1                         0008   0000 =      0. bytes (REL,OVR)

      Value  Global                              Global Defined In Module
      -----  ---------------------------------   ------------------------
ASxxxx Linker V02.00 + NoICE + sdld,  page 17.
Hexadecimal

Area                               Addr   Size   Decimal Bytes (Attributes)
--------------------------------   ----   ----   ------- ----- ------------
REG_BANK_2                         0010   0000 =      0. bytes (REL,OVR)

      Value  Global                              Global Defined In Module
      -----  ---------------------------------   ------------------------
ASxxxx Linker V02.00 + NoICE + sdld,  page 18.
Hexadecimal

Area                               Addr   Size   Decimal Bytes (Attributes)
--------------------------------   ----   ----   ------- ----- ------------
REG_BANK_3                         0018   0000 =      0. bytes (REL,OVR)

      Value  Global                              Global Defined In Module
      -----  ---------------------------------   ------------------------
ASxxxx Linker V02.00 + NoICE + sdld,  page 19.
Hexadecimal

Area                               Addr   Size   Decimal Bytes (Attributes)
--------------------------------   ----   ----   ------- ----- ------------
BSEG                               0000   000B =     11. bytes (REL,CON,BIT)

      Value  Global                              Global Defined In Module
      -----  ---------------------------------   ------------------------
ASxxxx Linker V02.00 + NoICE + sdld,  page 20.
Hexadecimal

Area                               Addr   Size   Decimal Bytes (Attributes)
--------------------------------   ----   ----   ------- ----- ------------
BIT_BANK                           0018   0000 =      0. bytes (REL,OVR)

      Value  Global                              Global Defined In Module
      -----  ---------------------------------   ------------------------
ASxxxx Linker V02.00 + NoICE + sdld,  page 21.
Hexadecimal

Area                               Addr   Size   Decimal Bytes (Attributes)
--------------------------------   ----   ----   ------- ----- ------------
DSEG                               0000   0079 =    121. bytes (REL,CON)

      Value  Global                              Global Defined In Module
      -----  ---------------------------------   ------------------------
            0008  LT6963C_autoWrite$sloc0$1$0      
            000A  LSNAKE_move$sloc0$1$0            
            000D  LBDD_assert$sloc0$1$0            
            000E  LGMB_display$sloc0$1$0           
            000F  LGMB_display$sloc1$1$0           
            0018  _bp                              

ASxxxx Linker V02.00 + NoICE + sdld,  page 22.
Hexadecimal

Area                               Addr   Size   Decimal Bytes (Attributes)
--------------------------------   ----   ----   ------- ----- ------------
OSEG                               0018   0000 =      0. bytes (REL,OVR)

      Value  Global                              Global Defined In Module
      -----  ---------------------------------   ------------------------
ASxxxx Linker V02.00 + NoICE + sdld,  page 23.
Hexadecimal

Area                               Addr   Size   Decimal Bytes (Attributes)
--------------------------------   ----   ----   ------- ----- ------------
ISEG                               0000   0000 =      0. bytes (REL,CON)

      Value  Global                              Global Defined In Module
      -----  ---------------------------------   ------------------------
ASxxxx Linker V02.00 + NoICE + sdld,  page 24.
Hexadecimal

Area                               Addr   Size   Decimal Bytes (Attributes)
--------------------------------   ----   ----   ------- ----- ------------
SSEG                               0022   00DE =    222. bytes (REL,OVR)

      Value  Global                              Global Defined In Module
      -----  ---------------------------------   ------------------------
            0022  __start__stack                   

ASxxxx Linker V02.00 + NoICE + sdld,  page 25.
Hexadecimal

Area                               Addr   Size   Decimal Bytes (Attributes)
--------------------------------   ----   ----   ------- ----- ------------
PSEG                               1000   0000 =      0. bytes (REL,CON,PAG,XDATA)

      Value  Global                              Global Defined In Module
      -----  ---------------------------------   ------------------------
ASxxxx Linker V02.00 + NoICE + sdld,  page 26.
Hexadecimal

Area                               Addr   Size   Decimal Bytes (Attributes)
--------------------------------   ----   ----   ------- ----- ------------
XSEG                               1000   0380 =    896. bytes (REL,CON,XDATA)

      Value  Global                              Global Defined In Module
      -----  ---------------------------------   ------------------------
       0D:  1000  LT6963C_noDataCommand$command$1$1
       0D:  1001  LT6963C_oneDataCommand$data1$1$1 
       0D:  1001  _T6963C_oneDataCommand_PARM_2    
       0D:  1002  LT6963C_oneDataCommand$command$1$
       0D:  1003  LT6963C_twoDataCommand$data1$1$1 
       0D:  1003  _T6963C_twoDataCommand_PARM_2    
       0D:  1004  LT6963C_twoDataCommand$data2$1$1 
       0D:  1004  _T6963C_twoDataCommand_PARM_3    
       0D:  1005  LT6963C_twoDataCommand$command$1$
       0D:  1006  LT6963C_addressCommand$address$1$
       0D:  1006  _T6963C_addressCommand_PARM_2    
       0D:  1008  LT6963C_addressCommand$command$1$
       0D:  1009  LT6963C_addressCommand$b$1$1     
       0D:  100C  LT6963C_dataWrite$data1$1$1      
       0D:  100C  _T6963C_dataWrite_PARM_2         
       0D:  100D  LT6963C_dataWrite$address$1$1    
       0D:  100F  LT6963C_dataRead$address$1$1     
       0D:  1011  LT6963C_autoWrite$data1$1$1      
       0D:  1011  _T6963C_autoWrite_PARM_2         
       0D:  1014  LT6963C_autoWrite$size$1$1       
       0D:  1014  _T6963C_autoWrite_PARM_3         
       0D:  1016  LT6963C_autoWrite$address$1$1    
       0D:  1018  LT6963C_autoWrite$n$1$1          
       0D:  101A  LT6963C_autoRepeat$data1$1$1     
       0D:  101A  _T6963C_autoRepeat_PARM_2        
       0D:  101B  LT6963C_autoRepeat$repeats$1$1   
       0D:  101B  _T6963C_autoRepeat_PARM_3        
       0D:  101D  LT6963C_autoRepeat$address$1$1   
       0D:  101F  LT6963C_autoRepeat$n$1$1         
       0D:  1021  LT6963C_calculateAddress$y$1$1   
       0D:  1021  _T6963C_calculateAddress_PARM_2  
       0D:  1022  LT6963C_calculateAddress$x$1$1   
       0D:  1023  LT6963C_writeAt$y$1$1            
       0D:  1023  _T6963C_writeAt_PARM_2           
       0D:  1024  LT6963C_writeAt$c$1$1            
       0D:  1024  _T6963C_writeAt_PARM_3           
       0D:  1025  LT6963C_writeAt$x$1$1            
       0D:  1026  LT6963C_readFrom$y$1$1           
       0D:  1026  _T6963C_readFrom_PARM_2          
       0D:  1027  LT6963C_readFrom$x$1$1           
       0D:  1028  LSTDIO_startWritingAt$y$1$1      
       0D:  1028  _STDIO_startWritingAt_PARM_2     
       0D:  1029  LSTDIO_startWritingAt$x$1$1      
       0D:  102A  Lputchar$c$1$1                   
       0D:  102B  LassertEquals$expectedValue$1$1  
       0D:  102B  _assertEquals_PARM_2             
       0D:  102D  LassertEquals$testId$1$1         
       0D:  102D  _assertEquals_PARM_3             
       0D:  1030  LassertEquals$value$1$1          
       0D:  1032  LassertNotEquals$notExpectedValue
ASxxxx Linker V02.00 + NoICE + sdld,  page 27.
Hexadecimal

Area                               Addr   Size   Decimal Bytes (Attributes)
--------------------------------   ----   ----   ------- ----- ------------
XSEG                               1000   0380 =    896. bytes (REL,CON,XDATA)

      Value  Global                              Global Defined In Module
      -----  ---------------------------------   ------------------------
       0D:  1032  _assertNotEquals_PARM_2          
       0D:  1034  LassertNotEquals$testId$1$1      
       0D:  1034  _assertNotEquals_PARM_3          
       0D:  1037  LassertNotEquals$value$1$1       
       0D:  1039  G$buffer$0$0                     
       0D:  1039  _buffer                          
       0D:  1133  LBUFFER_in$c$1$1                 
       0D:  1134  LBUFFER_out$c$1$1                
       0D:  1135  LtestBufferLimit$n$1$1           
       0D:  1137  LtestBufferLotsOfChar$n$1$1      
       0D:  1139  LSNAKE_move$snake$1$1            
       0D:  113C  LSNAKE_liveOrDie$snake$1$1       
       0D:  113F  LSNAKE_showHead$snake$1$1        
       0D:  1142  LSNAKE_showBody$snake$1$1        
       0D:  1145  LSNAKE_turn$arrow$1$1            
       0D:  1145  _SNAKE_turn_PARM_2               
       0D:  1146  LSNAKE_turn$snake$1$1            
       0D:  1149  LSNAKE_iterate$arrow$1$1         
       0D:  1149  _SNAKE_iterate_PARM_2            
       0D:  114A  LSNAKE_iterate$snake$1$1         
       0D:  114D  LtestSnakeTurnsTo$turn$1$1       
       0D:  114D  _testSnakeTurnsTo_PARM_2         
       0D:  114E  LtestSnakeTurnsTo$expectedResult$
       0D:  114E  _testSnakeTurnsTo_PARM_3         
       0D:  114F  LtestSnakeTurnsTo$testCode$1$1   
       0D:  114F  _testSnakeTurnsTo_PARM_4         
       0D:  1152  LtestSnakeTurnsTo$currentDirectio
       0D:  1153  LtestSnakeTurnsTo$snake$1$1      
       0D:  1158  LtestSnakeEatsAFruit$snake$1$1   
       0D:  115D  LtestSnakeMoves$snake$1$1        
       0D:  1162  LtestSnakeHitsABorder$snake$1$1  
       0D:  1167  LbddSnakeHitsItsTail$c$1$1       
       0D:  119E  LbddSnakeHitsItsTail$snake$1$1   
       0D:  11A3  LbddSnakeHitsItsTail$n$1$1       
       0D:  11A4  LbddSnakeHitsThisObstacle$testId$
       0D:  11A4  _bddSnakeHitsThisObstacle_PARM_2 
       0D:  11A7  LbddSnakeHitsThisObstacle$obstacl
       0D:  11A8  LbddSnakeHitsThisObstacle$c$1$1  
       0D:  11DF  LbddSnakeHitsThisObstacle$snake$1
       0D:  11E4  LbddSnakeHitsThisObstacle$n$1$1  
       0D:  11E5  LbddSnakeMovesTurnsAndCatchesAFru
       0D:  121C  LbddSnakeMovesTurnsAndCatchesAFru
       0D:  1221  LbddSnakeMovesTurnsAndCatchesAFru
       0D:  1222  LbddSnakeGrows$c$1$1             
       0D:  1259  LbddSnakeGrows$snake$1$1         
       0D:  125E  LbddSnakeGrows$n$1$1             
       0D:  125F  LKEYBOARD_readArrows$keyboard$1$1
       0D:  1262  LtestKeyboardArrows$keys$1$1     
       0D:  1266  LFRUIT_placeInFreeSpace$position$
       0D:  1269  LFRUIT_random$position$1$1       
       0D:  126C  LFRUIT_place$position$1$1        
ASxxxx Linker V02.00 + NoICE + sdld,  page 28.
Hexadecimal

Area                               Addr   Size   Decimal Bytes (Attributes)
--------------------------------   ----   ----   ------- ----- ------------
XSEG                               1000   0380 =    896. bytes (REL,CON,XDATA)

      Value  Global                              Global Defined In Module
      -----  ---------------------------------   ------------------------
       0D:  126E  LtestFruitIsPlacedInFreeSpace$pos
       0D:  1270  LtestFruitIsPlacedRandomly$positi
       0D:  1272  LtestFruitIsPlacedRandomly$positi
       0D:  1274  LBDD_clear$n$1$1                 
       0D:  1275  LBDD_assert$testId$1$1           
       0D:  1275  _BDD_assert_PARM_2               
       0D:  1278  LBDD_assert$expectedContent$1$1  
       0D:  127B  LBDD_assert$x$1$1                
       0D:  127C  LBDD_assert$y$1$1                
       0D:  127D  LBDD_assert$unexpectedContent$1$1
       0D:  127F  LGMB_copyFromRomToCg$cgCode$1$1  
       0D:  127F  _GMB_copyFromRomToCg_PARM_2      
       0D:  1280  LGMB_copyFromRomToCg$positionInRo
       0D:  1281  LGMB_draw$y0$1$1                 
       0D:  1281  _GMB_draw_PARM_2                 
       0D:  1282  LGMB_draw$x1$1$1                 
       0D:  1282  _GMB_draw_PARM_3                 
       0D:  1283  LGMB_draw$y1$1$1                 
       0D:  1283  _GMB_draw_PARM_4                 
       0D:  1284  LGMB_draw$x0$1$1                 
       0D:  1285  LGMB_draw$x$1$1                  
       0D:  1286  LGMB_draw$y$1$1                  
       0D:  1287  LGMB_clear$y0$1$1                
       0D:  1287  _GMB_clear_PARM_2                
       0D:  1288  LGMB_clear$x1$1$1                
       0D:  1288  _GMB_clear_PARM_3                
       0D:  1289  LGMB_clear$y1$1$1                
       0D:  1289  _GMB_clear_PARM_4                
       0D:  128A  LGMB_clear$x0$1$1                
       0D:  128B  LGMB_clear$x$1$1                 
       0D:  128C  LGMB_clear$y$1$1                 
       0D:  128D  LGMB_display$y0$1$1              
       0D:  128D  _GMB_display_PARM_2              
       0D:  128E  LGMB_display$text$1$1            
       0D:  128E  _GMB_display_PARM_3              
       0D:  1291  LGMB_display$x0$1$1              
       0D:  1292  LGMB_display$x$1$1               
       0D:  1293  LGMB_display$i$1$1               
       0D:  1295  LbddGameboardDraw$c$1$1          
       0D:  12CC  LbddGameboardClear$c$1$1         
       0D:  1303  LbddGameboardDisplay$c$1$1       
       0D:  133A  Lrand_interval$max$1$1           
       0D:  133A  _rand_interval_PARM_2            
       0D:  133C  Lrand_interval$min$1$1           
       0D:  133E  __divuint_PARM_2                 
       0D:  1346  __gptrput_PARM_2                 
       0D:  1347  __mulint_PARM_2                  
       0D:  1349  __mullong_PARM_2                 
       0D:  134D  __modsint_PARM_2                 
       0D:  1351  __moduint_PARM_2                 
       0D:  1356  _vprintf_PARM_2                  
ASxxxx Linker V02.00 + NoICE + sdld,  page 29.
Hexadecimal

Area                               Addr   Size   Decimal Bytes (Attributes)
--------------------------------   ----   ----   ------- ----- ------------
XSEG                               1000   0380 =    896. bytes (REL,CON,XDATA)

      Value  Global                              Global Defined In Module
      -----  ---------------------------------   ------------------------
       0D:  136A  __print_format_PARM_2            
       0D:  136D  __print_format_PARM_3            
       0D:  1370  __print_format_PARM_4            

ASxxxx Linker V02.00 + NoICE + sdld,  page 30.
Hexadecimal

Area                               Addr   Size   Decimal Bytes (Attributes)
--------------------------------   ----   ----   ------- ----- ------------
XISEG                              1380   000A =     10. bytes (REL,CON,XDATA)

      Value  Global                              Global Defined In Module
      -----  ---------------------------------   ------------------------
       0D:  1380  G$_t6963c$0$0                    
       0D:  1380  __t6963c                         
       0D:  1382  G$address$0$0                    
       0D:  1382  _address                         
       0D:  1384  G$in$0$0                         
       0D:  1384  _in                              
       0D:  1385  G$out$0$0                        
       0D:  1385  _out                             
ASxxxx Linker V02.00 + NoICE + sdld,  page 31.
Hexadecimal

Area                               Addr   Size   Decimal Bytes (Attributes)
--------------------------------   ----   ----   ------- ----- ------------
HOME                               0000   0008 =      8. bytes (REL,CON,CODE)

      Value  Global                              Global Defined In Module
      -----  ---------------------------------   ------------------------
       0C:  0000  A$main$414                       
       0C:  0003  A$main$436                       
       0C:  0003  __sdcc_program_startup           
       0C:  0006  A$main$438                       
ASxxxx Linker V02.00 + NoICE + sdld,  page 32.
Hexadecimal

Area                               Addr   Size   Decimal Bytes (Attributes)
--------------------------------   ----   ----   ------- ----- ------------
GSINIT0                            0008   0003 =      3. bytes (REL,CON,CODE)

      Value  Global                              Global Defined In Module
      -----  ---------------------------------   ------------------------
       0C:  0008  __sdcc_gsinit_startup            

ASxxxx Linker V02.00 + NoICE + sdld,  page 33.
Hexadecimal

Area                               Addr   Size   Decimal Bytes (Attributes)
--------------------------------   ----   ----   ------- ----- ------------
GSINIT1                            000B   0000 =      0. bytes (REL,CON,CODE)

      Value  Global                              Global Defined In Module
      -----  ---------------------------------   ------------------------
ASxxxx Linker V02.00 + NoICE + sdld,  page 34.
Hexadecimal

Area                               Addr   Size   Decimal Bytes (Attributes)
--------------------------------   ----   ----   ------- ----- ------------
GSINIT2                            000B   000A =     10. bytes (REL,CON,CODE)

      Value  Global                              Global Defined In Module
      -----  ---------------------------------   ------------------------
ASxxxx Linker V02.00 + NoICE + sdld,  page 35.
Hexadecimal

Area                               Addr   Size   Decimal Bytes (Attributes)
--------------------------------   ----   ----   ------- ----- ------------
GSINIT3                            0015   0022 =     34. bytes (REL,CON,CODE)

      Value  Global                              Global Defined In Module
      -----  ---------------------------------   ------------------------
       0C:  0015  __mcs51_genXINIT                 

ASxxxx Linker V02.00 + NoICE + sdld,  page 36.
Hexadecimal

Area                               Addr   Size   Decimal Bytes (Attributes)
--------------------------------   ----   ----   ------- ----- ------------
GSINIT4                            0037   002A =     42. bytes (REL,CON,CODE)

      Value  Global                              Global Defined In Module
      -----  ---------------------------------   ------------------------
       0C:  0037  __mcs51_genRAMCLEAR              
       0C:  003D  __mcs51_genXRAMCLEAR             

ASxxxx Linker V02.00 + NoICE + sdld,  page 37.
Hexadecimal

Area                               Addr   Size   Decimal Bytes (Attributes)
--------------------------------   ----   ----   ------- ----- ------------
GSINIT5                            0061   0000 =      0. bytes (REL,CON,CODE)

      Value  Global                              Global Defined In Module
      -----  ---------------------------------   ------------------------
ASxxxx Linker V02.00 + NoICE + sdld,  page 38.
Hexadecimal

Area                               Addr   Size   Decimal Bytes (Attributes)
--------------------------------   ----   ----   ------- ----- ------------
GSINIT                             0061   0000 =      0. bytes (REL,CON,CODE)

      Value  Global                              Global Defined In Module
      -----  ---------------------------------   ------------------------
ASxxxx Linker V02.00 + NoICE + sdld,  page 39.
Hexadecimal

Area                               Addr   Size   Decimal Bytes (Attributes)
--------------------------------   ----   ----   ------- ----- ------------
GSFINAL                            0061   0003 =      3. bytes (REL,CON,CODE)

      Value  Global                              Global Defined In Module
      -----  ---------------------------------   ------------------------
       0C:  0061  A$main$429                       

ASxxxx Linker V02.00 + NoICE + sdld,  page 40.
Hexadecimal

Area                               Addr   Size   Decimal Bytes (Attributes)
--------------------------------   ----   ----   ------- ----- ------------
CSEG                               0064   3D4E =  15694. bytes (REL,CON,CODE)

      Value  Global                              Global Defined In Module
      -----  ---------------------------------   ------------------------
       0C:  0064  A$main$465                       
       0C:  0064  C$main.c$53$0$0                  
       0C:  0064  C$main.c$55$1$1                  
       0C:  0064  G$main$0$0                       
       0C:  0064  _main                            
       0C:  0067  A$main$468                       
       0C:  0067  C$main.c$57$1$1                  
       0C:  006A  A$main$469                       
       0C:  006C  A$main$470                       
       0C:  006E  A$main$473                       
       0C:  006E  C$main.c$58$1$1                  
       0C:  0070  A$main$474                       
       0C:  0072  A$main$475                       
       0C:  0075  A$main$476                       
       0C:  0077  A$main$477                       
       0C:  0079  A$main$478                       
       0C:  007B  A$main$479                       
       0C:  007D  A$main$480                       
       0C:  007E  A$main$481                       
       0C:  007F  A$main$482                       
       0C:  0080  A$main$483                       
       0C:  0081  A$main$484                       
       0C:  0082  A$main$485                       
       0C:  0083  A$main$488                       
       0C:  0083  C$main.c$59$1$1                  
       0C:  0085  A$main$489                       
       0C:  0087  A$main$490                       
       0C:  008A  A$main$491                       
       0C:  008C  A$main$492                       
       0C:  008E  A$main$493                       
       0C:  0090  A$main$494                       
       0C:  0092  A$main$495                       
       0C:  0093  A$main$496                       
       0C:  0094  A$main$497                       
       0C:  0095  A$main$498                       
       0C:  0096  A$main$499                       
       0C:  0097  A$main$500                       
       0C:  0098  A$main$503                       
       0C:  0098  C$main.c$60$1$1                  
       0C:  009A  A$main$504                       
       0C:  009C  A$main$505                       
       0C:  009F  A$main$506                       
       0C:  00A1  A$main$507                       
       0C:  00A3  A$main$508                       
       0C:  00A5  A$main$509                       
       0C:  00A7  A$main$510                       
       0C:  00A8  A$main$511                       
       0C:  00A9  A$main$512                       
       0C:  00AA  A$main$513                       
       0C:  00AB  A$main$514                       
ASxxxx Linker V02.00 + NoICE + sdld,  page 41.
Hexadecimal

Area                               Addr   Size   Decimal Bytes (Attributes)
--------------------------------   ----   ----   ------- ----- ------------
CSEG                               0064   3D4E =  15694. bytes (REL,CON,CODE)

      Value  Global                              Global Defined In Module
      -----  ---------------------------------   ------------------------
       0C:  00AC  A$main$515                       
       0C:  00AD  A$main$518                       
       0C:  00AD  C$main.c$61$1$1                  
       0C:  00AF  A$main$519                       
       0C:  00B1  A$main$520                       
       0C:  00B4  A$main$521                       
       0C:  00B6  A$main$522                       
       0C:  00B8  A$main$523                       
       0C:  00BA  A$main$524                       
       0C:  00BC  A$main$525                       
       0C:  00BD  A$main$526                       
       0C:  00BE  A$main$527                       
       0C:  00BF  A$main$528                       
       0C:  00C0  A$main$529                       
       0C:  00C1  A$main$530                       
       0C:  00C2  A$main$533                       
       0C:  00C2  C$main.c$62$1$1                  
       0C:  00C4  A$main$534                       
       0C:  00C6  A$main$535                       
       0C:  00C9  A$main$536                       
       0C:  00CB  A$main$537                       
       0C:  00CD  A$main$538                       
       0C:  00CF  A$main$539                       
       0C:  00D1  A$main$540                       
       0C:  00D2  A$main$541                       
       0C:  00D3  A$main$542                       
       0C:  00D4  A$main$543                       
       0C:  00D5  A$main$544                       
       0C:  00D6  A$main$545                       
       0C:  00D7  A$main$548                       
       0C:  00D7  C$main.c$64$1$1                  
       0C:  00D9  A$main$549                       
       0C:  00DB  A$main$550                       
       0C:  00DD  A$main$551                       
       0C:  00DF  A$main$552                       
       0C:  00E1  A$main$553                       
       0C:  00E3  A$main$554                       
       0C:  00E5  A$main$555                       
       0C:  00E7  A$main$556                       
       0C:  00EA  A$main$557                       
       0C:  00EC  A$main$558                       
       0C:  00EE  A$main$559                       
       0C:  00F0  A$main$565                       
       0C:  00F0  C$main.c$66$1$1                  
       0C:  00F0  C$main.c$67$1$1                  
       0C:  00F0  XG$main$0$0                      
       0C:  00F2  A$t6963c$557                     
       0C:  00F2  C$t6963c.c$21$0$0                
       0C:  00F2  C$t6963c.c$23$1$1                
       0C:  00F2  C$t6963c.c$24$2$2                
       0C:  00F2  G$T6963C_statusCheck$0$0         
ASxxxx Linker V02.00 + NoICE + sdld,  page 42.
Hexadecimal

Area                               Addr   Size   Decimal Bytes (Attributes)
--------------------------------   ----   ----   ------- ----- ------------
CSEG                               0064   3D4E =  15694. bytes (REL,CON,CODE)

      Value  Global                              Global Defined In Module
      -----  ---------------------------------   ------------------------
       0C:  00F2  _T6963C_statusCheck              
       0C:  00F5  A$t6963c$558                     
       0C:  00F6  A$t6963c$559                     
       0C:  00F7  A$t6963c$560                     
       0C:  00F8  A$t6963c$561                     
       0C:  00F9  A$t6963c$562                     
       0C:  00FA  A$t6963c$563                     
       0C:  00FC  A$t6963c$564                     
       0C:  00FE  A$t6963c$565                     
       0C:  00FF  A$t6963c$566                     
       0C:  0100  A$t6963c$567                     
       0C:  0101  A$t6963c$570                     
       0C:  0101  C$t6963c.c$25$2$2                
       0C:  0104  A$t6963c$573                     
       0C:  0104  C$t6963c.c$26$1$1                
       0C:  0107  A$t6963c$576                     
       0C:  0107  C$t6963c.c$27$1$1                
       0C:  0107  XG$T6963C_statusCheck$0$0        
       0C:  0108  A$t6963c$589                     
       0C:  0108  C$t6963c.c$33$1$1                
       0C:  0108  G$T6963C_noDataCommand$0$0       
       0C:  0108  _T6963C_noDataCommand            
       0C:  010A  A$t6963c$590                     
       0C:  010D  A$t6963c$591                     
       0C:  010E  A$t6963c$594                     
       0C:  010E  C$t6963c.c$34$1$1                
       0C:  0111  A$t6963c$597                     
       0C:  0111  C$t6963c.c$35$1$1                
       0C:  0114  A$t6963c$598                     
       0C:  0115  A$t6963c$599                     
       0C:  0116  A$t6963c$600                     
       0C:  0117  A$t6963c$601                     
       0C:  0118  A$t6963c$602                     
       0C:  0119  A$t6963c$603                     
       0C:  011A  A$t6963c$604                     
       0C:  011D  A$t6963c$605                     
       0C:  011E  A$t6963c$607                     
       0C:  0121  A$t6963c$608                     
       0C:  0122  A$t6963c$609                     
       0C:  0124  A$t6963c$610                     
       0C:  0126  A$t6963c$611                     
       0C:  0127  A$t6963c$614                     
       0C:  0127  C$t6963c.c$36$1$1                
       0C:  0127  XG$T6963C_noDataCommand$0$0      
       0C:  0128  A$t6963c$628                     
       0C:  0128  C$t6963c.c$43$1$1                
       0C:  0128  G$T6963C_oneDataCommand$0$0      
       0C:  0128  _T6963C_oneDataCommand           
       0C:  012A  A$t6963c$629                     
       0C:  012D  A$t6963c$630                     
       0C:  012E  A$t6963c$633                     
ASxxxx Linker V02.00 + NoICE + sdld,  page 43.
Hexadecimal

Area                               Addr   Size   Decimal Bytes (Attributes)
--------------------------------   ----   ----   ------- ----- ------------
CSEG                               0064   3D4E =  15694. bytes (REL,CON,CODE)

      Value  Global                              Global Defined In Module
      -----  ---------------------------------   ------------------------
       0C:  012E  C$t6963c.c$44$1$1                
       0C:  0131  A$t6963c$636                     
       0C:  0131  C$t6963c.c$45$1$1                
       0C:  0134  A$t6963c$637                     
       0C:  0135  A$t6963c$638                     
       0C:  0136  A$t6963c$639                     
       0C:  0137  A$t6963c$640                     
       0C:  0138  A$t6963c$641                     
       0C:  0139  A$t6963c$642                     
       0C:  013C  A$t6963c$643                     
       0C:  013D  A$t6963c$644                     
       0C:  013F  A$t6963c$645                     
       0C:  0141  A$t6963c$646                     
       0C:  0142  A$t6963c$649                     
       0C:  0142  C$t6963c.c$46$1$1                
       0C:  0145  A$t6963c$652                     
       0C:  0145  C$t6963c.c$47$1$1                
       0C:  0148  A$t6963c$653                     
       0C:  0149  A$t6963c$654                     
       0C:  014A  A$t6963c$655                     
       0C:  014B  A$t6963c$656                     
       0C:  014C  A$t6963c$657                     
       0C:  014D  A$t6963c$658                     
       0C:  014E  A$t6963c$659                     
       0C:  0151  A$t6963c$660                     
       0C:  0152  A$t6963c$662                     
       0C:  0155  A$t6963c$663                     
       0C:  0156  A$t6963c$664                     
       0C:  0158  A$t6963c$665                     
       0C:  015A  A$t6963c$666                     
       0C:  015B  A$t6963c$669                     
       0C:  015B  C$t6963c.c$48$1$1                
       0C:  015B  XG$T6963C_oneDataCommand$0$0     
       0C:  015C  A$t6963c$684                     
       0C:  015C  C$t6963c.c$56$1$1                
       0C:  015C  G$T6963C_twoDataCommand$0$0      
       0C:  015C  _T6963C_twoDataCommand           
       0C:  015E  A$t6963c$685                     
       0C:  0161  A$t6963c$686                     
       0C:  0162  A$t6963c$689                     
       0C:  0162  C$t6963c.c$59$1$1                
       0C:  0165  A$t6963c$692                     
       0C:  0165  C$t6963c.c$60$1$1                
       0C:  0168  A$t6963c$693                     
       0C:  0169  A$t6963c$694                     
       0C:  016A  A$t6963c$695                     
       0C:  016B  A$t6963c$696                     
       0C:  016C  A$t6963c$697                     
       0C:  016D  A$t6963c$698                     
       0C:  0170  A$t6963c$699                     
       0C:  0171  A$t6963c$700                     
ASxxxx Linker V02.00 + NoICE + sdld,  page 44.
Hexadecimal

Area                               Addr   Size   Decimal Bytes (Attributes)
--------------------------------   ----   ----   ------- ----- ------------
CSEG                               0064   3D4E =  15694. bytes (REL,CON,CODE)

      Value  Global                              Global Defined In Module
      -----  ---------------------------------   ------------------------
       0C:  0173  A$t6963c$701                     
       0C:  0175  A$t6963c$702                     
       0C:  0176  A$t6963c$705                     
       0C:  0176  C$t6963c.c$61$1$1                
       0C:  0179  A$t6963c$708                     
       0C:  0179  C$t6963c.c$62$1$1                
       0C:  017C  A$t6963c$709                     
       0C:  017D  A$t6963c$710                     
       0C:  017E  A$t6963c$711                     
       0C:  017F  A$t6963c$712                     
       0C:  0180  A$t6963c$713                     
       0C:  0181  A$t6963c$714                     
       0C:  0184  A$t6963c$715                     
       0C:  0185  A$t6963c$716                     
       0C:  0187  A$t6963c$717                     
       0C:  0189  A$t6963c$718                     
       0C:  018A  A$t6963c$721                     
       0C:  018A  C$t6963c.c$63$1$1                
       0C:  018D  A$t6963c$724                     
       0C:  018D  C$t6963c.c$64$1$1                
       0C:  0190  A$t6963c$725                     
       0C:  0191  A$t6963c$726                     
       0C:  0192  A$t6963c$727                     
       0C:  0193  A$t6963c$728                     
       0C:  0194  A$t6963c$729                     
       0C:  0195  A$t6963c$730                     
       0C:  0196  A$t6963c$731                     
       0C:  0199  A$t6963c$732                     
       0C:  019A  A$t6963c$734                     
       0C:  019D  A$t6963c$735                     
       0C:  019E  A$t6963c$736                     
       0C:  01A0  A$t6963c$737                     
       0C:  01A2  A$t6963c$738                     
       0C:  01A3  A$t6963c$741                     
       0C:  01A3  C$t6963c.c$65$1$1                
       0C:  01A3  XG$T6963C_twoDataCommand$0$0     
       0C:  01A4  A$t6963c$756                     
       0C:  01A4  C$t6963c.c$72$1$1                
       0C:  01A4  G$T6963C_addressCommand$0$0      
       0C:  01A4  _T6963C_addressCommand           
       0C:  01A6  A$t6963c$757                     
       0C:  01A9  A$t6963c$758                     
       0C:  01AA  A$t6963c$761                     
       0C:  01AA  C$t6963c.c$74$1$1                
       0C:  01AD  A$t6963c$762                     
       0C:  01AF  A$t6963c$763                     
       0C:  01B0  A$t6963c$764                     
       0C:  01B1  A$t6963c$765                     
       0C:  01B3  A$t6963c$766                     
       0C:  01B4  A$t6963c$767                     
       0C:  01B5  A$t6963c$768                     
ASxxxx Linker V02.00 + NoICE + sdld,  page 45.
Hexadecimal

Area                               Addr   Size   Decimal Bytes (Attributes)
--------------------------------   ----   ----   ------- ----- ------------
CSEG                               0064   3D4E =  15694. bytes (REL,CON,CODE)

      Value  Global                              Global Defined In Module
      -----  ---------------------------------   ------------------------
       0C:  01B6  A$t6963c$769                     
       0C:  01B7  A$t6963c$772                     
       0C:  01B7  C$t6963c.c$75$1$1                
       0C:  01BA  A$t6963c$775                     
       0C:  01BA  C$t6963c.c$76$1$1                
       0C:  01BD  A$t6963c$776                     
       0C:  01BE  A$t6963c$777                     
       0C:  01BF  A$t6963c$778                     
       0C:  01C0  A$t6963c$779                     
       0C:  01C1  A$t6963c$780                     
       0C:  01C2  A$t6963c$781                     
       0C:  01C5  A$t6963c$782                     
       0C:  01C6  A$t6963c$783                     
       0C:  01C7  A$t6963c$784                     
       0C:  01C8  A$t6963c$785                     
       0C:  01C9  A$t6963c$786                     
       0C:  01CA  A$t6963c$787                     
       0C:  01CB  A$t6963c$788                     
       0C:  01CC  A$t6963c$789                     
       0C:  01CD  A$t6963c$790                     
       0C:  01CF  A$t6963c$791                     
       0C:  01D1  A$t6963c$792                     
       0C:  01D3  A$t6963c$793                     
       0C:  01D6  A$t6963c$794                     
       0C:  01D8  A$t6963c$795                     
       0C:  01DA  A$t6963c$796                     
       0C:  01DB  A$t6963c$799                     
       0C:  01DB  C$t6963c.c$77$1$1                
       0C:  01DD  A$t6963c$800                     
       0C:  01DF  A$t6963c$801                     
       0C:  01E1  A$t6963c$802                     
       0C:  01E4  A$t6963c$803                     
       0C:  01E6  A$t6963c$804                     
       0C:  01E8  A$t6963c$805                     
       0C:  01EA  A$t6963c$808                     
       0C:  01EA  C$t6963c.c$78$1$1                
       0C:  01ED  A$t6963c$809                     
       0C:  01EE  A$t6963c$810                     
       0C:  01EF  A$t6963c$811                     
       0C:  01F0  A$t6963c$812                     
       0C:  01F1  A$t6963c$813                     
       0C:  01F2  A$t6963c$814                     
       0C:  01F3  A$t6963c$815                     
       0C:  01F6  A$t6963c$816                     
       0C:  01F7  A$t6963c$818                     
       0C:  01F9  A$t6963c$819                     
       0C:  01FB  A$t6963c$820                     
       0C:  01FD  A$t6963c$821                     
       0C:  0200  A$t6963c$822                     
       0C:  0202  A$t6963c$823                     
       0C:  0204  A$t6963c$824                     
ASxxxx Linker V02.00 + NoICE + sdld,  page 46.
Hexadecimal

Area                               Addr   Size   Decimal Bytes (Attributes)
--------------------------------   ----   ----   ------- ----- ------------
CSEG                               0064   3D4E =  15694. bytes (REL,CON,CODE)

      Value  Global                              Global Defined In Module
      -----  ---------------------------------   ------------------------
       0C:  0205  A$t6963c$827                     
       0C:  0205  C$t6963c.c$79$1$1                
       0C:  0208  A$t6963c$830                     
       0C:  0208  C$t6963c.c$80$1$1                
       0C:  020B  A$t6963c$831                     
       0C:  020C  A$t6963c$832                     
       0C:  020D  A$t6963c$833                     
       0C:  020E  A$t6963c$834                     
       0C:  020F  A$t6963c$835                     
       0C:  0210  A$t6963c$836                     
       0C:  0211  A$t6963c$837                     
       0C:  0214  A$t6963c$838                     
       0C:  0215  A$t6963c$840                     
       0C:  0218  A$t6963c$841                     
       0C:  0219  A$t6963c$842                     
       0C:  021B  A$t6963c$843                     
       0C:  021D  A$t6963c$844                     
       0C:  021E  A$t6963c$847                     
       0C:  021E  C$t6963c.c$81$1$1                
       0C:  021E  XG$T6963C_addressCommand$0$0     
       0C:  021F  A$t6963c$863                     
       0C:  021F  C$t6963c.c$89$1$1                
       0C:  021F  C$t6963c.c$90$1$1                
       0C:  021F  G$T6963C_dataWrite$0$0           
       0C:  021F  _T6963C_dataWrite                
       0C:  0221  A$t6963c$864                     
       0C:  0223  A$t6963c$865                     
       0C:  0226  A$t6963c$866                     
       0C:  0227  A$t6963c$867                     
       0C:  0228  A$t6963c$868                     
       0C:  0229  A$t6963c$869                     
       0C:  022A  A$t6963c$870                     
       0C:  022B  A$t6963c$871                     
       0C:  022E  A$t6963c$872                     
       0C:  022F  A$t6963c$873                     
       0C:  0230  A$t6963c$874                     
       0C:  0231  A$t6963c$875                     
       0C:  0232  A$t6963c$876                     
       0C:  0233  A$t6963c$877                     
       0C:  0236  A$t6963c$878                     
       0C:  0239  A$t6963c$881                     
       0C:  0239  C$t6963c.c$91$1$1                
       0C:  023C  A$t6963c$882                     
       0C:  023D  A$t6963c$883                     
       0C:  0240  A$t6963c$884                     
       0C:  0241  A$t6963c$885                     
       0C:  0244  A$t6963c$888                     
       0C:  0244  C$t6963c.c$92$1$1                
       0C:  0244  XG$T6963C_dataWrite$0$0          
       0C:  0247  A$t6963c$903                     
       0C:  0247  C$t6963c.c$100$1$1               
ASxxxx Linker V02.00 + NoICE + sdld,  page 47.
Hexadecimal

Area                               Addr   Size   Decimal Bytes (Attributes)
--------------------------------   ----   ----   ------- ----- ------------
CSEG                               0064   3D4E =  15694. bytes (REL,CON,CODE)

      Value  Global                              Global Defined In Module
      -----  ---------------------------------   ------------------------
       0C:  0247  C$t6963c.c$99$1$1                
       0C:  0247  G$T6963C_dataRead$0$0            
       0C:  0247  _T6963C_dataRead                 
       0C:  0249  A$t6963c$904                     
       0C:  024B  A$t6963c$905                     
       0C:  024E  A$t6963c$906                     
       0C:  024F  A$t6963c$907                     
       0C:  0250  A$t6963c$908                     
       0C:  0251  A$t6963c$909                     
       0C:  0252  A$t6963c$910                     
       0C:  0253  A$t6963c$911                     
       0C:  0256  A$t6963c$912                     
       0C:  0257  A$t6963c$913                     
       0C:  0258  A$t6963c$914                     
       0C:  0259  A$t6963c$915                     
       0C:  025A  A$t6963c$916                     
       0C:  025B  A$t6963c$917                     
       0C:  025E  A$t6963c$918                     
       0C:  0261  A$t6963c$921                     
       0C:  0261  C$t6963c.c$101$1$1               
       0C:  0264  A$t6963c$922                     
       0C:  0267  A$t6963c$925                     
       0C:  0267  C$t6963c.c$102$1$1               
       0C:  026A  A$t6963c$926                     
       0C:  026B  A$t6963c$927                     
       0C:  026C  A$t6963c$928                     
       0C:  026D  A$t6963c$929                     
       0C:  026E  A$t6963c$930                     
       0C:  026F  A$t6963c$931                     
       0C:  0271  A$t6963c$932                     
       0C:  0273  A$t6963c$933                     
       0C:  0274  A$t6963c$936                     
       0C:  0274  C$t6963c.c$103$1$1               
       0C:  0274  XG$T6963C_dataRead$0$0           
       0C:  0276  A$t6963c$937                     
       0C:  0277  A$t6963c$955                     
       0C:  0277  C$t6963c.c$108$1$1               
       0C:  0277  C$t6963c.c$110$1$1               
       0C:  0277  C$t6963c.c$111$2$2               
       0C:  0277  G$T6963C_statusCheckForAutoWrite$
       0C:  0277  _T6963C_statusCheckForAutoWrite  
       0C:  027A  A$t6963c$956                     
       0C:  027B  A$t6963c$957                     
       0C:  027C  A$t6963c$958                     
       0C:  027D  A$t6963c$959                     
       0C:  027E  A$t6963c$960                     
       0C:  027F  A$t6963c$961                     
       0C:  0281  A$t6963c$962                     
       0C:  0283  A$t6963c$963                     
       0C:  0284  A$t6963c$964                     
       0C:  0285  A$t6963c$965                     
ASxxxx Linker V02.00 + NoICE + sdld,  page 48.
Hexadecimal

Area                               Addr   Size   Decimal Bytes (Attributes)
--------------------------------   ----   ----   ------- ----- ------------
CSEG                               0064   3D4E =  15694. bytes (REL,CON,CODE)

      Value  Global                              Global Defined In Module
      -----  ---------------------------------   ------------------------
       0C:  0286  A$t6963c$968                     
       0C:  0286  C$t6963c.c$112$2$2               
       0C:  0289  A$t6963c$971                     
       0C:  0289  C$t6963c.c$113$1$1               
       0C:  028C  A$t6963c$974                     
       0C:  028C  C$t6963c.c$114$1$1               
       0C:  028C  XG$T6963C_statusCheckForAutoWrite
       0C:  028D  A$t6963c$993                     
       0C:  028D  C$t6963c.c$124$1$1               
       0C:  028D  C$t6963c.c$128$1$1               
       0C:  028D  G$T6963C_autoWrite$0$0           
       0C:  028D  _T6963C_autoWrite                
       0C:  028F  A$t6963c$994                     
       0C:  0291  A$t6963c$995                     
       0C:  0294  A$t6963c$996                     
       0C:  0295  A$t6963c$997                     
       0C:  0296  A$t6963c$998                     
       0C:  0297  A$t6963c$999                     
       0C:  0298  A$t6963c$1000                    
       0C:  0299  A$t6963c$1001                    
       0C:  029C  A$t6963c$1002                    
       0C:  029D  A$t6963c$1003                    
       0C:  029E  A$t6963c$1004                    
       0C:  029F  A$t6963c$1005                    
       0C:  02A0  A$t6963c$1006                    
       0C:  02A1  A$t6963c$1007                    
       0C:  02A4  A$t6963c$1008                    
       0C:  02A7  A$t6963c$1011                    
       0C:  02A7  C$t6963c.c$129$1$1               
       0C:  02AA  A$t6963c$1012                    
       0C:  02AD  A$t6963c$1015                    
       0C:  02B0  A$t6963c$1016                    
       0C:  02B1  A$t6963c$1017                    
       0C:  02B2  A$t6963c$1018                    
       0C:  02B3  A$t6963c$1019                    
       0C:  02B4  A$t6963c$1020                    
       0C:  02B7  A$t6963c$1021                    
       0C:  02B8  A$t6963c$1022                    
       0C:  02B9  A$t6963c$1023                    
       0C:  02BA  A$t6963c$1024                    
       0C:  02BB  A$t6963c$1025                    
       0C:  02BC  A$t6963c$1026                    
       0C:  02BD  A$t6963c$1027                    
       0C:  02BE  A$t6963c$1028                    
       0C:  02BF  A$t6963c$1029                    
       0C:  02C2  A$t6963c$1030                    
       0C:  02C3  A$t6963c$1031                    
       0C:  02C4  A$t6963c$1032                    
       0C:  02C5  A$t6963c$1033                    
       0C:  02C6  A$t6963c$1034                    
       0C:  02C7  A$t6963c$1036                    
ASxxxx Linker V02.00 + NoICE + sdld,  page 49.
Hexadecimal

Area                               Addr   Size   Decimal Bytes (Attributes)
--------------------------------   ----   ----   ------- ----- ------------
CSEG                               0064   3D4E =  15694. bytes (REL,CON,CODE)

      Value  Global                              Global Defined In Module
      -----  ---------------------------------   ------------------------
       0C:  02CA  A$t6963c$1037                    
       0C:  02CB  A$t6963c$1038                    
       0C:  02CC  A$t6963c$1039                    
       0C:  02CD  A$t6963c$1040                    
       0C:  02CE  A$t6963c$1041                    
       0C:  02CF  A$t6963c$1042                    
       0C:  02D0  A$t6963c$1043                    
       0C:  02D1  A$t6963c$1044                    
       0C:  02D2  A$t6963c$1045                    
       0C:  02D3  A$t6963c$1046                    
       0C:  02D4  A$t6963c$1047                    
       0C:  02D6  A$t6963c$1050                    
       0C:  02D6  C$t6963c.c$131$1$1               
       0C:  02D8  A$t6963c$1051                    
       0C:  02DA  A$t6963c$1052                    
       0C:  02DD  A$t6963c$1053                    
       0C:  02DE  A$t6963c$1054                    
       0C:  02E0  A$t6963c$1055                    
       0C:  02E1  A$t6963c$1056                    
       0C:  02E2  A$t6963c$1057                    
       0C:  02E3  A$t6963c$1058                    
       0C:  02E5  A$t6963c$1059                    
       0C:  02E6  A$t6963c$1062                    
       0C:  02E6  C$t6963c.c$132$2$2               
       0C:  02E8  A$t6963c$1063                    
       0C:  02EA  A$t6963c$1064                    
       0C:  02EC  A$t6963c$1065                    
       0C:  02EE  A$t6963c$1066                    
       0C:  02F0  A$t6963c$1067                    
       0C:  02F2  A$t6963c$1068                    
       0C:  02F4  A$t6963c$1069                    
       0C:  02F7  A$t6963c$1070                    
       0C:  02F9  A$t6963c$1071                    
       0C:  02FB  A$t6963c$1072                    
       0C:  02FD  A$t6963c$1073                    
       0C:  02FF  A$t6963c$1074                    
       0C:  0301  A$t6963c$1075                    
       0C:  0303  A$t6963c$1076                    
       0C:  0305  A$t6963c$1079                    
       0C:  0305  C$t6963c.c$133$2$2               
       0C:  0308  A$t6963c$1080                    
       0C:  0309  A$t6963c$1081                    
       0C:  030B  A$t6963c$1082                    
       0C:  030C  A$t6963c$1083                    
       0C:  030D  A$t6963c$1084                    
       0C:  030F  A$t6963c$1085                    
       0C:  0310  A$t6963c$1086                    
       0C:  0311  A$t6963c$1087                    
       0C:  0312  A$t6963c$1088                    
       0C:  0313  A$t6963c$1089                    
       0C:  0314  A$t6963c$1090                    
ASxxxx Linker V02.00 + NoICE + sdld,  page 50.
Hexadecimal

Area                               Addr   Size   Decimal Bytes (Attributes)
--------------------------------   ----   ----   ------- ----- ------------
CSEG                               0064   3D4E =  15694. bytes (REL,CON,CODE)

      Value  Global                              Global Defined In Module
      -----  ---------------------------------   ------------------------
       0C:  0315  A$t6963c$1091                    
       0C:  0317  A$t6963c$1092                    
       0C:  0319  A$t6963c$1093                    
       0C:  031B  A$t6963c$1094                    
       0C:  031D  A$t6963c$1095                    
       0C:  0320  A$t6963c$1096                    
       0C:  0323  A$t6963c$1097                    
       0C:  0326  A$t6963c$1098                    
       0C:  0327  A$t6963c$1101                    
       0C:  0327  C$t6963c.c$130$1$1               
       0C:  032A  A$t6963c$1102                    
       0C:  032C  A$t6963c$1103                    
       0C:  032D  A$t6963c$1104                    
       0C:  032E  A$t6963c$1105                    
       0C:  032F  A$t6963c$1106                    
       0C:  0330  A$t6963c$1107                    
       0C:  0331  A$t6963c$1108                    
       0C:  0332  A$t6963c$1109                    
       0C:  0334  A$t6963c$1110                    
       0C:  0336  A$t6963c$1111                    
       0C:  0338  A$t6963c$1115                    
       0C:  0338  C$t6963c.c$135$1$1               
       0C:  033B  A$t6963c$1116                    
       0C:  033E  A$t6963c$1119                    
       0C:  033E  C$t6963c.c$136$1$1               
       0C:  0341  A$t6963c$1120                    
       0C:  0342  A$t6963c$1121                    
       0C:  0343  A$t6963c$1122                    
       0C:  0344  A$t6963c$1123                    
       0C:  0345  A$t6963c$1126                    
       0C:  0345  C$t6963c.c$137$1$1               
       0C:  0345  XG$T6963C_autoWrite$0$0          
       0C:  0347  A$t6963c$1127                    
       0C:  0349  A$t6963c$1128                    
       0C:  034A  A$t6963c$1146                    
       0C:  034A  C$t6963c.c$146$1$1               
       0C:  034A  C$t6963c.c$150$1$1               
       0C:  034A  G$T6963C_autoRepeat$0$0          
       0C:  034A  _T6963C_autoRepeat               
       0C:  034C  A$t6963c$1147                    
       0C:  034E  A$t6963c$1148                    
       0C:  0351  A$t6963c$1149                    
       0C:  0352  A$t6963c$1150                    
       0C:  0353  A$t6963c$1151                    
       0C:  0354  A$t6963c$1152                    
       0C:  0355  A$t6963c$1153                    
       0C:  0356  A$t6963c$1154                    
       0C:  0359  A$t6963c$1155                    
       0C:  035A  A$t6963c$1156                    
       0C:  035B  A$t6963c$1157                    
       0C:  035C  A$t6963c$1158                    
ASxxxx Linker V02.00 + NoICE + sdld,  page 51.
Hexadecimal

Area                               Addr   Size   Decimal Bytes (Attributes)
--------------------------------   ----   ----   ------- ----- ------------
CSEG                               0064   3D4E =  15694. bytes (REL,CON,CODE)

      Value  Global                              Global Defined In Module
      -----  ---------------------------------   ------------------------
       0C:  035D  A$t6963c$1159                    
       0C:  035E  A$t6963c$1160                    
       0C:  0361  A$t6963c$1161                    
       0C:  0364  A$t6963c$1164                    
       0C:  0364  C$t6963c.c$151$1$1               
       0C:  0367  A$t6963c$1165                    
       0C:  036A  A$t6963c$1168                    
       0C:  036D  A$t6963c$1169                    
       0C:  036E  A$t6963c$1170                    
       0C:  036F  A$t6963c$1171                    
       0C:  0370  A$t6963c$1172                    
       0C:  0371  A$t6963c$1173                    
       0C:  0374  A$t6963c$1174                    
       0C:  0375  A$t6963c$1175                    
       0C:  0376  A$t6963c$1176                    
       0C:  0379  A$t6963c$1177                    
       0C:  037A  A$t6963c$1178                    
       0C:  037B  A$t6963c$1179                    
       0C:  037C  A$t6963c$1180                    
       0C:  037D  A$t6963c$1181                    
       0C:  037E  A$t6963c$1183                    
       0C:  0381  A$t6963c$1184                    
       0C:  0382  A$t6963c$1185                    
       0C:  0383  A$t6963c$1186                    
       0C:  0384  A$t6963c$1187                    
       0C:  0385  A$t6963c$1188                    
       0C:  0386  A$t6963c$1189                    
       0C:  0387  A$t6963c$1190                    
       0C:  0388  A$t6963c$1191                    
       0C:  0389  A$t6963c$1192                    
       0C:  038A  A$t6963c$1193                    
       0C:  038B  A$t6963c$1194                    
       0C:  038D  A$t6963c$1197                    
       0C:  038D  C$t6963c.c$153$2$2               
       0C:  0390  A$t6963c$1198                    
       0C:  0391  A$t6963c$1199                    
       0C:  0393  A$t6963c$1200                    
       0C:  0394  A$t6963c$1201                    
       0C:  0395  A$t6963c$1202                    
       0C:  0396  A$t6963c$1203                    
       0C:  0398  A$t6963c$1204                    
       0C:  0399  A$t6963c$1207                    
       0C:  0399  C$t6963c.c$154$2$2               
       0C:  039B  A$t6963c$1208                    
       0C:  039D  A$t6963c$1209                    
       0C:  039F  A$t6963c$1210                    
       0C:  03A1  A$t6963c$1211                    
       0C:  03A3  A$t6963c$1212                    
       0C:  03A6  A$t6963c$1213                    
       0C:  03A8  A$t6963c$1214                    
       0C:  03AA  A$t6963c$1215                    
ASxxxx Linker V02.00 + NoICE + sdld,  page 52.
Hexadecimal

Area                               Addr   Size   Decimal Bytes (Attributes)
--------------------------------   ----   ----   ------- ----- ------------
CSEG                               0064   3D4E =  15694. bytes (REL,CON,CODE)

      Value  Global                              Global Defined In Module
      -----  ---------------------------------   ------------------------
       0C:  03AC  A$t6963c$1216                    
       0C:  03AE  A$t6963c$1217                    
       0C:  03B0  A$t6963c$1220                    
       0C:  03B0  C$t6963c.c$155$2$2               
       0C:  03B3  A$t6963c$1221                    
       0C:  03B4  A$t6963c$1222                    
       0C:  03B5  A$t6963c$1223                    
       0C:  03B6  A$t6963c$1224                    
       0C:  03B7  A$t6963c$1225                    
       0C:  03B8  A$t6963c$1226                    
       0C:  03BA  A$t6963c$1227                    
       0C:  03BC  A$t6963c$1228                    
       0C:  03BD  A$t6963c$1229                    
       0C:  03BE  A$t6963c$1232                    
       0C:  03BE  C$t6963c.c$152$1$1               
       0C:  03C1  A$t6963c$1233                    
       0C:  03C3  A$t6963c$1234                    
       0C:  03C4  A$t6963c$1235                    
       0C:  03C5  A$t6963c$1236                    
       0C:  03C6  A$t6963c$1237                    
[...]
       0C:  3152  A$gameboard$1720                 
       0C:  3154  A$gameboard$1721                 
       0C:  3155  A$gameboard$1722                 
       0C:  3158  A$gameboard$1723                 
       0C:  315A  A$gameboard$1724                 
       0C:  315B  A$gameboard$1725                 
       0C:  315E  A$gameboard$1726                 
       0C:  3160  A$gameboard$1727                 
       0C:  3161  A$gameboard$1728                 
       0C:  3164  A$gameboard$1729                 
       0C:  3165  A$gameboard$1730                 
       0C:  3166  A$gameboard$1733                 
       0C:  3166  C$gameboard.c$215$1$1            
       0C:  3169  A$gameboard$1736                 
       0C:  3169  C$gameboard.c$217$1$1            
       0C:  316C  A$gameboard$1737                 
       0C:  316E  A$gameboard$1738                 
       0C:  316F  A$gameboard$1739                 
       0C:  3172  A$gameboard$1740                 
       0C:  3174  A$gameboard$1741                 
       0C:  3175  A$gameboard$1742                 
       0C:  3176  A$gameboard$1743                 
       0C:  3178  A$gameboard$1744                 
       0C:  3179  A$gameboard$1745                 
       0C:  317A  A$gameboard$1746                 
ASxxxx Linker V02.00 + NoICE + sdld,  page 192.
Hexadecimal

Area                               Addr   Size   Decimal Bytes (Attributes)
--------------------------------   ----   ----   ------- ----- ------------
CSEG                               0064   3D4E =  15694. bytes (REL,CON,CODE)

      Value  Global                              Global Defined In Module
      -----  ---------------------------------   ------------------------
       0C:  317C  A$gameboard$1747                 
       0C:  317D  A$gameboard$1748                 
       0C:  3180  A$gameboard$1749                 
       0C:  3183  A$gameboard$1752                 
       0C:  3183  C$gameboard.c$218$1$1            
       0C:  3186  A$gameboard$1753                 
       0C:  3188  A$gameboard$1754                 
       0C:  3189  A$gameboard$1755                 
       0C:  318A  A$gameboard$1756                 
       0C:  318C  A$gameboard$1757                 
       0C:  318D  A$gameboard$1758                 
       0C:  318E  A$gameboard$1759                 
       0C:  3190  A$gameboard$1760                 
       0C:  3191  A$gameboard$1761                 
       0C:  3194  A$gameboard$1762                 
       0C:  3197  A$gameboard$1765                 
       0C:  3197  C$gameboard.c$219$1$1            
       0C:  3197  XG$bddGameboardDisplay$0$0       
       0C:  319A  A$gameboard$1780                 
       0C:  319A  C$gameboard.c$221$1$1            
       0C:  319A  C$gameboard.c$224$1$1            
       0C:  319A  G$testGameboard$0$0              
       0C:  319A  _testGameboard                   
       0C:  319D  A$gameboard$1781                 
       0C:  319F  A$gameboard$1782                 
       0C:  31A1  A$gameboard$1785                 
       0C:  31A1  C$gameboard.c$225$1$1            
       0C:  31A3  A$gameboard$1786                 
       0C:  31A5  A$gameboard$1787                 
       0C:  31A8  A$gameboard$1788                 
       0C:  31AA  A$gameboard$1789                 
       0C:  31AC  A$gameboard$1790                 
       0C:  31AE  A$gameboard$1791                 
       0C:  31B0  A$gameboard$1792                 
       0C:  31B1  A$gameboard$1793                 
       0C:  31B2  A$gameboard$1794                 
       0C:  31B3  A$gameboard$1795                 
       0C:  31B4  A$gameboard$1796                 
       0C:  31B5  A$gameboard$1797                 
       0C:  31B6  A$gameboard$1800                 
       0C:  31B6  C$gameboard.c$226$1$1            
       0C:  31B8  A$gameboard$1801                 
       0C:  31BA  A$gameboard$1802                 
       0C:  31BD  A$gameboard$1803                 
       0C:  31BF  A$gameboard$1804                 
       0C:  31C1  A$gameboard$1805                 
       0C:  31C3  A$gameboard$1806                 
       0C:  31C5  A$gameboard$1807                 
       0C:  31C6  A$gameboard$1808                 
       0C:  31C7  A$gameboard$1809                 
       0C:  31C8  A$gameboard$1810                 
ASxxxx Linker V02.00 + NoICE + sdld,  page 193.
Hexadecimal

Area                               Addr   Size   Decimal Bytes (Attributes)
--------------------------------   ----   ----   ------- ----- ------------
CSEG                               0064   3D4E =  15694. bytes (REL,CON,CODE)

      Value  Global                              Global Defined In Module
      -----  ---------------------------------   ------------------------
       0C:  31C9  A$gameboard$1811                 
       0C:  31CA  A$gameboard$1816                 
       0C:  31CA  C$gameboard.c$228$1$1            
       0C:  31CA  C$gameboard.c$229$1$1            
       0C:  31CA  XG$testGameboard$0$0             
       0C:  31CC  A$gameboard$1817                 
       0C:  31CE  A$gameboard$1818                 
       0C:  31CF  A$rand$124                       
       0C:  31CF  C$rand.c$15$0$0                  
       0C:  31CF  C$rand.c$19$1$1                  
       0C:  31CF  G$rand_interval$0$0              
       0C:  31CF  _rand_interval                   
       0C:  31D1  A$rand$125                       
       0C:  31D3  A$rand$126                       
       0C:  31D6  A$rand$127                       
       0C:  31D7  A$rand$128                       
       0C:  31D8  A$rand$129                       
       0C:  31D9  A$rand$130                       
       0C:  31DA  A$rand$131                       
       0C:  31DB  A$rand$132                       
       0C:  31DE  A$rand$133                       
       0C:  31DF  A$rand$134                       
       0C:  31E0  A$rand$135                       
       0C:  31E1  A$rand$136                       
       0C:  31E2  A$rand$137                       
       0C:  31E3  A$rand$141                       
       0C:  31E3  C$rand.c$21$2$2                  
       0C:  31E5  A$rand$142                       
       0C:  31E7  A$rand$143                       
       0C:  31E9  A$rand$144                       
       0C:  31EB  A$rand$145                       
       0C:  31EE  A$rand$146                       
       0C:  31F0  A$rand$147                       
       0C:  31F2  A$rand$148                       
       0C:  31F4  A$rand$149                       
       0C:  31F6  A$rand$150                       
       0C:  31F8  A$rand$153                       
       0C:  31F8  C$rand.c$22$1$1                  
       0C:  31FA  A$rand$154                       
       0C:  31FC  A$rand$155                       
       0C:  31FD  A$rand$156                       
       0C:  31FE  A$rand$157                       
       0C:  31FF  A$rand$158                       
       0C:  3200  A$rand$159                       
       0C:  3202  A$rand$160                       
       0C:  3204  A$rand$161                       
       0C:  3207  A$rand$162                       
       0C:  3209  A$rand$163                       
       0C:  320B  A$rand$164                       
       0C:  320C  A$rand$165                       
       0C:  320D  A$rand$166                       
ASxxxx Linker V02.00 + NoICE + sdld,  page 194.
Hexadecimal

Area                               Addr   Size   Decimal Bytes (Attributes)
--------------------------------   ----   ----   ------- ----- ------------
CSEG                               0064   3D4E =  15694. bytes (REL,CON,CODE)

      Value  Global                              Global Defined In Module
      -----  ---------------------------------   ------------------------
       0C:  320E  A$rand$167                       
       0C:  3210  A$rand$168                       
       0C:  3212  A$rand$169                       
       0C:  3215  A$rand$170                       
       0C:  3217  A$rand$171                       
       0C:  3219  A$rand$174                       
       0C:  3219  C$rand.c$24$1$1                  
       0C:  321B  A$rand$177                       
       0C:  321B  C$rand.c$25$1$1                  
       0C:  321B  XG$rand_interval$0$0             
       0C:  321C  A$rand$194                       
       0C:  321C  C$rand.c$30$1$1                  
       0C:  321C  C$rand.c$34$1$1                  
       0C:  321C  G$testTrueRandom$0$0             
       0C:  321C  _testTrueRandom                  
       0C:  321F  A$rand$195                       
       0C:  3221  A$rand$196                       
       0C:  3222  A$rand$197                       
       0C:  3223  A$rand$198                       
       0C:  3224  A$rand$199                       
       0C:  3225  A$rand$200                       
       0C:  3228  A$rand$201                       
       0C:  322B  A$rand$202                       
       0C:  322D  A$rand$205                       
       0C:  322D  C$rand.c$35$1$1                  
       0C:  3230  A$rand$206                       
       0C:  3232  A$rand$207                       
       0C:  3233  A$rand$208                       
       0C:  3234  A$rand$209                       
       0C:  3235  A$rand$210                       
       0C:  3236  A$rand$211                       
       0C:  3239  A$rand$212                       
       0C:  323B  A$rand$213                       
       0C:  323E  A$rand$214                       
       0C:  3240  A$rand$215                       
       0C:  3242  A$rand$218                       
       0C:  3242  C$rand.c$36$1$1                  
       0C:  3243  A$rand$219                       
       0C:  3244  A$rand$220                       
       0C:  3246  A$rand$221                       
       0C:  3247  A$rand$222                       
       0C:  3248  A$rand$223                       
       0C:  3249  A$rand$224                       
       0C:  324B  A$rand$225                       
       0C:  324C  A$rand$226                       
       0C:  324F  A$rand$227                       
       0C:  3250  A$rand$228                       
       0C:  3251  A$rand$229                       
       0C:  3252  A$rand$230                       
       0C:  3253  A$rand$231                       
       0C:  3254  A$rand$232                       
ASxxxx Linker V02.00 + NoICE + sdld,  page 195.
Hexadecimal

Area                               Addr   Size   Decimal Bytes (Attributes)
--------------------------------   ----   ----   ------- ----- ------------
CSEG                               0064   3D4E =  15694. bytes (REL,CON,CODE)

      Value  Global                              Global Defined In Module
      -----  ---------------------------------   ------------------------
       0C:  3257  A$rand$233                       
       0C:  3259  A$rand$234                       
       0C:  325A  A$rand$235                       
       0C:  325B  A$rand$236                       
       0C:  325D  A$rand$237                       
       0C:  325E  A$rand$238                       
       0C:  325F  A$rand$239                       
       0C:  3261  A$rand$240                       
       0C:  3262  A$rand$241                       
       0C:  3264  A$rand$242                       
       0C:  3266  A$rand$247                       
       0C:  3266  C$rand.c$38$1$1                  
       0C:  3266  C$rand.c$39$1$1                  
       0C:  3266  XG$testTrueRandom$0$0            
       0C:  3269  A$rand$266                       
       0C:  3269  C$rand.c$41$1$1                  
       0C:  3269  C$rand.c$44$1$1                  
       0C:  3269  C$rand.c$46$1$1                  
       0C:  3269  C$rand.c$47$1$1                  
       0C:  3269  G$testRand$0$0                   
       0C:  3269  XG$testRand$0$0                  
       0C:  3269  _testRand                        
       0C:  326C  __divuint                        
       0C:  3306  _rand                            
       0C:  3360  _srand                           
       0C:  337A  __gptrput                        
       0C:  3393  __mulint                         
       0C:  33B3  __mullong                        
       0C:  33B3  __mullong_dummy                  
       0C:  341F  __modsint                        
       0C:  3485  __moduint                        
       0C:  353D  _vprintf                         
       0C:  357C  _printf                          
       0C:  3681  __print_format                   
       0C:  3D7A  _strlen                          
       0C:  3D92  __gptrget                        
       0C:  3DAE  __sdcc_external_startup          

ASxxxx Linker V02.00 + NoICE + sdld,  page 196.
Hexadecimal

Area                               Addr   Size   Decimal Bytes (Attributes)
--------------------------------   ----   ----   ------- ----- ------------
CONST                              3DB2   01CF =    463. bytes (REL,CON,CODE)

      Value  Global                              Global Defined In Module
      -----  ---------------------------------   ------------------------
       0C:  3DB2  Fmain$_str_0$0$0                 
       0C:  3DC5  Ftest$_str_0$0$0                 
       0C:  3DE1  Ftest$_str_1$0$0                 
       0C:  3E00  Fbuffer$_str_0$0$0               
       0C:  3E06  Fbuffer$_str_1$0$0               
       0C:  3E0C  Fbuffer$_str_2$0$0               
       0C:  3E12  Fbuffer$_str_3$0$0               
       0C:  3E19  Fbuffer$_str_4$0$0               
       0C:  3E20  Fbuffer$_str_5$0$0               
       0C:  3E27  Fsnake$_str_0$0$0                
       0C:  3E2C  Fsnake$_str_1$0$0                
       0C:  3E31  Fsnake$_str_2$0$0                
       0C:  3E36  Fsnake$_str_3$0$0                
       0C:  3E3B  Fsnake$_str_4$0$0                
       0C:  3E40  Fsnake$_str_5$0$0                
       0C:  3E45  Fsnake$_str_6$0$0                
       0C:  3E4A  Fsnake$_str_7$0$0                
       0C:  3E4F  Fsnake$_str_8$0$0                
       0C:  3E54  Fsnake$_str_9$0$0                
       0C:  3E59  Fsnake$_str_10$0$0               
       0C:  3E5E  Fsnake$_str_11$0$0               
       0C:  3E63  Fsnake$_str_12$0$0               
       0C:  3E68  Fsnake$_str_13$0$0               
       0C:  3E6D  Fsnake$_str_14$0$0               
       0C:  3E72  Fsnake$_str_15$0$0               
       0C:  3E77  Fsnake$_str_16$0$0               
       0C:  3E7D  Fsnake$_str_17$0$0               
       0C:  3E83  Fsnake$_str_18$0$0               
       0C:  3E89  Fsnake$_str_19$0$0               
       0C:  3E8F  Fsnake$_str_20$0$0               
       0C:  3E95  Fsnake$_str_21$0$0               
       0C:  3E9B  Fsnake$_str_22$0$0               
       0C:  3EA1  Fsnake$_str_23$0$0               
       0C:  3EA6  Fsnake$_str_24$0$0               
       0C:  3EAB  Fsnake$_str_25$0$0               
       0C:  3EB0  Fsnake$_str_26$0$0               
       0C:  3EB5  Fsnake$_str_27$0$0               
       0C:  3EBA  Fsnake$_str_32$0$0               
       0C:  3EBE  Fsnake$_str_35$0$0               
       0C:  3EC4  Fsnake$_str_36$0$0               
       0C:  3ECA  Fsnake$_str_37$0$0               
       0C:  3ED0  Fsnake$_str_38$0$0               
       0C:  3ED6  Fsnake$_str_39$0$0               
       0C:  3EDC  Fsnake$_str_40$0$0               
       0C:  3EE2  Fsnake$_str_41$0$0               
       0C:  3EE8  Fsnake$_str_42$0$0               
       0C:  3EEE  Fsnake$_str_48$0$0               
       0C:  3EF3  Fsnake$_str_51$0$0               
       0C:  3EF7  Fkeyboard$_str_0$0$0             
       0C:  3EFD  Fkeyboard$_str_1$0$0             
ASxxxx Linker V02.00 + NoICE + sdld,  page 197.
Hexadecimal

Area                               Addr   Size   Decimal Bytes (Attributes)
--------------------------------   ----   ----   ------- ----- ------------
CONST                              3DB2   01CF =    463. bytes (REL,CON,CODE)

      Value  Global                              Global Defined In Module
      -----  ---------------------------------   ------------------------
       0C:  3F03  Fkeyboard$_str_2$0$0             
       0C:  3F09  Fkeyboard$_str_3$0$0             
       0C:  3F0F  Fkeyboard$_str_4$0$0             
       0C:  3F15  Ffruit$_str_0$0$0                
       0C:  3F1A  Ffruit$_str_1$0$0                
       0C:  3F1F  Ffruit$_str_2$0$0                
       0C:  3F24  Ffruit$_str_3$0$0                
       0C:  3F29  Ffruit$_str_4$0$0                
       0C:  3F2E  Ffruit$_str_5$0$0                
       0C:  3F33  Ffruit$_str_6$0$0                
       0C:  3F38  Ffruit$_str_7$0$0                
       0C:  3F3D  Ffruit$_str_8$0$0                
       0C:  3F42  Ffruit$_str_9$0$0                
       0C:  3F47  Ffruit$_str_10$0$0               
       0C:  3F4C  Fbdd$_str_0$0$0                  
       0C:  3F5C  Fgameboard$_str_3$0$0            
       0C:  3F61  Fgameboard$_str_6$0$0            
       0C:  3F66  Fgameboard$_str_11$0$0           
       0C:  3F6C  Fgameboard$_str_12$0$0           
       0C:  3F71  Frand$_str_0$0$0                 

ASxxxx Linker V02.00 + NoICE + sdld,  page 198.
Hexadecimal

Area                               Addr   Size   Decimal Bytes (Attributes)
--------------------------------   ----   ----   ------- ----- ------------
XINIT                              3F81   000A =     10. bytes (REL,CON,CODE)

      Value  Global                              Global Defined In Module
      -----  ---------------------------------   ------------------------
       0C:  3F81  Ft6963c$__xinit__t6963c$0$0      
       0C:  3F83  Fstdio_t6963c$__xinit_address$0$0
       0C:  3F85  Fbuffer$__xinit_in$0$0           
       0C:  3F86  Fbuffer$__xinit_out$0$0          
ASxxxx Linker V02.00 + NoICE + sdld,  page 199.

Files Linked                              [ module(s) ]

main.rel                                  [ 
t6963c.rel                                [ 
stdio-t6963c.rel                          [ 
test.rel                                  [ 
buffer.rel                                [ 
snake.rel                                 [ 
keyboard.rel                              [ 
fruit.rel                                 [ 
bdd.rel                                   [ 
gameboard.rel                             [ 
rand.rel                                  [ 


Libraries Linked                          [ object file ]

C:\Program Files (x86)\SDCC\bin\..\lib\l  [ _divuint.rel ]
C:\Program Files (x86)\SDCC\bin\..\lib\l  [ rand.rel ]
C:\Program Files (x86)\SDCC\bin\..\lib\l  [ crtclear.rel ]
C:\Program Files (x86)\SDCC\bin\..\lib\l  [ crtxinit.rel ]
C:\Program Files (x86)\SDCC\bin\..\lib\l  [ _gptrput.rel ]
C:\Program Files (x86)\SDCC\bin\..\lib\l  [ _mulint.rel ]
C:\Program Files (x86)\SDCC\bin\..\lib\l  [ _mullong.rel ]
C:\Program Files (x86)\SDCC\bin\..\lib\l  [ _modsint.rel ]
C:\Program Files (x86)\SDCC\bin\..\lib\l  [ _moduint.rel ]
C:\Program Files (x86)\SDCC\bin\..\lib\l  [ crtxclear.rel ]
C:\Program Files (x86)\SDCC\bin\..\lib\l  [ vprintf.rel ]
C:\Program Files (x86)\SDCC\bin\..\lib\l  [ /0               ]
C:\Program Files (x86)\SDCC\bin\..\lib\l  [ crtpagesfr.rel ]
C:\Program Files (x86)\SDCC\bin\..\lib\l  [ _strlen.rel ]
C:\Program Files (x86)\SDCC\bin\..\lib\l  [ crtstart.rel ]
C:\Program Files (x86)\SDCC\bin\..\lib\l  [ _gptrget.rel ]
C:\Program Files (x86)\SDCC\bin\..\lib\l  [ _startup.rel ]
C:\Program Files (x86)\SDCC\bin\..\lib\l  [ _bp.rel ]

ASxxxx Linker V02.00 + NoICE + sdld,  page 200.

User Base Address Definitions

HOME = 0x0000
XSEG = 0x1000
PSEG = 0x1000
ISEG = 0x0000
BSEG = 0x0000

